Component: ARM Compiler 5.06 update 5 (build 528) Tool: armlink [4d35e2]

==============================================================================

Section Cross References

    startup_stm32f407xx.o(RESET) refers to startup_stm32f407xx.o(STACK) for __initial_sp
    startup_stm32f407xx.o(RESET) refers to startup_stm32f407xx.o(.text) for Reset_Handler
    startup_stm32f407xx.o(RESET) refers to stm32f4xx_it.o(i.NMI_Handler) for NMI_Handler
    startup_stm32f407xx.o(RESET) refers to stm32f4xx_it.o(i.HardFault_Handler) for HardFault_Handler
    startup_stm32f407xx.o(RESET) refers to stm32f4xx_it.o(i.MemManage_Handler) for MemManage_Handler
    startup_stm32f407xx.o(RESET) refers to stm32f4xx_it.o(i.BusFault_Handler) for BusFault_Handler
    startup_stm32f407xx.o(RESET) refers to stm32f4xx_it.o(i.UsageFault_Handler) for UsageFault_Handler
    startup_stm32f407xx.o(RESET) refers to stm32f4xx_it.o(i.SVC_Handler) for SVC_Handler
    startup_stm32f407xx.o(RESET) refers to stm32f4xx_it.o(i.DebugMon_Handler) for DebugMon_Handler
    startup_stm32f407xx.o(RESET) refers to stm32f4xx_it.o(i.PendSV_Handler) for PendSV_Handler
    startup_stm32f407xx.o(RESET) refers to stm32f4xx_it.o(i.SysTick_Handler) for SysTick_Handler
    startup_stm32f407xx.o(RESET) refers to stm32f4xx_it.o(i.EXTI2_IRQHandler) for EXTI2_IRQHandler
    startup_stm32f407xx.o(RESET) refers to stm32f4xx_it.o(i.EXTI4_IRQHandler) for EXTI4_IRQHandler
    startup_stm32f407xx.o(RESET) refers to stm32f4xx_it.o(i.EXTI9_5_IRQHandler) for EXTI9_5_IRQHandler
    startup_stm32f407xx.o(RESET) refers to stm32f4xx_it.o(i.SPI1_IRQHandler) for SPI1_IRQHandler
    startup_stm32f407xx.o(RESET) refers to stm32f4xx_it.o(i.USART1_IRQHandler) for USART1_IRQHandler
    startup_stm32f407xx.o(RESET) refers to stm32f4xx_it.o(i.EXTI15_10_IRQHandler) for EXTI15_10_IRQHandler
    startup_stm32f407xx.o(RESET) refers to stm32f4xx_it.o(i.DMA2_Stream0_IRQHandler) for DMA2_Stream0_IRQHandler
    startup_stm32f407xx.o(RESET) refers to stm32f4xx_it.o(i.DMA2_Stream3_IRQHandler) for DMA2_Stream3_IRQHandler
    startup_stm32f407xx.o(.text) refers to system_stm32f4xx.o(i.SystemInit) for SystemInit
    startup_stm32f407xx.o(.text) refers to entry.o(.ARM.Collect$$$$00000000) for __main
    main.o(i.SystemClock_Config) refers to memseta.o(.text) for __aeabi_memclr4
    main.o(i.SystemClock_Config) refers to stm32f4xx_hal_rcc.o(i.HAL_RCC_OscConfig) for HAL_RCC_OscConfig
    main.o(i.SystemClock_Config) refers to stm32f4xx_hal_rcc.o(i.HAL_RCC_ClockConfig) for HAL_RCC_ClockConfig
    main.o(i.main) refers to stm32f4xx_hal.o(i.HAL_Init) for HAL_Init
    main.o(i.main) refers to main.o(i.SystemClock_Config) for SystemClock_Config
    main.o(i.main) refers to gpio.o(i.MX_GPIO_Init) for MX_GPIO_Init
    main.o(i.main) refers to dma.o(i.MX_DMA_Init) for MX_DMA_Init
    main.o(i.main) refers to sdio.o(i.MX_SDIO_SD_Init) for MX_SDIO_SD_Init
    main.o(i.main) refers to spi.o(i.MX_SPI1_Init) for MX_SPI1_Init
    main.o(i.main) refers to tim.o(i.MX_TIM3_Init) for MX_TIM3_Init
    main.o(i.main) refers to usart.o(i.MX_USART1_UART_Init) for MX_USART1_UART_Init
    main.o(i.main) refers to i2c.o(i.MX_I2C1_Init) for MX_I2C1_Init
    main.o(i.main) refers to fatfs.o(i.MX_FATFS_Init) for MX_FATFS_Init
    main.o(i.main) refers to pir.o(i.PIR_init) for PIR_init
    main.o(i.main) refers to led.o(i.led_blink) for led_blink
    main.o(i.main) refers to tft.o(i.tft_init) for tft_init
    main.o(i.main) refers to esp8266.o(i.requestTemperature) for requestTemperature
    main.o(i.main) refers to ws2812.o(i.ws2812_start_search_panel) for ws2812_start_search_panel
    main.o(i.main) refers to ui.o(i.UI_init) for UI_init
    main.o(i.main) refers to stm32f4xx_hal.o(i.HAL_GetTick) for HAL_GetTick
    main.o(i.main) refers to ui.o(i.UI_update) for UI_update
    main.o(i.main) refers to rgb.o(i.rgb_update) for rgb_update
    main.o(i.main) refers to tft.o(i.tft_update) for tft_update
    main.o(i.main) refers to ws2812.o(i.ws2812_update) for ws2812_update
    main.o(i.main) refers to led.o(i.led_update) for led_update
    main.o(i.main) refers to button.o(i.button_update) for button_update
    main.o(i.main) refers to esp8266.o(i.esp_update) for esp_update
    main.o(i.main) refers to gy39.o(i.gy39_update) for gy39_update
    main.o(i.main) refers to main.o(.data) for .data
    gpio.o(i.MX_GPIO_Init) refers to memseta.o(.text) for __aeabi_memclr4
    gpio.o(i.MX_GPIO_Init) refers to stm32f4xx_hal_gpio.o(i.HAL_GPIO_WritePin) for HAL_GPIO_WritePin
    gpio.o(i.MX_GPIO_Init) refers to stm32f4xx_hal_gpio.o(i.HAL_GPIO_Init) for HAL_GPIO_Init
    gpio.o(i.MX_GPIO_Init) refers to stm32f4xx_hal_cortex.o(i.HAL_NVIC_SetPriority) for HAL_NVIC_SetPriority
    gpio.o(i.MX_GPIO_Init) refers to stm32f4xx_hal_cortex.o(i.HAL_NVIC_EnableIRQ) for HAL_NVIC_EnableIRQ
    dma.o(i.MX_DMA_Init) refers to stm32f4xx_hal_cortex.o(i.HAL_NVIC_SetPriority) for HAL_NVIC_SetPriority
[...]
    .constdata                               0x080075e0   Section      156  ff.o(.constdata)
    ExCvt                                    0x080075e0   Data         128  ff.o(.constdata)
    cst                                      0x08007660   Data          14  ff.o(.constdata)
    cst32                                    0x0800766e   Data          14  ff.o(.constdata)
    .conststring                             0x0800767c   Section      397  weather_widget.o(.conststring)
    .data                                    0x20000000   Section        4  main.o(.data)
    last_tft_ticks                           0x20000000   Data           4  main.o(.data)
    .data                                    0x20000004   Section        1  sd_diskio.o(.data)
    Stat                                     0x20000004   Data           1  sd_diskio.o(.data)
    .data                                    0x20000005   Section        5  fatfs.o(.data)
    .data                                    0x2000000c   Section       12  stm32f4xx_hal.o(.data)
    .data                                    0x20000018   Section        4  system_stm32f4xx.o(.data)
    .data                                    0x2000001c   Section      112  button.o(.data)
    last_button_ticks                        0x2000001c   Data           4  button.o(.data)
    BUTTONS                                  0x20000020   Data         108  button.o(.data)
    .data                                    0x2000008c   Section       52  led.o(.data)
    last_led_ticks                           0x2000008c   Data           4  led.o(.data)
    LEDS                                     0x20000090   Data          48  led.o(.data)
    .data                                    0x200000c0   Section     3604  tft.o(.data)
    last_tft_ticks                           0x200000d0   Data           4  tft.o(.data)
    .data                                    0x20000ed4   Section        1  pir.o(.data)
    .data                                    0x20000ed8   Section       36  esp8266.o(.data)
    last_tft_ticks                           0x20000ef4   Data           4  esp8266.o(.data)
    tx_buff                                  0x20000ef8   Data           4  esp8266.o(.data)
    .data                                    0x20000efc   Section       20  epochtonormal.o(.data)
    timeSet                                  0x20000f00   Data           4  epochtonormal.o(.data)
    tickSet                                  0x20000f04   Data           4  epochtonormal.o(.data)
    t                                        0x20000f08   Data           8  epochtonormal.o(.data)
    .data                                    0x20000f10   Section       20  gy39.o(.data)
    temperature                              0x20000f10   Data           2  gy39.o(.data)
    humidity                                 0x20000f12   Data           2  gy39.o(.data)
    altitude                                 0x20000f14   Data           2  gy39.o(.data)
    last_gy39_ticks                          0x20000f18   Data           4  gy39.o(.data)
    lux                                      0x20000f1c   Data           4  gy39.o(.data)
    pressure                                 0x20000f20   Data           4  gy39.o(.data)
    .data                                    0x20000f24   Section        1  file.o(.data)
    is_card_exist                            0x20000f24   Data           1  file.o(.data)
    .data                                    0x20000f28   Section      723  ws2812.o(.data)
    brightness                               0x20000f28   Data           1  ws2812.o(.data)
    SCL_PORT                                 0x20000f30   Data           8  ws2812.o(.data)
    DIR_PORT                                 0x20000f38   Data           8  ws2812.o(.data)
    displayLetters                           0x20000f40   Data         699  ws2812.o(.data)
    .data                                    0x200011fc   Section        8  ff.o(.data)
    Fsid                                     0x200011fc   Data           2  ff.o(.data)
    FatFs                                    0x20001200   Data           4  ff.o(.data)
    .data                                    0x20001204   Section      112  weather_widget.o(.data)
    Location_str                             0x20001208   Data         108  weather_widget.o(.data)
    .data                                    0x20001274   Section        2  ui.o(.data)
    past                                     0x20001275   Data           1  ui.o(.data)
    .data                                    0x20001276   Section        6  rgb.o(.data)
    last_day                                 0x20001276   Data           1  rgb.o(.data)
    oldhour                                  0x20001277   Data           1  rgb.o(.data)
    oldminute                                0x20001278   Data           1  rgb.o(.data)
    oldhour                                  0x20001279   Data           1  rgb.o(.data)
    oldminute                                0x2000127a   Data           1  rgb.o(.data)
    oldSecond                                0x2000127b   Data           1  rgb.o(.data)
    .bss                                     0x2000127c   Section      168  i2c.o(.bss)
    .bss                                     0x20001324   Section      132  sdio.o(.bss)
    .bss                                     0x200013a8   Section      280  spi.o(.bss)
    .bss                                     0x200014c0   Section       64  tim.o(.bss)
    .bss                                     0x20001500   Section       64  usart.o(.bss)
    .bss                                     0x20001540   Section    34480  tft.o(.bss)
    tft_dma_bufs                             0x20004bf0   Data       20480  tft.o(.bss)
    .bss                                     0x20009bf0   Section       30  esp8266.o(.bss)
    .bss                                     0x20009c10   Section     4148  file.o(.bss)
    SD_Card                                  0x20009c10   Data        4148  file.o(.bss)
    .bss                                     0x2000ac44   Section      816  ws2812.o(.bss)
    .bss                                     0x2000af74   Section       32  ff.o(.bss)
    Files                                    0x2000af74   Data          32  ff.o(.bss)
    .bss                                     0x2000af94   Section       12  ff_gen_drv.o(.bss)
    .bss                                     0x2000afa0   Section      350  weather_widget.o(.bss)
    STACK                                    0x2000b100   Section     1024  startup_stm32f407xx.o(STACK)

    Global Symbols

    Symbol Name                              Value     Ov Type        Size  Object(Section)

    BuildAttributes$$THM_ISAv4$E$P$D$K$B$S$7EM$VFPi3$EXTD16$VFPS$VFMA$PE$A:L22UL41UL21$X:L11$S22US41US21$IEEE1$IW$USESV6$~STKCKD$USESV7$~SHL$OSPACE$EBA8$MICROLIB$REQ8$PRES8$EABIv2 0x00000000   Number         0  anon$$obj.o ABSOLUTE
    __ARM_use_no_argv                        0x00000000   Number         0  main.o ABSOLUTE
    __cpp_initialize__aeabi_                  - Undefined Weak Reference
    __cxa_finalize                            - Undefined Weak Reference
    _clock_init                               - Undefined Weak Reference
    _microlib_exit                            - Undefined Weak Reference
    __Vectors_Size                           0x00000188   Number         0  startup_stm32f407xx.o ABSOLUTE
    __Vectors                                0x08000000   Data           4  startup_stm32f407xx.o(RESET)
    __Vectors_End                            0x08000188   Data           0  startup_stm32f407xx.o(RESET)
    __main                                   0x08000189   Thumb Code     0  entry.o(.ARM.Collect$$$$00000000)
    _main_stk                                0x08000189   Thumb Code     0  entry2.o(.ARM.Collect$$$$00000001)
    _main_scatterload                        0x0800018d   Thumb Code     0  entry5.o(.ARM.Collect$$$$00000004)
    __main_after_scatterload                 0x08000191   Thumb Code     0  entry5.o(.ARM.Collect$$$$00000004)
    _main_clock                              0x08000191   Thumb Code     0  entry7b.o(.ARM.Collect$$$$00000008)
    _main_cpp_init                           0x08000191   Thumb Code     0  entry8b.o(.ARM.Collect$$$$0000000A)
    _main_init                               0x08000191   Thumb Code     0  entry9a.o(.ARM.Collect$$$$0000000B)
    __rt_final_cpp                           0x08000199   Thumb Code     0  entry10a.o(.ARM.Collect$$$$0000000D)
    __rt_final_exit                          0x08000199   Thumb Code     0  entry11a.o(.ARM.Collect$$$$0000000F)
    Reset_Handler                            0x0800019d   Thumb Code     8  startup_stm32f407xx.o(.text)
    ADC_IRQHandler                           0x080001b7   Thumb Code     0  startup_stm32f407xx.o(.text)
    CAN1_RX0_IRQHandler                      0x080001b7   Thumb Code     0  startup_stm32f407xx.o(.text)
    CAN1_RX1_IRQHandler                      0x080001b7   Thumb Code     0  startup_stm32f407xx.o(.text)
    CAN1_SCE_IRQHandler                      0x080001b7   Thumb Code     0  startup_stm32f407xx.o(.text)
    CAN1_TX_IRQHandler                       0x080001b7   Thumb Code     0  startup_stm32f407xx.o(.text)
    CAN2_RX0_IRQHandler                      0x080001b7   Thumb Code     0  startup_stm32f407xx.o(.text)
    CAN2_RX1_IRQHandler                      0x080001b7   Thumb Code     0  startup_stm32f407xx.o(.text)
    CAN2_SCE_IRQHandler                      0x080001b7   Thumb Code     0  startup_stm32f407xx.o(.text)
    CAN2_TX_IRQHandler                       0x080001b7   Thumb Code     0  startup_stm32f407xx.o(.text)
    DCMI_IRQHandler                          0x080001b7   Thumb Code     0  startup_stm32f407xx.o(.text)
    DMA1_Stream0_IRQHandler                  0x080001b7   Thumb Code     0  startup_stm32f407xx.o(.text)
    DMA1_Stream1_IRQHandler                  0x080001b7   Thumb Code     0  startup_stm32f407xx.o(.text)
    DMA1_Stream2_IRQHandler                  0x080001b7   Thumb Code     0  startup_stm32f407xx.o(.text)
    DMA1_Stream3_IRQHandler                  0x080001b7   Thumb Code     0  startup_stm32f407xx.o(.text)
    DMA1_Stream4_IRQHandler                  0x080001b7   Thumb Code     0  startup_stm32f407xx.o(.text)
    DMA1_Stream5_IRQHandler                  0x080001b7   Thumb Code     0  startup_stm32f407xx.o(.text)
    DMA1_Stream6_IRQHandler                  0x080001b7   Thumb Code     0  startup_stm32f407xx.o(.text)
    DMA1_Stream7_IRQHandler                  0x080001b7   Thumb Code     0  startup_stm32f407xx.o(.text)
    DMA2_Stream1_IRQHandler                  0x080001b7   Thumb Code     0  startup_stm32f407xx.o(.text)
    DMA2_Stream2_IRQHandler                  0x080001b7   Thumb Code     0  startup_stm32f407xx.o(.text)
    DMA2_Stream4_IRQHandler                  0x080001b7   Thumb Code     0  startup_stm32f407xx.o(.text)
    DMA2_Stream5_IRQHandler                  0x080001b7   Thumb Code     0  startup_stm32f407xx.o(.text)
    DMA2_Stream6_IRQHandler                  0x080001b7   Thumb Code     0  startup_stm32f407xx.o(.text)
    DMA2_Stream7_IRQHandler                  0x080001b7   Thumb Code     0  startup_stm32f407xx.o(.text)
    ETH_IRQHandler                           0x080001b7   Thumb Code     0  startup_stm32f407xx.o(.text)
    ETH_WKUP_IRQHandler                      0x080001b7   Thumb Code     0  startup_stm32f407xx.o(.text)
    EXTI0_IRQHandler                         0x080001b7   Thumb Code     0  startup_stm32f407xx.o(.text)
    EXTI1_IRQHandler                         0x080001b7   Thumb Code     0  startup_stm32f407xx.o(.text)
    EXTI3_IRQHandler                         0x080001b7   Thumb Code     0  startup_stm32f407xx.o(.text)
    FLASH_IRQHandler                         0x080001b7   Thumb Code     0  startup_stm32f407xx.o(.text)
    FMC_IRQHandler                           0x080001b7   Thumb Code     0  startup_stm32f407xx.o(.text)
    FPU_IRQHandler                           0x080001b7   Thumb Code     0  startup_stm32f407xx.o(.text)
    HASH_RNG_IRQHandler                      0x080001b7   Thumb Code     0  startup_stm32f407xx.o(.text)
    I2C1_ER_IRQHandler                       0x080001b7   Thumb Code     0  startup_stm32f407xx.o(.text)
    I2C1_EV_IRQHandler                       0x080001b7   Thumb Code     0  startup_stm32f407xx.o(.text)
    I2C2_ER_IRQHandler                       0x080001b7   Thumb Code     0  startup_stm32f407xx.o(.text)
    I2C2_EV_IRQHandler                       0x080001b7   Thumb Code     0  startup_stm32f407xx.o(.text)
    I2C3_ER_IRQHandler                       0x080001b7   Thumb Code     0  startup_stm32f407xx.o(.text)
    I2C3_EV_IRQHandler                       0x080001b7   Thumb Code     0  startup_stm32f407xx.o(.text)
    OTG_FS_IRQHandler                        0x080001b7   Thumb Code     0  startup_stm32f407xx.o(.text)
    OTG_FS_WKUP_IRQHandler                   0x080001b7   Thumb Code     0  startup_stm32f407xx.o(.text)
    OTG_HS_EP1_IN_IRQHandler                 0x080001b7   Thumb Code     0  startup_stm32f407xx.o(.text)
    OTG_HS_EP1_OUT_IRQHandler                0x080001b7   Thumb Code     0  startup_stm32f407xx.o(.text)
    OTG_HS_IRQHandler                        0x080001b7   Thumb Code     0  startup_stm32f407xx.o(.text)
    OTG_HS_WKUP_IRQHandler                   0x080001b7   Thumb Code     0  startup_stm32f407xx.o(.text)
    PVD_IRQHandler                           0x080001b7   Thumb Code     0  startup_stm32f407xx.o(.text)
    RCC_IRQHandler                           0x080001b7   Thumb Code     0  startup_stm32f407xx.o(.text)
    RTC_Alarm_IRQHandler                     0x080001b7   Thumb Code     0  startup_stm32f407xx.o(.text)
    RTC_WKUP_IRQHandler                      0x080001b7   Thumb Code     0  startup_stm32f407xx.o(.text)
    SDIO_IRQHandler                          0x080001b7   Thumb Code     0  startup_stm32f407xx.o(.text)
    SPI2_IRQHandler                          0x080001b7   Thumb Code     0  startup_stm32f407xx.o(.text)
    SPI3_IRQHandler                          0x080001b7   Thumb Code     0  startup_stm32f407xx.o(.text)
    TAMP_STAMP_IRQHandler                    0x080001b7   Thumb Code     0  startup_stm32f407xx.o(.text)
    TIM1_BRK_TIM9_IRQHandler                 0x080001b7   Thumb Code     0  startup_stm32f407xx.o(.text)
    TIM1_CC_IRQHandler                       0x080001b7   Thumb Code     0  startup_stm32f407xx.o(.text)
    TIM1_TRG_COM_TIM11_IRQHandler            0x080001b7   Thumb Code     0  startup_stm32f407xx.o(.text)
    TIM1_UP_TIM10_IRQHandler                 0x080001b7   Thumb Code     0  startup_stm32f407xx.o(.text)
    TIM2_IRQHandler                          0x080001b7   Thumb Code     0  startup_stm32f407xx.o(.text)
    TIM3_IRQHandler                          0x080001b7   Thumb Code     0  startup_stm32f407xx.o(.text)
    TIM4_IRQHandler                          0x080001b7   Thumb Code     0  startup_stm32f407xx.o(.text)
    TIM5_IRQHandler                          0x080001b7   Thumb Code     0  startup_stm32f407xx.o(.text)
    TIM6_DAC_IRQHandler                      0x080001b7   Thumb Code     0  startup_stm32f407xx.o(.text)
    TIM7_IRQHandler                          0x080001b7   Thumb Code     0  startup_stm32f407xx.o(.text)
    TIM8_BRK_TIM12_IRQHandler                0x080001b7   Thumb Code     0  startup_stm32f407xx.o(.text)
    TIM8_CC_IRQHandler                       0x080001b7   Thumb Code     0  startup_stm32f407xx.o(.text)
    TIM8_TRG_COM_TIM14_IRQHandler            0x080001b7   Thumb Code     0  startup_stm32f407xx.o(.text)
    TIM8_UP_TIM13_IRQHandler                 0x080001b7   Thumb Code     0  startup_stm32f407xx.o(.text)
    UART4_IRQHandler                         0x080001b7   Thumb Code     0  startup_stm32f407xx.o(.text)
    UART5_IRQHandler                         0x080001b7   Thumb Code     0  startup_stm32f407xx.o(.text)
    USART2_IRQHandler                        0x080001b7   Thumb Code     0  startup_stm32f407xx.o(.text)
    USART3_IRQHandler                        0x080001b7   Thumb Code     0  startup_stm32f407xx.o(.text)
    USART6_IRQHandler                        0x080001b7   Thumb Code     0  startup_stm32f407xx.o(.text)
    WWDG_IRQHandler                          0x080001b7   Thumb Code     0  startup_stm32f407xx.o(.text)
    __aeabi_uldivmod                         0x080001c1   Thumb Code    98  uldiv.o(.text)
    __aeabi_memset                           0x08000223   Thumb Code    14  memseta.o(.text)
    __aeabi_memset4                          0x08000223   Thumb Code     0  memseta.o(.text)
    __aeabi_memset8                          0x08000223   Thumb Code     0  memseta.o(.text)
    __aeabi_memclr                           0x08000231   Thumb Code     4  memseta.o(.text)
    __aeabi_memclr4                          0x08000231   Thumb Code     0  memseta.o(.text)
    __aeabi_memclr8                          0x08000231   Thumb Code     0  memseta.o(.text)
    _memset$wrapper                          0x08000235   Thumb Code    18  memseta.o(.text)
    __aeabi_llsl                             0x08000247   Thumb Code    30  llshl.o(.text)
    _ll_shift_l                              0x08000247   Thumb Code     0  llshl.o(.text)
    __aeabi_llsr                             0x08000265   Thumb Code    32  llushr.o(.text)
    _ll_ushift_r                             0x08000265   Thumb Code     0  llushr.o(.text)
    __scatterload                            0x08000285   Thumb Code    28  init.o(.text)
    __scatterload_rt2                        0x08000285   Thumb Code     0  init.o(.text)
    __decompress                             0x080002a9   Thumb Code     0  __dclz77c.o(.text)
    __decompress2                            0x080002a9   Thumb Code    94  __dclz77c.o(.text)
    BSP_SD_GetCardInfo                       0x08000309   Thumb Code     8  bsp_driver_sd.o(i.BSP_SD_GetCardInfo)
    BSP_SD_GetCardState                      0x08000315   Thumb Code    20  bsp_driver_sd.o(i.BSP_SD_GetCardState)
    BSP_SD_Init                              0x0800032d   Thumb Code    48  bsp_driver_sd.o(i.BSP_SD_Init)
    BSP_SD_ReadBlocks                        0x08000361   Thumb Code    26  bsp_driver_sd.o(i.BSP_SD_ReadBlocks)
    BSP_SD_WriteBlocks                       0x08000381   Thumb Code    26  bsp_driver_sd.o(i.BSP_SD_WriteBlocks)
    BusFault_Handler                         0x080003a1   Thumb Code     2  stm32f4xx_it.o(i.BusFault_Handler)
    DMA2_Stream0_IRQHandler                  0x080003a5   Thumb Code     6  stm32f4xx_it.o(i.DMA2_Stream0_IRQHandler)
    DMA2_Stream3_IRQHandler                  0x080003b1   Thumb Code     6  stm32f4xx_it.o(i.DMA2_Stream3_IRQHandler)
    DebugMon_Handler                         0x08000439   Thumb Code     2  stm32f4xx_it.o(i.DebugMon_Handler)
    EXTI15_10_IRQHandler                     0x0800043d   Thumb Code    44  stm32f4xx_it.o(i.EXTI15_10_IRQHandler)
    EXTI2_IRQHandler                         0x0800046d   Thumb Code    28  stm32f4xx_it.o(i.EXTI2_IRQHandler)
    EXTI4_IRQHandler                         0x0800048d   Thumb Code    28  stm32f4xx_it.o(i.EXTI4_IRQHandler)
    EXTI9_5_IRQHandler                       0x080004ad   Thumb Code    28  stm32f4xx_it.o(i.EXTI9_5_IRQHandler)
    Error_Handler                            0x080004cd   Thumb Code     2  main.o(i.Error_Handler)
    FATFS_LinkDriver                         0x080004cf   Thumb Code     6  ff_gen_drv.o(i.FATFS_LinkDriver)
    FATFS_LinkDriverEx                       0x080004d5   Thumb Code    58  ff_gen_drv.o(i.FATFS_LinkDriverEx)
    HAL_DMA_Abort_IT                         0x08000515   Thumb Code    36  stm32f4xx_hal_dma.o(i.HAL_DMA_Abort_IT)
    HAL_DMA_IRQHandler                       0x08000539   Thumb Code   412  stm32f4xx_hal_dma.o(i.HAL_DMA_IRQHandler)
    HAL_DMA_Init                             0x080006d9   Thumb Code   206  stm32f4xx_hal_dma.o(i.HAL_DMA_Init)
    HAL_Delay                                0x080007ad   Thumb Code    32  stm32f4xx_hal.o(i.HAL_Delay)
    HAL_GPIO_DeInit                          0x080007d1   Thumb Code   290  stm32f4xx_hal_gpio.o(i.HAL_GPIO_DeInit)
    HAL_GPIO_EXTI_Callback                   0x0800091d   Thumb Code     2  stm32f4xx_hal_gpio.o(i.HAL_GPIO_EXTI_Callback)
    HAL_GPIO_Init                            0x08000921   Thumb Code   388  stm32f4xx_hal_gpio.o(i.HAL_GPIO_Init)
    HAL_GPIO_ReadPin                         0x08000ad1   Thumb Code    10  stm32f4xx_hal_gpio.o(i.HAL_GPIO_ReadPin)
    HAL_GPIO_TogglePin                       0x08000adb   Thumb Code    14  stm32f4xx_hal_gpio.o(i.HAL_GPIO_TogglePin)
    HAL_GPIO_WritePin                        0x08000ae9   Thumb Code    10  stm32f4xx_hal_gpio.o(i.HAL_GPIO_WritePin)
    HAL_GetTick                              0x08000af5   Thumb Code     6  stm32f4xx_hal.o(i.HAL_GetTick)
    HAL_I2C_Init                             0x08000b01   Thumb Code   356  stm32f4xx_hal_i2c.o(i.HAL_I2C_Init)
    HAL_I2C_Master_Receive                   0x08000c75   Thumb Code   468  stm32f4xx_hal_i2c.o(i.HAL_I2C_Master_Receive)
    HAL_I2C_Master_Transmit                  0x08000e55   Thumb Code   290  stm32f4xx_hal_i2c.o(i.HAL_I2C_Master_Transmit)
    HAL_I2C_Mem_Read                         0x08000f81   Thumb Code   490  stm32f4xx_hal_i2c.o(i.HAL_I2C_Mem_Read)
    HAL_I2C_MspInit                          0x08001179   Thumb Code   142  i2c.o(i.HAL_I2C_MspInit)
    HAL_IncTick                              0x08001219   Thumb Code    12  stm32f4xx_hal.o(i.HAL_IncTick)
    HAL_Init                                 0x08001229   Thumb Code    48  stm32f4xx_hal.o(i.HAL_Init)
    HAL_InitTick                             0x0800125d   Thumb Code    54  stm32f4xx_hal.o(i.HAL_InitTick)
    HAL_MspInit                              0x0800129d   Thumb Code    42  stm32f4xx_hal_msp.o(i.HAL_MspInit)
    HAL_NVIC_EnableIRQ                       0x080012cd   Thumb Code    26  stm32f4xx_hal_cortex.o(i.HAL_NVIC_EnableIRQ)
    HAL_NVIC_SetPriority                     0x080012e9   Thumb Code    60  stm32f4xx_hal_cortex.o(i.HAL_NVIC_SetPriority)
    HAL_NVIC_SetPriorityGrouping             0x08001329   Thumb Code    26  stm32f4xx_hal_cortex.o(i.HAL_NVIC_SetPriorityGrouping)
    HAL_RCC_ClockConfig                      0x0800134d   Thumb Code   286  stm32f4xx_hal_rcc.o(i.HAL_RCC_ClockConfig)
    HAL_RCC_GetPCLK1Freq                     0x0800147d   Thumb Code    20  stm32f4xx_hal_rcc.o(i.HAL_RCC_GetPCLK1Freq)
    HAL_RCC_GetPCLK2Freq                     0x0800149d   Thumb Code    20  stm32f4xx_hal_rcc.o(i.HAL_RCC_GetPCLK2Freq)
    HAL_RCC_GetSysClockFreq                  0x080014bd   Thumb Code    88  stm32f4xx_hal_rcc.o(i.HAL_RCC_GetSysClockFreq)
    HAL_RCC_OscConfig                        0x0800151d   Thumb Code   770  stm32f4xx_hal_rcc.o(i.HAL_RCC_OscConfig)
    HAL_SD_ConfigWideBusOperation            0x08001839   Thumb Code   120  stm32f4xx_hal_sd.o(i.HAL_SD_ConfigWideBusOperation)
    HAL_SD_GetCardCSD                        0x080018b1   Thumb Code   474  stm32f4xx_hal_sd.o(i.HAL_SD_GetCardCSD)
    HAL_SD_GetCardInfo                       0x08001a8b   Thumb Code    36  stm32f4xx_hal_sd.o(i.HAL_SD_GetCardInfo)
    HAL_SD_GetCardState                      0x08001aaf   Thumb Code    44  stm32f4xx_hal_sd.o(i.HAL_SD_GetCardState)
    HAL_SD_Init                              0x08001adb   Thumb Code    54  stm32f4xx_hal_sd.o(i.HAL_SD_Init)
    HAL_SD_InitCard                          0x08001b11   Thumb Code    80  stm32f4xx_hal_sd.o(i.HAL_SD_InitCard)
    HAL_SD_MspInit                           0x08001b65   Thumb Code   130  sdio.o(i.HAL_SD_MspInit)
    HAL_SD_ReadBlocks                        0x08001bf9   Thumb Code   434  stm32f4xx_hal_sd.o(i.HAL_SD_ReadBlocks)
    HAL_SD_WriteBlocks                       0x08001dad   Thumb Code   410  stm32f4xx_hal_sd.o(i.HAL_SD_WriteBlocks)
    HAL_SPI_ErrorCallback                    0x08001f47   Thumb Code     2  stm32f4xx_hal_spi.o(i.HAL_SPI_ErrorCallback)
    HAL_SPI_GetState                         0x08001f49   Thumb Code     6  stm32f4xx_hal_spi.o(i.HAL_SPI_GetState)
    HAL_SPI_IRQHandler                       0x08001f51   Thumb Code   246  stm32f4xx_hal_spi.o(i.HAL_SPI_IRQHandler)
    HAL_SPI_Init                             0x0800204d   Thumb Code   128  stm32f4xx_hal_spi.o(i.HAL_SPI_Init)
    HAL_SPI_MspInit                          0x080020cd   Thumb Code   210  spi.o(i.HAL_SPI_MspInit)
    HAL_SPI_Transmit                         0x080021b5   Thumb Code   348  stm32f4xx_hal_spi.o(i.HAL_SPI_Transmit)
    HAL_SYSTICK_Config                       0x08002311   Thumb Code    40  stm32f4xx_hal_cortex.o(i.HAL_SYSTICK_Config)
    HAL_TIMEx_MasterConfigSynchronization    0x08002339   Thumb Code    66  stm32f4xx_hal_tim_ex.o(i.HAL_TIMEx_MasterConfigSynchronization)
    HAL_TIM_Base_Init                        0x0800237b   Thumb Code    54  stm32f4xx_hal_tim.o(i.HAL_TIM_Base_Init)
    HAL_TIM_Base_MspInit                     0x080023b1   Thumb Code    30  tim.o(i.HAL_TIM_Base_MspInit)
    HAL_TIM_ConfigClockSource                0x080023d9   Thumb Code   214  stm32f4xx_hal_tim.o(i.HAL_TIM_ConfigClockSource)
    HAL_TIM_MspPostInit                      0x080024b1   Thumb Code    70  tim.o(i.HAL_TIM_MspPostInit)
    HAL_TIM_PWM_ConfigChannel                0x08002505   Thumb Code   208  stm32f4xx_hal_tim.o(i.HAL_TIM_PWM_ConfigChannel)
    HAL_TIM_PWM_Init                         0x080025d5   Thumb Code    54  stm32f4xx_hal_tim.o(i.HAL_TIM_PWM_Init)
    HAL_TIM_PWM_MspInit                      0x0800260b   Thumb Code     2  stm32f4xx_hal_tim.o(i.HAL_TIM_PWM_MspInit)
    HAL_TIM_PWM_Start                        0x0800260d   Thumb Code    58  stm32f4xx_hal_tim.o(i.HAL_TIM_PWM_Start)
    HAL_UART_ErrorCallback                   0x08002651   Thumb Code     2  stm32f4xx_hal_uart.o(i.HAL_UART_ErrorCallback)
    HAL_UART_IRQHandler                      0x08002655   Thumb Code   266  stm32f4xx_hal_uart.o(i.HAL_UART_IRQHandler)
    HAL_UART_Init                            0x08002765   Thumb Code    98  stm32f4xx_hal_uart.o(i.HAL_UART_Init)
    HAL_UART_MspInit                         0x080027c9   Thumb Code   108  usart.o(i.HAL_UART_MspInit)
    HAL_UART_Receive                         0x08002841   Thumb Code   184  stm32f4xx_hal_uart.o(i.HAL_UART_Receive)
    HAL_UART_Receive_IT                      0x080028f9   Thumb Code    82  stm32f4xx_hal_uart.o(i.HAL_UART_Receive_IT)
    HAL_UART_RxCpltCallback                  0x0800294d   Thumb Code    12  esp8266.o(i.HAL_UART_RxCpltCallback)
    HAL_UART_Transmit_IT                     0x0800295d   Thumb Code    62  stm32f4xx_hal_uart.o(i.HAL_UART_Transmit_IT)
    HAL_UART_TxCpltCallback                  0x0800299b   Thumb Code     2  stm32f4xx_hal_uart.o(i.HAL_UART_TxCpltCallback)
    HardFault_Handler                        0x0800299d   Thumb Code     2  stm32f4xx_it.o(i.HardFault_Handler)
    MX_DMA_Init                              0x08002e0d   Thumb Code    56  dma.o(i.MX_DMA_Init)
    MX_FATFS_Init                            0x08002e49   Thumb Code    18  fatfs.o(i.MX_FATFS_Init)
    MX_GPIO_Init                             0x08002e65   Thumb Code   394  gpio.o(i.MX_GPIO_Init)
    MX_I2C1_Init                             0x08003015   Thumb Code    50  i2c.o(i.MX_I2C1_Init)
    MX_I2C2_Init                             0x08003055   Thumb Code    50  i2c.o(i.MX_I2C2_Init)
    MX_SDIO_SD_Init                          0x08003095   Thumb Code    22  sdio.o(i.MX_SDIO_SD_Init)
    MX_SPI1_Init                             0x080030b5   Thumb Code    60  spi.o(i.MX_SPI1_Init)
    MX_TIM3_Init                             0x080030f9   Thumb Code   146  tim.o(i.MX_TIM3_Init)
    MX_USART1_UART_Init                      0x08003195   Thumb Code    48  usart.o(i.MX_USART1_UART_Init)
    MemManage_Handler                        0x080031cd   Thumb Code     2  stm32f4xx_it.o(i.MemManage_Handler)
    NMI_Handler                              0x080031cf   Thumb Code     2  stm32f4xx_it.o(i.NMI_Handler)
    PIR_init                                 0x080031d1   Thumb Code    16  pir.o(i.PIR_init)
    PIR_interrupt_handle                     0x080031e9   Thumb Code    16  pir.o(i.PIR_interrupt_handle)
    PendSV_Handler                           0x08003201   Thumb Code     2  stm32f4xx_it.o(i.PendSV_Handler)
    SDIO_ConfigData                          0x08003203   Thumb Code    36  stm32f4xx_ll_sdmmc.o(i.SDIO_ConfigData)
    SDIO_GetPowerState                       0x08003227   Thumb Code     8  stm32f4xx_ll_sdmmc.o(i.SDIO_GetPowerState)
    SDIO_GetResponse                         0x0800322f   Thumb Code    12  stm32f4xx_ll_sdmmc.o(i.SDIO_GetResponse)
    SDIO_Init                                0x0800323b   Thumb Code    36  stm32f4xx_ll_sdmmc.o(i.SDIO_Init)
    SDIO_PowerState_ON                       0x0800325f   Thumb Code     8  stm32f4xx_ll_sdmmc.o(i.SDIO_PowerState_ON)
    SDIO_ReadFIFO                            0x08003267   Thumb Code     6  stm32f4xx_ll_sdmmc.o(i.SDIO_ReadFIFO)
    SDIO_SendCommand                         0x0800326d   Thumb Code    32  stm32f4xx_ll_sdmmc.o(i.SDIO_SendCommand)
    SDIO_WriteFIFO                           0x0800328d   Thumb Code    10  stm32f4xx_ll_sdmmc.o(i.SDIO_WriteFIFO)
    SDMMC_CmdAppCommand                      0x08003297   Thumb Code    50  stm32f4xx_ll_sdmmc.o(i.SDMMC_CmdAppCommand)
    SDMMC_CmdAppOperCommand                  0x080032c9   Thumb Code    48  stm32f4xx_ll_sdmmc.o(i.SDMMC_CmdAppOperCommand)
    SDMMC_CmdBlockLength                     0x080032fd   Thumb Code    50  stm32f4xx_ll_sdmmc.o(i.SDMMC_CmdBlockLength)
    SDMMC_CmdBusWidth                        0x0800332f   Thumb Code    50  stm32f4xx_ll_sdmmc.o(i.SDMMC_CmdBusWidth)
    SDMMC_CmdGoIdleState                     0x08003361   Thumb Code    76  stm32f4xx_ll_sdmmc.o(i.SDMMC_CmdGoIdleState)
    SDMMC_CmdOperCond                        0x080033b1   Thumb Code    98  stm32f4xx_ll_sdmmc.o(i.SDMMC_CmdOperCond)
    SDMMC_CmdReadMultiBlock                  0x08003419   Thumb Code    50  stm32f4xx_ll_sdmmc.o(i.SDMMC_CmdReadMultiBlock)
    SDMMC_CmdReadSingleBlock                 0x0800344b   Thumb Code    50  stm32f4xx_ll_sdmmc.o(i.SDMMC_CmdReadSingleBlock)
    SDMMC_CmdSelDesel                        0x0800347d   Thumb Code    50  stm32f4xx_ll_sdmmc.o(i.SDMMC_CmdSelDesel)
    SDMMC_CmdSendCID                         0x080034af   Thumb Code    44  stm32f4xx_ll_sdmmc.o(i.SDMMC_CmdSendCID)
    SDMMC_CmdSendCSD                         0x080034db   Thumb Code    44  stm32f4xx_ll_sdmmc.o(i.SDMMC_CmdSendCSD)
    SDMMC_CmdSendSCR                         0x08003507   Thumb Code    48  stm32f4xx_ll_sdmmc.o(i.SDMMC_CmdSendSCR)
    SDMMC_CmdSendStatus                      0x08003537   Thumb Code    50  stm32f4xx_ll_sdmmc.o(i.SDMMC_CmdSendStatus)
    SDMMC_CmdSetRelAdd                       0x08003569   Thumb Code    48  stm32f4xx_ll_sdmmc.o(i.SDMMC_CmdSetRelAdd)
    SDMMC_CmdStopTransfer                    0x08003599   Thumb Code    46  stm32f4xx_ll_sdmmc.o(i.SDMMC_CmdStopTransfer)
    SDMMC_CmdWriteMultiBlock                 0x080035cd   Thumb Code    50  stm32f4xx_ll_sdmmc.o(i.SDMMC_CmdWriteMultiBlock)
    SDMMC_CmdWriteSingleBlock                0x080035ff   Thumb Code    50  stm32f4xx_ll_sdmmc.o(i.SDMMC_CmdWriteSingleBlock)
    SD_initialize                            0x08003b79   Thumb Code    28  sd_diskio.o(i.SD_initialize)
    SD_ioctl                                 0x08003b99   Thumb Code    76  sd_diskio.o(i.SD_ioctl)
    SD_read                                  0x08003be9   Thumb Code    38  sd_diskio.o(i.SD_read)
    SD_status                                0x08003c0f   Thumb Code     4  sd_diskio.o(i.SD_status)
    SD_write                                 0x08003c15   Thumb Code    38  sd_diskio.o(i.SD_write)
    SPI1_IRQHandler                          0x08003c3d   Thumb Code     6  stm32f4xx_it.o(i.SPI1_IRQHandler)
    SVC_Handler                              0x08003d45   Thumb Code     2  stm32f4xx_it.o(i.SVC_Handler)
    SysTick_Handler                          0x08003d47   Thumb Code     4  stm32f4xx_it.o(i.SysTick_Handler)
    SystemClock_Config                       0x08003d4d   Thumb Code   124  main.o(i.SystemClock_Config)
    SystemInit                               0x08003dd1   Thumb Code    66  system_stm32f4xx.o(i.SystemInit)
    TIM_Base_SetConfig                       0x08003e25   Thumb Code   156  stm32f4xx_hal_tim.o(i.TIM_Base_SetConfig)
    TIM_CCxChannelCmd                        0x08003eed   Thumb Code    26  stm32f4xx_hal_tim.o(i.TIM_CCxChannelCmd)
    TIM_ETR_SetConfig                        0x08003f07   Thumb Code    20  stm32f4xx_hal_tim.o(i.TIM_ETR_SetConfig)
    TIM_OC2_SetConfig                        0x08003f8d   Thumb Code    98  stm32f4xx_hal_tim.o(i.TIM_OC2_SetConfig)
    UI_init                                  0x0800452b   Thumb Code     4  ui.o(i.UI_init)
    UI_update                                0x08004531   Thumb Code    64  ui.o(i.UI_update)
    USART1_IRQHandler                        0x08004579   Thumb Code     6  stm32f4xx_it.o(i.USART1_IRQHandler)
    UsageFault_Handler                       0x08004585   Thumb Code     2  stm32f4xx_it.o(i.UsageFault_Handler)
    __scatterload_copy                       0x080045a7   Thumb Code    14  handlers.o(i.__scatterload_copy)
    __scatterload_null                       0x080045b5   Thumb Code     2  handlers.o(i.__scatterload_null)
    __scatterload_zeroinit                   0x080045b7   Thumb Code    14  handlers.o(i.__scatterload_zeroinit)
    button_update                            0x080045c5   Thumb Code   140  button.o(i.button_update)
    convertTime                              0x08004781   Thumb Code   304  epochtonormal.o(i.convertTime)
    day                                      0x08004a19   Thumb Code    38  epochtonormal.o(i.day)
    disk_initialize                          0x08004ced   Thumb Code    36  diskio.o(i.disk_initialize)
    disk_ioctl                               0x08004d15   Thumb Code    24  diskio.o(i.disk_ioctl)
    disk_read                                0x08004d31   Thumb Code    24  diskio.o(i.disk_read)
    disk_status                              0x08004d4d   Thumb Code    18  diskio.o(i.disk_status)
    disk_write                               0x08004d65   Thumb Code    24  diskio.o(i.disk_write)
    down                                     0x08004d81   Thumb Code    18  main_tft_screen.o(i.down)
    drop_all_button_listener                 0x08004d99   Thumb Code    24  button.o(i.drop_all_button_listener)
    drop_button_all_listener                 0x08004db1   Thumb Code    24  button.o(i.drop_button_all_listener)
    drop_button_onClickListener              0x08004dc9   Thumb Code    16  button.o(i.drop_button_onClickListener)
    drop_button_onHoldListeren               0x08004ddd   Thumb Code    16  button.o(i.drop_button_onHoldListeren)
    drop_button_onReleaseListeren            0x08004df1   Thumb Code    16  button.o(i.drop_button_onReleaseListeren)
    esp_recieve_handle                       0x08004e05   Thumb Code   194  esp8266.o(i.esp_recieve_handle)
    esp_update                               0x08004ed5   Thumb Code   110  esp8266.o(i.esp_update)
    f_close                                  0x08004f51   Thumb Code    40  ff.o(i.f_close)
    f_mount                                  0x08004f79   Thumb Code    84  ff.o(i.f_mount)
    f_open                                   0x08004fd1   Thumb Code   534  ff.o(i.f_open)
    f_read                                   0x080051ed   Thumb Code   374  ff.o(i.f_read)
    f_sync                                   0x08005363   Thumb Code   142  ff.o(i.f_sync)
    findChild                                0x080053f1   Thumb Code    30  ws2812.o(i.findChild)
    get_fattime                              0x080057ff   Thumb Code     4  fatfs.o(i.get_fattime)
    gy39_getTemperature                      0x08005841   Thumb Code     6  gy39.o(i.gy39_getTemperature)
    gy39_update                              0x0800584d   Thumb Code   378  gy39.o(i.gy39_update)
    hour                                     0x080059d1   Thumb Code    38  epochtonormal.o(i.hour)
    is_button_pressed                        0x08005a7d   Thumb Code    32  button.o(i.is_button_pressed)
    led_blink                                0x08005ae9   Thumb Code    10  led.o(i.led_blink)
    led_off                                  0x08005af9   Thumb Code    16  led.o(i.led_off)
    led_on                                   0x08005b0d   Thumb Code    16  led.o(i.led_on)
    led_toggle                               0x08005b21   Thumb Code    14  led.o(i.led_toggle)
    led_update                               0x08005b35   Thumb Code    70  led.o(i.led_update)
    main                                     0x08005b81   Thumb Code   148  main.o(i.main)
    main_tft_screen                          0x08005c19   Thumb Code   250  main_tft_screen.o(i.main_tft_screen)
    minute                                   0x08005d8d   Thumb Code    38  epochtonormal.o(i.minute)
    month                                    0x08005db9   Thumb Code    38  epochtonormal.o(i.month)
    now                                      0x08005e19   Thumb Code    26  epochtonormal.o(i.now)
    printCalendar                            0x08005f31   Thumb Code   112  rgb.o(i.printCalendar)
    read_file_to_buffer                      0x080061d1   Thumb Code    70  file.o(i.read_file_to_buffer)
    requestForecast                          0x08006291   Thumb Code    42  esp8266.o(i.requestForecast)
    requestStatus                            0x080062c9   Thumb Code    42  esp8266.o(i.requestStatus)
    requestTemperature                       0x08006301   Thumb Code    44  esp8266.o(i.requestTemperature)
    requestTime                              0x08006339   Thumb Code    42  esp8266.o(i.requestTime)
    rgb_update                               0x08006371   Thumb Code   420  rgb.o(i.rgb_update)
    sd_card_init                             0x0800651d   Thumb Code    26  file.o(i.sd_card_init)
    second                                   0x08006545   Thumb Code    38  epochtonormal.o(i.second)
    setCoordinate                            0x08006571   Thumb Code    38  ws2812.o(i.setCoordinate)
    setTime                                  0x080065a1   Thumb Code    14  epochtonormal.o(i.setTime)
    set_button_onClickListener               0x080065b5   Thumb Code    14  button.o(i.set_button_onClickListener)
    set_main_tft_screen                      0x080065c9   Thumb Code   172  main_tft_screen.o(i.set_main_tft_screen)
    set_tft_mode                             0x08006695   Thumb Code     6  ui.o(i.set_tft_mode)
    signal_detect_falling_gpio_init          0x080066a1   Thumb Code    46  ws2812.o(i.signal_detect_falling_gpio_init)
    signal_emit_gpio_init                    0x080066d5   Thumb Code    50  ws2812.o(i.signal_emit_gpio_init)
    tft_clear                                0x080068b1   Thumb Code    26  tft.o(i.tft_clear)
    tft_clear_line                           0x080068d1   Thumb Code    92  tft.o(i.tft_clear_line)
    tft_fill_color                           0x080069b5   Thumb Code    72  tft.o(i.tft_fill_color)
    tft_init                                 0x08006a01   Thumb Code   138  tft.o(i.tft_init)
    tft_print_forecast_widget                0x08006a91   Thumb Code    98  weather_widget.o(i.tft_print_forecast_widget)
    tft_print_mono                           0x08006b0d   Thumb Code   104  tft.o(i.tft_print_mono)
    tft_print_weather_widget                 0x08006b79   Thumb Code    86  weather_widget.o(i.tft_print_weather_widget)
    tft_printc                               0x08006bdd   Thumb Code   250  tft.o(i.tft_printc)
    tft_prints                               0x08006ce9   Thumb Code    52  tft.o(i.tft_prints)
    tft_push_pxbuf                           0x08006d1d   Thumb Code    62  tft.o(i.tft_push_pxbuf)
    tft_reset                                0x08006d61   Thumb Code    56  tft.o(i.tft_reset)
    tft_set_brightness                       0x08006d9d   Thumb Code    48  tft.o(i.tft_set_brightness)
    tft_update                               0x08006df5   Thumb Code   346  tft.o(i.tft_update)
    touch_interrupt_handler                  0x08007005   Thumb Code    42  xpt2046.o(i.touch_interrupt_handler)
    up                                       0x08007035   Thumb Code    18  main_tft_screen.o(i.up)
    ws2812_clear                             0x08007111   Thumb Code    40  ws2812.o(i.ws2812_clear)
    ws2812_clear_all                         0x0800713d   Thumb Code    46  ws2812.o(i.ws2812_clear_all)
    ws2812_fill                              0x08007175   Thumb Code    70  ws2812.o(i.ws2812_fill)
    ws2812_i2c_init                          0x080071bd   Thumb Code    42  ws2812.o(i.ws2812_i2c_init)
    ws2812_panel_count_inc                   0x080071f1   Thumb Code    10  ws2812.o(i.ws2812_panel_count_inc)
    ws2812_print                             0x08007201   Thumb Code   182  ws2812.o(i.ws2812_print)
    ws2812_set_pixel                         0x080072c1   Thumb Code    62  ws2812.o(i.ws2812_set_pixel)
    ws2812_start_search_panel                0x08007305   Thumb Code   132  ws2812.o(i.ws2812_start_search_panel)
    ws2812_update                            0x0800738d   Thumb Code   392  ws2812.o(i.ws2812_update)
    xpt_readRawValue                         0x08007525   Thumb Code     2  xpt2046.o(i.xpt_readRawValue)
    year                                     0x08007529   Thumb Code    38  epochtonormal.o(i.year)
    SD_Driver                                0x08007554   Data          20  sd_diskio.o(.constdata)
    AHBPrescTable                            0x08007570   Data          16  system_stm32f4xx.o(.constdata)
    APBPrescTable                            0x08007580   Data           8  system_stm32f4xx.o(.constdata)
    Region$$Table$$Base                      0x0800780c   Number         0  anon$$obj.o(Region$$Table)
    Region$$Table$$Limit                     0x0800782c   Number         0  anon$$obj.o(Region$$Table)
    retSD                                    0x20000005   Data           1  fatfs.o(.data)
    SDPath                                   0x20000006   Data           4  fatfs.o(.data)
    uwTickFreq                               0x2000000c   Data           1  stm32f4xx_hal.o(.data)
    uwTickPrio                               0x20000010   Data           4  stm32f4xx_hal.o(.data)
    uwTick                                   0x20000014   Data           4  stm32f4xx_hal.o(.data)
    SystemCoreClock                          0x20000018   Data           4  system_stm32f4xx.o(.data)
    tft_orientation                          0x200000c0   Data           1  tft.o(.data)
    char_max_x                               0x200000c1   Data           1  tft.o(.data)
    char_max_y                               0x200000c2   Data           1  tft.o(.data)
    cur_screen                               0x200000c3   Data           1  tft.o(.data)
    next_screen                              0x200000c4   Data           1  tft.o(.data)
    curr_bg_color                            0x200000c6   Data           2  tft.o(.data)
    curr_highlight_color                     0x200000c8   Data           2  tft.o(.data)
    curr_text_color                          0x200000ca   Data           2  tft.o(.data)
    curr_text_color_sp                       0x200000cc   Data           2  tft.o(.data)
    row_width                                0x200000ce   Data           2  tft.o(.data)
    ascii_8x16                               0x200000d4   Data        3584  tft.o(.data)
    pir                                      0x20000ed4   Data           1  pir.o(.data)
    data_length                              0x20000ed8   Data           1  esp8266.o(.data)
    status                                   0x20000ed9   Data           1  esp8266.o(.data)
    cur_location                             0x20000eda   Data           1  esp8266.o(.data)
    cur_temp                                 0x20000edb   Data           1  esp8266.o(.data)
    cur_icon                                 0x20000edc   Data           1  esp8266.o(.data)
    fore_icon                                0x20000edd   Data           3  esp8266.o(.data)
    fore_max                                 0x20000ee0   Data           3  esp8266.o(.data)
    fore_min                                 0x20000ee3   Data           3  esp8266.o(.data)
    last_get_time_ticks                      0x20000ee8   Data           4  esp8266.o(.data)
    last_get_temperature_ticks               0x20000eec   Data           4  esp8266.o(.data)
    last_get_forecaset_ticks                 0x20000ef0   Data           4  esp8266.o(.data)
    TimeZone                                 0x20000efc   Data           1  epochtonormal.o(.data)
    rgb_inited                               0x20000f29   Data           1  ws2812.o(.data)
    panel_count                              0x20000f2a   Data           2  ws2812.o(.data)
    wsBuffer                                 0x20000f2c   Data           4  ws2812.o(.data)
    numOfBytes                               0x20001204   Data           4  weather_widget.o(.data)
    tft_mode                                 0x20001274   Data           1  ui.o(.data)
    hi2c1                                    0x2000127c   Data          84  i2c.o(.bss)
    hi2c2                                    0x200012d0   Data          84  i2c.o(.bss)
    hsd                                      0x20001324   Data         132  sdio.o(.bss)
    hspi1                                    0x200013a8   Data          88  spi.o(.bss)
    hdma_spi1_tx                             0x20001400   Data          96  spi.o(.bss)
    hdma_spi1_rx                             0x20001460   Data          96  spi.o(.bss)
    htim3                                    0x200014c0   Data          64  tim.o(.bss)
    huart1                                   0x20001500   Data          64  usart.o(.bss)
    text_buf                                 0x20001540   Data        1600  tft.o(.bss)
    text_color_buf                           0x20001b80   Data        3200  tft.o(.bss)
    bg_color_buf                             0x20002800   Data        3200  tft.o(.bss)
    pic_buff                                 0x20003480   Data        6000  tft.o(.bss)
    rx_buff                                  0x20009bf0   Data          30  esp8266.o(.bss)
    panel                                    0x2000ac44   Data         800  ws2812.o(.bss)
    panel_look_up                            0x2000af64   Data          16  ws2812.o(.bss)
    disk                                     0x2000af94   Data          12  ff_gen_drv.o(.bss)
    icon_buff                                0x2000afa0   Data         350  weather_widget.o(.bss)
    __initial_sp                             0x2000b500   Data           0  startup_stm32f407xx.o(STACK)



==============================================================================

Memory Map of the image

  Image Entry point : 0x08000189

  Load Region LR_IROM1 (Base: 0x08000000, Size: 0x00008aa8, Max: 0x00080000, ABSOLUTE, COMPRESSED[0x00007e58])

    Execution Region ER_IROM1 (Exec base: 0x08000000, Load base: 0x08000000, Size: 0x0000782c, Max: 0x00080000, ABSOLUTE)

    Exec Addr    Load Addr    Size         Type   Attr      Idx    E Section Name        Object

    0x08000000   0x08000000   0x00000188   Data   RO            3    RESET               startup_stm32f407xx.o
    0x08000188   0x08000188   0x00000000   Code   RO         6160  * .ARM.Collect$$$$00000000  mc_w.l(entry.o)
    0x08000188   0x08000188   0x00000004   Code   RO         6169    .ARM.Collect$$$$00000001  mc_w.l(entry2.o)
    0x0800018c   0x0800018c   0x00000004   Code   RO         6172    .ARM.Collect$$$$00000004  mc_w.l(entry5.o)
    0x08000190   0x08000190   0x00000000   Code   RO         6174    .ARM.Collect$$$$00000008  mc_w.l(entry7b.o)
    0x08000190   0x08000190   0x00000000   Code   RO         6176    .ARM.Collect$$$$0000000A  mc_w.l(entry8b.o)
    0x08000190   0x08000190   0x00000008   Code   RO         6177    .ARM.Collect$$$$0000000B  mc_w.l(entry9a.o)
    0x08000198   0x08000198   0x00000000   Code   RO         6179    .ARM.Collect$$$$0000000D  mc_w.l(entry10a.o)
    0x08000198   0x08000198   0x00000000   Code   RO         6181    .ARM.Collect$$$$0000000F  mc_w.l(entry11a.o)
    0x08000198   0x08000198   0x00000004   Code   RO         6170    .ARM.Collect$$$$00002712  mc_w.l(entry2.o)
    0x0800019c   0x0800019c   0x00000024   Code   RO            4    .text               startup_stm32f407xx.o
    0x080001c0   0x080001c0   0x00000062   Code   RO         6163    .text               mc_w.l(uldiv.o)
    0x08000222   0x08000222   0x00000024   Code   RO         6167    .text               mc_w.l(memseta.o)
    0x08000246   0x08000246   0x0000001e   Code   RO         6183    .text               mc_w.l(llshl.o)
    0x08000264   0x08000264   0x00000020   Code   RO         6185    .text               mc_w.l(llushr.o)
    0x08000284   0x08000284   0x00000024   Code   RO         6187    .text               mc_w.l(init.o)
    0x080002a8   0x080002a8   0x0000005e   Code   RO         6197    .text               mc_w.l(__dclz77c.o)
    0x08000306   0x08000306   0x00000002   PAD
    0x08000308   0x08000308   0x0000000c   Code   RO          333    i.BSP_SD_GetCardInfo  bsp_driver_sd.o
    0x08000314   0x08000314   0x00000018   Code   RO          334    i.BSP_SD_GetCardState  bsp_driver_sd.o
    0x0800032c   0x0800032c   0x00000034   Code   RO          337    i.BSP_SD_Init       bsp_driver_sd.o
    0x08000360   0x08000360   0x00000020   Code   RO          339    i.BSP_SD_ReadBlocks  bsp_driver_sd.o
    0x08000380   0x08000380   0x00000020   Code   RO          342    i.BSP_SD_WriteBlocks  bsp_driver_sd.o
    0x080003a0   0x080003a0   0x00000002   Code   RO          818    i.BusFault_Handler  stm32f4xx_it.o
    0x080003a2   0x080003a2   0x00000002   PAD
    0x080003a4   0x080003a4   0x0000000c   Code   RO          819    i.DMA2_Stream0_IRQHandler  stm32f4xx_it.o
    0x080003b0   0x080003b0   0x0000000c   Code   RO          820    i.DMA2_Stream3_IRQHandler  stm32f4xx_it.o
    0x080003bc   0x080003bc   0x00000028   Code   RO         1432    i.DMA_CalcBaseAndBitshift  stm32f4xx_hal_dma.o
    0x080003e4   0x080003e4   0x00000054   Code   RO         1433    i.DMA_CheckFifoParam  stm32f4xx_hal_dma.o
    0x08000438   0x08000438   0x00000002   Code   RO          821    i.DebugMon_Handler  stm32f4xx_it.o
    0x0800043a   0x0800043a   0x00000002   PAD
    0x0800043c   0x0800043c   0x00000030   Code   RO          822    i.EXTI15_10_IRQHandler  stm32f4xx_it.o
    0x0800046c   0x0800046c   0x00000020   Code   RO          823    i.EXTI2_IRQHandler  stm32f4xx_it.o
    0x0800048c   0x0800048c   0x00000020   Code   RO          824    i.EXTI4_IRQHandler  stm32f4xx_it.o
    0x080004ac   0x080004ac   0x00000020   Code   RO          825    i.EXTI9_5_IRQHandler  stm32f4xx_it.o
    0x080004cc   0x080004cc   0x00000002   Code   RO           13    i.Error_Handler     main.o
    0x080004ce   0x080004ce   0x00000006   Code   RO         5896    i.FATFS_LinkDriver  ff_gen_drv.o
    0x080004d4   0x080004d4   0x00000040   Code   RO         5897    i.FATFS_LinkDriverEx  ff_gen_drv.o
    0x08000514   0x08000514   0x00000024   Code   RO         1436    i.HAL_DMA_Abort_IT  stm32f4xx_hal_dma.o
    0x08000538   0x08000538   0x000001a0   Code   RO         1440    i.HAL_DMA_IRQHandler  stm32f4xx_hal_dma.o
    0x080006d8   0x080006d8   0x000000d4   Code   RO         1441    i.HAL_DMA_Init      stm32f4xx_hal_dma.o
    0x080007ac   0x080007ac   0x00000024   Code   RO         1854    i.HAL_Delay         stm32f4xx_hal.o
    0x080007d0   0x080007d0   0x0000014c   Code   RO         1325    i.HAL_GPIO_DeInit   stm32f4xx_hal_gpio.o
    0x0800091c   0x0800091c   0x00000002   Code   RO         1326    i.HAL_GPIO_EXTI_Callback  stm32f4xx_hal_gpio.o
    0x0800091e   0x0800091e   0x00000002   PAD
    0x08000920   0x08000920   0x000001b0   Code   RO         1328    i.HAL_GPIO_Init     stm32f4xx_hal_gpio.o
    0x08000ad0   0x08000ad0   0x0000000a   Code   RO         1330    i.HAL_GPIO_ReadPin  stm32f4xx_hal_gpio.o
    0x08000ada   0x08000ada   0x0000000e   Code   RO         1331    i.HAL_GPIO_TogglePin  stm32f4xx_hal_gpio.o
    0x08000ae8   0x08000ae8   0x0000000a   Code   RO         1332    i.HAL_GPIO_WritePin  stm32f4xx_hal_gpio.o
    0x08000af2   0x08000af2   0x00000002   PAD
    0x08000af4   0x08000af4   0x0000000c   Code   RO         1860    i.HAL_GetTick       stm32f4xx_hal.o
    0x08000b00   0x08000b00   0x00000174   Code   RO         2113    i.HAL_I2C_Init      stm32f4xx_hal_i2c.o
    0x08000c74   0x08000c74   0x000001e0   Code   RO         2119    i.HAL_I2C_Master_Receive  stm32f4xx_hal_i2c.o
    0x08000e54   0x08000e54   0x0000012c   Code   RO         2126    i.HAL_I2C_Master_Transmit  stm32f4xx_hal_i2c.o
    0x08000f80   0x08000f80   0x000001f8   Code   RO         2131    i.HAL_I2C_Mem_Read  stm32f4xx_hal_i2c.o
    0x08001178   0x08001178   0x000000a0   Code   RO          570    i.HAL_I2C_MspInit   i2c.o
    0x08001218   0x08001218   0x00000010   Code   RO         1866    i.HAL_IncTick       stm32f4xx_hal.o
    0x08001228   0x08001228   0x00000034   Code   RO         1867    i.HAL_Init          stm32f4xx_hal.o
    0x0800125c   0x0800125c   0x00000040   Code   RO         1868    i.HAL_InitTick      stm32f4xx_hal.o
    0x0800129c   0x0800129c   0x00000030   Code   RO          949    i.HAL_MspInit       stm32f4xx_hal_msp.o
    0x080012cc   0x080012cc   0x0000001a   Code   RO         1717    i.HAL_NVIC_EnableIRQ  stm32f4xx_hal_cortex.o
    0x080012e6   0x080012e6   0x00000002   PAD
    0x080012e8   0x080012e8   0x00000040   Code   RO         1723    i.HAL_NVIC_SetPriority  stm32f4xx_hal_cortex.o
    0x08001328   0x08001328   0x00000024   Code   RO         1724    i.HAL_NVIC_SetPriorityGrouping  stm32f4xx_hal_cortex.o
    0x0800134c   0x0800134c   0x00000130   Code   RO          974    i.HAL_RCC_ClockConfig  stm32f4xx_hal_rcc.o
    0x0800147c   0x0800147c   0x00000020   Code   RO          981    i.HAL_RCC_GetPCLK1Freq  stm32f4xx_hal_rcc.o
    0x0800149c   0x0800149c   0x00000020   Code   RO          982    i.HAL_RCC_GetPCLK2Freq  stm32f4xx_hal_rcc.o
    0x080014bc   0x080014bc   0x00000060   Code   RO          983    i.HAL_RCC_GetSysClockFreq  stm32f4xx_hal_rcc.o
    0x0800151c   0x0800151c   0x0000031c   Code   RO          986    i.HAL_RCC_OscConfig  stm32f4xx_hal_rcc.o
    0x08001838   0x08001838   0x00000078   Code   RO         2809    i.HAL_SD_ConfigWideBusOperation  stm32f4xx_hal_sd.o
    0x080018b0   0x080018b0   0x000001da   Code   RO         2814    i.HAL_SD_GetCardCSD  stm32f4xx_hal_sd.o
    0x08001a8a   0x08001a8a   0x00000024   Code   RO         2815    i.HAL_SD_GetCardInfo  stm32f4xx_hal_sd.o
    0x08001aae   0x08001aae   0x0000002c   Code   RO         2816    i.HAL_SD_GetCardState  stm32f4xx_hal_sd.o
    0x08001ada   0x08001ada   0x00000036   Code   RO         2821    i.HAL_SD_Init       stm32f4xx_hal_sd.o
    0x08001b10   0x08001b10   0x00000054   Code   RO         2822    i.HAL_SD_InitCard   stm32f4xx_hal_sd.o
    0x08001b64   0x08001b64   0x00000094   Code   RO          618    i.HAL_SD_MspInit    sdio.o
    0x08001bf8   0x08001bf8   0x000001b2   Code   RO         2825    i.HAL_SD_ReadBlocks  stm32f4xx_hal_sd.o
    0x08001daa   0x08001daa   0x00000002   PAD
    0x08001dac   0x08001dac   0x0000019a   Code   RO         2830    i.HAL_SD_WriteBlocks  stm32f4xx_hal_sd.o
    0x08001f46   0x08001f46   0x00000002   Code   RO         3048    i.HAL_SPI_ErrorCallback  stm32f4xx_hal_spi.o
    0x08001f48   0x08001f48   0x00000006   Code   RO         3050    i.HAL_SPI_GetState  stm32f4xx_hal_spi.o
    0x08001f4e   0x08001f4e   0x00000002   PAD
    0x08001f50   0x08001f50   0x000000fc   Code   RO         3051    i.HAL_SPI_IRQHandler  stm32f4xx_hal_spi.o
    0x0800204c   0x0800204c   0x00000080   Code   RO         3052    i.HAL_SPI_Init      stm32f4xx_hal_spi.o
    0x080020cc   0x080020cc   0x000000e8   Code   RO          660    i.HAL_SPI_MspInit   spi.o
    0x080021b4   0x080021b4   0x0000015c   Code   RO         3060    i.HAL_SPI_Transmit  stm32f4xx_hal_spi.o
    0x08002310   0x08002310   0x00000028   Code   RO         1728    i.HAL_SYSTICK_Config  stm32f4xx_hal_cortex.o
    0x08002338   0x08002338   0x00000042   Code   RO         4058    i.HAL_TIMEx_MasterConfigSynchronization  stm32f4xx_hal_tim_ex.o
    0x0800237a   0x0800237a   0x00000036   Code   RO         3365    i.HAL_TIM_Base_Init  stm32f4xx_hal_tim.o
    0x080023b0   0x080023b0   0x00000028   Code   RO          729    i.HAL_TIM_Base_MspInit  tim.o
    0x080023d8   0x080023d8   0x000000d6   Code   RO         3374    i.HAL_TIM_ConfigClockSource  stm32f4xx_hal_tim.o
    0x080024ae   0x080024ae   0x00000002   PAD
    0x080024b0   0x080024b0   0x00000054   Code   RO          730    i.HAL_TIM_MspPostInit  tim.o
    0x08002504   0x08002504   0x000000d0   Code   RO         3432    i.HAL_TIM_PWM_ConfigChannel  stm32f4xx_hal_tim.o
    0x080025d4   0x080025d4   0x00000036   Code   RO         3435    i.HAL_TIM_PWM_Init  stm32f4xx_hal_tim.o
    0x0800260a   0x0800260a   0x00000002   Code   RO         3437    i.HAL_TIM_PWM_MspInit  stm32f4xx_hal_tim.o
    0x0800260c   0x0800260c   0x00000044   Code   RO         3440    i.HAL_TIM_PWM_Start  stm32f4xx_hal_tim.o
    0x08002650   0x08002650   0x00000002   Code   RO         4312    i.HAL_UART_ErrorCallback  stm32f4xx_hal_uart.o
    0x08002652   0x08002652   0x00000002   PAD
    0x08002654   0x08002654   0x00000110   Code   RO         4315    i.HAL_UART_IRQHandler  stm32f4xx_hal_uart.o
    0x08002764   0x08002764   0x00000062   Code   RO         4316    i.HAL_UART_Init     stm32f4xx_hal_uart.o
    0x080027c6   0x080027c6   0x00000002   PAD
    0x080027c8   0x080027c8   0x00000078   Code   RO          777    i.HAL_UART_MspInit  usart.o
    0x08002840   0x08002840   0x000000b8   Code   RO         4319    i.HAL_UART_Receive  stm32f4xx_hal_uart.o
    0x080028f8   0x080028f8   0x00000052   Code   RO         4321    i.HAL_UART_Receive_IT  stm32f4xx_hal_uart.o
    0x0800294a   0x0800294a   0x00000002   PAD
    0x0800294c   0x0800294c   0x00000010   Code   RO         5043    i.HAL_UART_RxCpltCallback  esp8266.o
    0x0800295c   0x0800295c   0x0000003e   Code   RO         4326    i.HAL_UART_Transmit_IT  stm32f4xx_hal_uart.o
    0x0800299a   0x0800299a   0x00000002   Code   RO         4327    i.HAL_UART_TxCpltCallback  stm32f4xx_hal_uart.o
    0x0800299c   0x0800299c   0x00000002   Code   RO          826    i.HardFault_Handler  stm32f4xx_it.o
    0x0800299e   0x0800299e   0x0000002e   Code   RO         2155    i.I2C_IsAcknowledgeFailed  stm32f4xx_hal_i2c.o
    0x080029cc   0x080029cc   0x000000d4   Code   RO         2158    i.I2C_MasterRequestRead  stm32f4xx_hal_i2c.o
    0x08002aa0   0x08002aa0   0x00000088   Code   RO         2159    i.I2C_MasterRequestWrite  stm32f4xx_hal_i2c.o
    0x08002b28   0x08002b28   0x000000e6   Code   RO         2164    i.I2C_RequestMemoryRead  stm32f4xx_hal_i2c.o
    0x08002c0e   0x08002c0e   0x0000004c   Code   RO         2168    i.I2C_WaitOnBTFFlagUntilTimeout  stm32f4xx_hal_i2c.o
    0x08002c5a   0x08002c5a   0x00000068   Code   RO         2169    i.I2C_WaitOnFlagUntilTimeout  stm32f4xx_hal_i2c.o
    0x08002cc2   0x08002cc2   0x00000096   Code   RO         2170    i.I2C_WaitOnMasterAddressFlagUntilTimeout  stm32f4xx_hal_i2c.o
    0x08002d58   0x08002d58   0x00000066   Code   RO         2171    i.I2C_WaitOnRXNEFlagUntilTimeout  stm32f4xx_hal_i2c.o
    0x08002dbe   0x08002dbe   0x0000004c   Code   RO         2172    i.I2C_WaitOnTXEFlagUntilTimeout  stm32f4xx_hal_i2c.o
    0x08002e0a   0x08002e0a   0x00000002   PAD
    0x08002e0c   0x08002e0c   0x0000003c   Code   RO          303    i.MX_DMA_Init       dma.o
    0x08002e48   0x08002e48   0x0000001c   Code   RO          531    i.MX_FATFS_Init     fatfs.o
    0x08002e64   0x08002e64   0x000001b0   Code   RO          279    i.MX_GPIO_Init      gpio.o
    0x08003014   0x08003014   0x00000040   Code   RO          571    i.MX_I2C1_Init      i2c.o
    0x08003054   0x08003054   0x00000040   Code   RO          572    i.MX_I2C2_Init      i2c.o
    0x08003094   0x08003094   0x00000020   Code   RO          619    i.MX_SDIO_SD_Init   sdio.o
    0x080030b4   0x080030b4   0x00000044   Code   RO          661    i.MX_SPI1_Init      spi.o
    0x080030f8   0x080030f8   0x0000009c   Code   RO          731    i.MX_TIM3_Init      tim.o
    0x08003194   0x08003194   0x00000038   Code   RO          778    i.MX_USART1_UART_Init  usart.o
    0x080031cc   0x080031cc   0x00000002   Code   RO          827    i.MemManage_Handler  stm32f4xx_it.o
    0x080031ce   0x080031ce   0x00000002   Code   RO          828    i.NMI_Handler       stm32f4xx_it.o
    0x080031d0   0x080031d0   0x00000018   Code   RO         5007    i.PIR_init          pir.o
    0x080031e8   0x080031e8   0x00000018   Code   RO         5008    i.PIR_interrupt_handle  pir.o
    0x08003200   0x08003200   0x00000002   Code   RO          829    i.PendSV_Handler    stm32f4xx_it.o
    0x08003202   0x08003202   0x00000024   Code   RO         2542    i.SDIO_ConfigData   stm32f4xx_ll_sdmmc.o
    0x08003226   0x08003226   0x00000008   Code   RO         2546    i.SDIO_GetPowerState  stm32f4xx_ll_sdmmc.o
    0x0800322e   0x0800322e   0x0000000c   Code   RO         2547    i.SDIO_GetResponse  stm32f4xx_ll_sdmmc.o
    0x0800323a   0x0800323a   0x00000024   Code   RO         2548    i.SDIO_Init         stm32f4xx_ll_sdmmc.o
    0x0800325e   0x0800325e   0x00000008   Code   RO         2550    i.SDIO_PowerState_ON  stm32f4xx_ll_sdmmc.o
    0x08003266   0x08003266   0x00000006   Code   RO         2551    i.SDIO_ReadFIFO     stm32f4xx_ll_sdmmc.o
    0x0800326c   0x0800326c   0x00000020   Code   RO         2552    i.SDIO_SendCommand  stm32f4xx_ll_sdmmc.o
    0x0800328c   0x0800328c   0x0000000a   Code   RO         2554    i.SDIO_WriteFIFO    stm32f4xx_ll_sdmmc.o
    0x08003296   0x08003296   0x00000032   Code   RO         2555    i.SDMMC_CmdAppCommand  stm32f4xx_ll_sdmmc.o
    0x080032c8   0x080032c8   0x00000034   Code   RO         2556    i.SDMMC_CmdAppOperCommand  stm32f4xx_ll_sdmmc.o
    0x080032fc   0x080032fc   0x00000032   Code   RO         2557    i.SDMMC_CmdBlockLength  stm32f4xx_ll_sdmmc.o
    0x0800332e   0x0800332e   0x00000032   Code   RO         2558    i.SDMMC_CmdBusWidth  stm32f4xx_ll_sdmmc.o
    0x08003360   0x08003360   0x00000050   Code   RO         2562    i.SDMMC_CmdGoIdleState  stm32f4xx_ll_sdmmc.o
    0x080033b0   0x080033b0   0x00000068   Code   RO         2564    i.SDMMC_CmdOperCond  stm32f4xx_ll_sdmmc.o
    0x08003418   0x08003418   0x00000032   Code   RO         2565    i.SDMMC_CmdReadMultiBlock  stm32f4xx_ll_sdmmc.o
    0x0800344a   0x0800344a   0x00000032   Code   RO         2566    i.SDMMC_CmdReadSingleBlock  stm32f4xx_ll_sdmmc.o
    0x0800347c   0x0800347c   0x00000032   Code   RO         2569    i.SDMMC_CmdSelDesel  stm32f4xx_ll_sdmmc.o
    0x080034ae   0x080034ae   0x0000002c   Code   RO         2570    i.SDMMC_CmdSendCID  stm32f4xx_ll_sdmmc.o
    0x080034da   0x080034da   0x0000002c   Code   RO         2571    i.SDMMC_CmdSendCSD  stm32f4xx_ll_sdmmc.o
    0x08003506   0x08003506   0x00000030   Code   RO         2572    i.SDMMC_CmdSendSCR  stm32f4xx_ll_sdmmc.o
    0x08003536   0x08003536   0x00000032   Code   RO         2573    i.SDMMC_CmdSendStatus  stm32f4xx_ll_sdmmc.o
    0x08003568   0x08003568   0x00000030   Code   RO         2574    i.SDMMC_CmdSetRelAdd  stm32f4xx_ll_sdmmc.o
    0x08003598   0x08003598   0x00000034   Code   RO         2576    i.SDMMC_CmdStopTransfer  stm32f4xx_ll_sdmmc.o
    0x080035cc   0x080035cc   0x00000032   Code   RO         2578    i.SDMMC_CmdWriteMultiBlock  stm32f4xx_ll_sdmmc.o
    0x080035fe   0x080035fe   0x00000032   Code   RO         2579    i.SDMMC_CmdWriteSingleBlock  stm32f4xx_ll_sdmmc.o
    0x08003630   0x08003630   0x0000011c   Code   RO         2580    i.SDMMC_GetCmdResp1  stm32f4xx_ll_sdmmc.o
    0x0800374c   0x0800374c   0x00000050   Code   RO         2581    i.SDMMC_GetCmdResp2  stm32f4xx_ll_sdmmc.o
    0x0800379c   0x0800379c   0x00000040   Code   RO         2582    i.SDMMC_GetCmdResp3  stm32f4xx_ll_sdmmc.o
    0x080037dc   0x080037dc   0x00000084   Code   RO         2583    i.SDMMC_GetCmdResp6  stm32f4xx_ll_sdmmc.o
    0x08003860   0x08003860   0x00000020   Code   RO          471    i.SD_CheckStatus    sd_diskio.o
    0x08003880   0x08003880   0x000000d4   Code   RO         2838    i.SD_FindSCR        stm32f4xx_hal_sd.o
    0x08003954   0x08003954   0x000000e6   Code   RO         2839    i.SD_InitCard       stm32f4xx_hal_sd.o
    0x08003a3a   0x08003a3a   0x000000a2   Code   RO         2840    i.SD_PowerON        stm32f4xx_hal_sd.o
    0x08003adc   0x08003adc   0x0000004e   Code   RO         2842    i.SD_WideBus_Disable  stm32f4xx_hal_sd.o
    0x08003b2a   0x08003b2a   0x0000004e   Code   RO         2843    i.SD_WideBus_Enable  stm32f4xx_hal_sd.o
    0x08003b78   0x08003b78   0x00000020   Code   RO          472    i.SD_initialize     sd_diskio.o
    0x08003b98   0x08003b98   0x00000050   Code   RO          473    i.SD_ioctl          sd_diskio.o
    0x08003be8   0x08003be8   0x00000026   Code   RO          474    i.SD_read           sd_diskio.o
    0x08003c0e   0x08003c0e   0x00000004   Code   RO          475    i.SD_status         sd_diskio.o
    0x08003c12   0x08003c12   0x00000002   PAD
    0x08003c14   0x08003c14   0x00000026   Code   RO          476    i.SD_write          sd_diskio.o
    0x08003c3a   0x08003c3a   0x00000002   PAD
    0x08003c3c   0x08003c3c   0x0000000c   Code   RO          830    i.SPI1_IRQHandler   stm32f4xx_it.o
    0x08003c48   0x08003c48   0x00000010   Code   RO         3079    i.SPI_DMAAbortOnError  stm32f4xx_hal_spi.o
    0x08003c58   0x08003c58   0x00000058   Code   RO         3090    i.SPI_EndRxTxTransaction  stm32f4xx_hal_spi.o
    0x08003cb0   0x08003cb0   0x00000094   Code   RO         3095    i.SPI_WaitFlagStateUntilTimeout  stm32f4xx_hal_spi.o
    0x08003d44   0x08003d44   0x00000002   Code   RO          831    i.SVC_Handler       stm32f4xx_it.o
    0x08003d46   0x08003d46   0x00000004   Code   RO          832    i.SysTick_Handler   stm32f4xx_it.o
    0x08003d4a   0x08003d4a   0x00000002   PAD
    0x08003d4c   0x08003d4c   0x00000084   Code   RO           14    i.SystemClock_Config  main.o
    0x08003dd0   0x08003dd0   0x00000054   Code   RO         4618    i.SystemInit        system_stm32f4xx.o
    0x08003e24   0x08003e24   0x000000c8   Code   RO         3453    i.TIM_Base_SetConfig  stm32f4xx_hal_tim.o
    0x08003eec   0x08003eec   0x0000001a   Code   RO         3454    i.TIM_CCxChannelCmd  stm32f4xx_hal_tim.o
    0x08003f06   0x08003f06   0x00000014   Code   RO         3464    i.TIM_ETR_SetConfig  stm32f4xx_hal_tim.o
    0x08003f1a   0x08003f1a   0x00000010   Code   RO         3465    i.TIM_ITRx_SetConfig  stm32f4xx_hal_tim.o
    0x08003f2a   0x08003f2a   0x00000002   PAD
    0x08003f2c   0x08003f2c   0x00000060   Code   RO         3466    i.TIM_OC1_SetConfig  stm32f4xx_hal_tim.o
    0x08003f8c   0x08003f8c   0x0000006c   Code   RO         3467    i.TIM_OC2_SetConfig  stm32f4xx_hal_tim.o
    0x08003ff8   0x08003ff8   0x00000068   Code   RO         3468    i.TIM_OC3_SetConfig  stm32f4xx_hal_tim.o
    0x08004060   0x08004060   0x00000050   Code   RO         3469    i.TIM_OC4_SetConfig  stm32f4xx_hal_tim.o
    0x080040b0   0x080040b0   0x00000022   Code   RO         3471    i.TIM_TI1_ConfigInputStage  stm32f4xx_hal_tim.o
    0x080040d2   0x080040d2   0x00000024   Code   RO         3473    i.TIM_TI2_ConfigInputStage  stm32f4xx_hal_tim.o
    0x080040f6   0x080040f6   0x00000010   Code   RO         4329    i.UART_DMAAbortOnError  stm32f4xx_hal_uart.o
    0x08004106   0x08004106   0x0000001c   Code   RO         4339    i.UART_EndRxTransfer  stm32f4xx_hal_uart.o
    0x08004122   0x08004122   0x00000096   Code   RO         4341    i.UART_Receive_IT   stm32f4xx_hal_uart.o
    0x080041b8   0x080041b8   0x000002ac   Code   RO         4342    i.UART_SetConfig    stm32f4xx_hal_uart.o
    0x08004464   0x08004464   0x00000062   Code   RO         4343    i.UART_Transmit_IT  stm32f4xx_hal_uart.o
    0x080044c6   0x080044c6   0x00000064   Code   RO         4344    i.UART_WaitOnFlagUntilTimeout  stm32f4xx_hal_uart.o
    0x0800452a   0x0800452a   0x00000004   Code   RO         6077    i.UI_init           ui.o
    0x0800452e   0x0800452e   0x00000002   PAD
    0x08004530   0x08004530   0x00000048   Code   RO         6078    i.UI_update         ui.o
    0x08004578   0x08004578   0x0000000c   Code   RO          833    i.USART1_IRQHandler  stm32f4xx_it.o
    0x08004584   0x08004584   0x00000002   Code   RO          834    i.UsageFault_Handler  stm32f4xx_it.o
    0x08004586   0x08004586   0x00000020   Code   RO         1730    i.__NVIC_SetPriority  stm32f4xx_hal_cortex.o
    0x080045a6   0x080045a6   0x0000000e   Code   RO         6191    i.__scatterload_copy  mc_w.l(handlers.o)
    0x080045b4   0x080045b4   0x00000002   Code   RO         6192    i.__scatterload_null  mc_w.l(handlers.o)
    0x080045b6   0x080045b6   0x0000000e   Code   RO         6193    i.__scatterload_zeroinit  mc_w.l(handlers.o)
    0x080045c4   0x080045c4   0x00000090   Code   RO         4655    i.button_update     button.o
    0x08004654   0x08004654   0x00000070   Code   RO         5567    i.check_fs          ff.o
    0x080046c4   0x080046c4   0x0000005c   Code   RO         5568    i.chk_lock          ff.o
    0x08004720   0x08004720   0x00000020   Code   RO         5569    i.clear_lock        ff.o
    0x08004740   0x08004740   0x00000026   Code   RO         5570    i.clmt_clust        ff.o
    0x08004766   0x08004766   0x00000018   Code   RO         5571    i.clust2sect        ff.o
    0x0800477e   0x0800477e   0x00000002   PAD
    0x08004780   0x08004780   0x00000138   Code   RO         5123    i.convertTime       epochtonormal.o
    0x080048b8   0x080048b8   0x000000a4   Code   RO         5572    i.create_chain      ff.o
    0x0800495c   0x0800495c   0x000000bc   Code   RO         5573    i.create_name       ff.o
    0x08004a18   0x08004a18   0x0000002c   Code   RO         5124    i.day               epochtonormal.o
    0x08004a44   0x08004a44   0x00000034   Code   RO         5574    i.dec_lock          ff.o
    0x08004a78   0x08004a78   0x00000016   Code   RO         5374    i.delay             ws2812.o
    0x08004a8e   0x08004a8e   0x00000064   Code   RO         5575    i.dir_find          ff.o
    0x08004af2   0x08004af2   0x00000002   PAD
    0x08004af4   0x08004af4   0x00000102   Code   RO         5576    i.dir_next          ff.o
    0x08004bf6   0x08004bf6   0x00000066   Code   RO         5578    i.dir_register      ff.o
    0x08004c5c   0x08004c5c   0x0000008e   Code   RO         5580    i.dir_sdi           ff.o
    0x08004cea   0x08004cea   0x00000002   PAD
    0x08004cec   0x08004cec   0x00000028   Code   RO         5512    i.disk_initialize   diskio.o
    0x08004d14   0x08004d14   0x0000001c   Code   RO         5513    i.disk_ioctl        diskio.o
    0x08004d30   0x08004d30   0x0000001c   Code   RO         5514    i.disk_read         diskio.o
    0x08004d4c   0x08004d4c   0x00000018   Code   RO         5515    i.disk_status       diskio.o
    0x08004d64   0x08004d64   0x0000001c   Code   RO         5516    i.disk_write        diskio.o
    0x08004d80   0x08004d80   0x00000018   Code   RO         6024    i.down              main_tft_screen.o
    0x08004d98   0x08004d98   0x00000018   Code   RO         4656    i.drop_all_button_listener  button.o
    0x08004db0   0x08004db0   0x00000018   Code   RO         4657    i.drop_button_all_listener  button.o
    0x08004dc8   0x08004dc8   0x00000014   Code   RO         4658    i.drop_button_onClickListener  button.o
    0x08004ddc   0x08004ddc   0x00000014   Code   RO         4659    i.drop_button_onHoldListeren  button.o
    0x08004df0   0x08004df0   0x00000014   Code   RO         4660    i.drop_button_onReleaseListeren  button.o
    0x08004e04   0x08004e04   0x000000d0   Code   RO         5044    i.esp_recieve_handle  esp8266.o
    0x08004ed4   0x08004ed4   0x0000007c   Code   RO         5045    i.esp_update        esp8266.o
    0x08004f50   0x08004f50   0x00000028   Code   RO         5581    i.f_close           ff.o
    0x08004f78   0x08004f78   0x00000058   Code   RO         5588    i.f_mount           ff.o
    0x08004fd0   0x08004fd0   0x0000021c   Code   RO         5589    i.f_open            ff.o
    0x080051ec   0x080051ec   0x00000176   Code   RO         5594    i.f_read            ff.o
    0x08005362   0x08005362   0x0000008e   Code   RO         5598    i.f_sync            ff.o
    0x080053f0   0x080053f0   0x00000024   Code   RO         5375    i.findChild         ws2812.o
    0x08005414   0x08005414   0x00000288   Code   RO         5602    i.find_volume       ff.o
    0x0800569c   0x0800569c   0x0000007a   Code   RO         5603    i.follow_path       ff.o
    0x08005716   0x08005716   0x000000e8   Code   RO         5604    i.get_fat           ff.o
    0x080057fe   0x080057fe   0x00000004   Code   RO          532    i.get_fattime       fatfs.o
    0x08005802   0x08005802   0x0000003c   Code   RO         5606    i.get_ldnumber      ff.o
    0x0800583e   0x0800583e   0x00000002   PAD
    0x08005840   0x08005840   0x0000000c   Code   RO         5289    i.gy39_getTemperature  gy39.o
    0x0800584c   0x0800584c   0x00000184   Code   RO         5290    i.gy39_update       gy39.o
    0x080059d0   0x080059d0   0x0000002c   Code   RO         5125    i.hour              epochtonormal.o
    0x080059fc   0x080059fc   0x00000080   Code   RO         5607    i.inc_lock          ff.o
    0x08005a7c   0x08005a7c   0x00000024   Code   RO         4661    i.is_button_pressed  button.o
    0x08005aa0   0x08005aa0   0x00000026   Code   RO         5608    i.ld_clust          ff.o
    0x08005ac6   0x08005ac6   0x00000016   Code   RO         5609    i.ld_dword          ff.o
    0x08005adc   0x08005adc   0x0000000a   Code   RO         5610    i.ld_word           ff.o
    0x08005ae6   0x08005ae6   0x00000002   PAD
    0x08005ae8   0x08005ae8   0x00000010   Code   RO         4732    i.led_blink         led.o
    0x08005af8   0x08005af8   0x00000014   Code   RO         4733    i.led_off           led.o
    0x08005b0c   0x08005b0c   0x00000014   Code   RO         4734    i.led_on            led.o
    0x08005b20   0x08005b20   0x00000014   Code   RO         4735    i.led_toggle        led.o
    0x08005b34   0x08005b34   0x0000004c   Code   RO         4736    i.led_update        led.o
    0x08005b80   0x08005b80   0x00000098   Code   RO           15    i.main              main.o
    0x08005c18   0x08005c18   0x00000150   Code   RO         6025    i.main_tft_screen   main_tft_screen.o
    0x08005d68   0x08005d68   0x00000012   Code   RO         5611    i.mem_cpy           ff.o
    0x08005d7a   0x08005d7a   0x00000002   PAD
    0x08005d7c   0x08005d7c   0x0000000e   Code   RO         5612    i.mem_set           ff.o
    0x08005d8a   0x08005d8a   0x00000002   PAD
    0x08005d8c   0x08005d8c   0x0000002c   Code   RO         5129    i.minute            epochtonormal.o
    0x08005db8   0x08005db8   0x0000002c   Code   RO         5130    i.month             epochtonormal.o
    0x08005de4   0x08005de4   0x00000032   Code   RO         5613    i.move_window       ff.o
    0x08005e16   0x08005e16   0x00000002   PAD
    0x08005e18   0x08005e18   0x00000020   Code   RO         5131    i.now               epochtonormal.o
    0x08005e38   0x08005e38   0x000000f8   Code   RO         4783    i.print             tft.o
    0x08005f30   0x08005f30   0x00000074   Code   RO         6116    i.printCalendar     rgb.o
    0x08005fa4   0x08005fa4   0x00000094   Code   RO         4784    i.printi            tft.o
    0x08006038   0x08006038   0x00000074   Code   RO         4785    i.prints            tft.o
    0x080060ac   0x080060ac   0x00000124   Code   RO         5614    i.put_fat           ff.o
    0x080061d0   0x080061d0   0x0000004c   Code   RO         5341    i.read_file_to_buffer  file.o
    0x0800621c   0x0800621c   0x00000074   Code   RO         5617    i.remove_chain      ff.o
    0x08006290   0x08006290   0x00000038   Code   RO         5046    i.requestForecast   esp8266.o
    0x080062c8   0x080062c8   0x00000038   Code   RO         5047    i.requestStatus     esp8266.o
    0x08006300   0x08006300   0x00000038   Code   RO         5048    i.requestTemperature  esp8266.o
    0x08006338   0x08006338   0x00000038   Code   RO         5049    i.requestTime       esp8266.o
    0x08006370   0x08006370   0x000001ac   Code   RO         6117    i.rgb_update        rgb.o
    0x0800651c   0x0800651c   0x00000028   Code   RO         5342    i.sd_card_init      file.o
    0x08006544   0x08006544   0x0000002c   Code   RO         5132    i.second            epochtonormal.o
    0x08006570   0x08006570   0x00000030   Code   RO         5377    i.setCoordinate     ws2812.o
    0x080065a0   0x080065a0   0x00000014   Code   RO         5133    i.setTime           epochtonormal.o
    0x080065b4   0x080065b4   0x00000014   Code   RO         4662    i.set_button_onClickListener  button.o
    0x080065c8   0x080065c8   0x000000cc   Code   RO         6026    i.set_main_tft_screen  main_tft_screen.o
    0x08006694   0x08006694   0x0000000c   Code   RO         6079    i.set_tft_mode      ui.o
    0x080066a0   0x080066a0   0x00000034   Code   RO         5378    i.signal_detect_falling_gpio_init  ws2812.o
    0x080066d4   0x080066d4   0x00000032   Code   RO         5379    i.signal_emit_gpio_init  ws2812.o
    0x08006706   0x08006706   0x00000028   Code   RO         5618    i.st_clust          ff.o
    0x0800672e   0x0800672e   0x00000010   Code   RO         5619    i.st_dword          ff.o
    0x0800673e   0x0800673e   0x00000008   Code   RO         5620    i.st_word           ff.o
    0x08006746   0x08006746   0x00000002   PAD
    0x08006748   0x08006748   0x00000088   Code   RO         5621    i.sync_fs           ff.o
    0x080067d0   0x080067d0   0x00000052   Code   RO         5622    i.sync_window       ff.o
    0x08006822   0x08006822   0x00000002   PAD
    0x08006824   0x08006824   0x0000008c   Code   RO         4786    i.tft_char_is_changed  tft.o
    0x080068b0   0x080068b0   0x00000020   Code   RO         4787    i.tft_clear         tft.o
    0x080068d0   0x080068d0   0x0000006c   Code   RO         4788    i.tft_clear_line    tft.o
    0x0800693c   0x0800693c   0x00000078   Code   RO         4789    i.tft_config        tft.o
    0x080069b4   0x080069b4   0x0000004c   Code   RO         4790    i.tft_fill_color    tft.o
    0x08006a00   0x08006a00   0x00000090   Code   RO         4792    i.tft_init          tft.o
    0x08006a90   0x08006a90   0x0000007c   Code   RO         5970    i.tft_print_forecast_widget  weather_widget.o
    0x08006b0c   0x08006b0c   0x0000006c   Code   RO         4794    i.tft_print_mono    tft.o
    0x08006b78   0x08006b78   0x00000064   Code   RO         5971    i.tft_print_weather_widget  weather_widget.o
    0x08006bdc   0x08006bdc   0x0000010c   Code   RO         4988    i.tft_printc        tft.o
    0x08006ce8   0x08006ce8   0x00000034   Code   RO         4798    i.tft_prints        tft.o
    0x08006d1c   0x08006d1c   0x00000044   Code   RO         4800    i.tft_push_pxbuf    tft.o
    0x08006d60   0x08006d60   0x0000003c   Code   RO         4803    i.tft_reset         tft.o
    0x08006d9c   0x08006d9c   0x00000034   Code   RO         4805    i.tft_set_brightness  tft.o
    0x08006dd0   0x08006dd0   0x00000022   Code   RO         4807    i.tft_set_region    tft.o
    0x08006df2   0x08006df2   0x00000002   PAD
    0x08006df4   0x08006df4   0x00000174   Code   RO         4810    i.tft_update        tft.o
    0x08006f68   0x08006f68   0x00000028   Code   RO         4811    i.tft_write_2hword  tft.o
    0x08006f90   0x08006f90   0x00000030   Code   RO         4812    i.tft_write_command  tft.o
    0x08006fc0   0x08006fc0   0x0000002c   Code   RO         4813    i.tft_write_data    tft.o
    0x08006fec   0x08006fec   0x00000016   Code   RO         4814    i.tft_write_many    tft.o
    0x08007002   0x08007002   0x00000002   PAD
    0x08007004   0x08007004   0x00000030   Code   RO         5234    i.touch_interrupt_handler  xpt2046.o
    0x08007034   0x08007034   0x00000018   Code   RO         6027    i.up                main_tft_screen.o
    0x0800704c   0x0800704c   0x0000003e   Code   RO         5972    i.utos              weather_widget.o
    0x0800708a   0x0800708a   0x00000002   PAD
    0x0800708c   0x0800708c   0x0000004e   Code   RO         6118    i.utos0             rgb.o
    0x080070da   0x080070da   0x00000034   Code   RO         5623    i.validate          ff.o
    0x0800710e   0x0800710e   0x00000002   PAD
    0x08007110   0x08007110   0x0000002c   Code   RO         5380    i.ws2812_clear      ws2812.o
    0x0800713c   0x0800713c   0x00000038   Code   RO         5381    i.ws2812_clear_all  ws2812.o
    0x08007174   0x08007174   0x00000046   Code   RO         5382    i.ws2812_fill       ws2812.o
    0x080071ba   0x080071ba   0x00000002   PAD
    0x080071bc   0x080071bc   0x00000034   Code   RO         5384    i.ws2812_i2c_init   ws2812.o
    0x080071f0   0x080071f0   0x00000010   Code   RO         5385    i.ws2812_panel_count_inc  ws2812.o
    0x08007200   0x08007200   0x000000c0   Code   RO         5386    i.ws2812_print      ws2812.o
    0x080072c0   0x080072c0   0x00000044   Code   RO         5389    i.ws2812_set_pixel  ws2812.o
    0x08007304   0x08007304   0x00000088   Code   RO         5391    i.ws2812_start_search_panel  ws2812.o
    0x0800738c   0x0800738c   0x00000198   Code   RO         5392    i.ws2812_update     ws2812.o
    0x08007524   0x08007524   0x00000002   Code   RO         5237    i.xpt_readRawValue  xpt2046.o
    0x08007526   0x08007526   0x00000002   PAD
    0x08007528   0x08007528   0x0000002c   Code   RO         5135    i.year              epochtonormal.o
    0x08007554   0x08007554   0x00000014   Data   RO          477    .constdata          sd_diskio.o
    0x08007568   0x08007568   0x00000008   Data   RO         1447    .constdata          stm32f4xx_hal_dma.o
    0x08007570   0x08007570   0x00000010   Data   RO         4619    .constdata          system_stm32f4xx.o
    0x08007580   0x08007580   0x00000008   Data   RO         4620    .constdata          system_stm32f4xx.o
    0x08007588   0x08007588   0x0000004b   Data   RO         4817    .constdata          tft.o
    0x080075d3   0x080075d3   0x0000000c   Data   RO         5136    .constdata          epochtonormal.o
    0x080075df   0x080075df   0x00000001   PAD
    0x080075e0   0x080075e0   0x0000009c   Data   RO         5625    .constdata          ff.o
    0x0800767c   0x0800767c   0x0000018d   Data   RO         5974    .conststring        weather_widget.o
    0x08007809   0x08007809   0x00000003   PAD
    0x0800780c   0x0800780c   0x00000020   Data   RO         6189    Region$$Table       anon$$obj.o


    Execution Region RW_IRAM1 (Exec base: 0x20000000, Load base: 0x0800782c, Size: 0x0000b500, Max: 0x00020000, ABSOLUTE, COMPRESSED[0x0000062c])

    Exec Addr    Load Addr    Size         Type   Attr      Idx    E Section Name        Object

    0x20000000   COMPRESSED   0x00000004   Data   RW           16    .data               main.o
    0x20000004   COMPRESSED   0x00000001   Data   RW          478    .data               sd_diskio.o
    0x20000005   COMPRESSED   0x00000005   Data   RW          535    .data               fatfs.o
    0x2000000a   COMPRESSED   0x00000002   PAD
    0x2000000c   COMPRESSED   0x0000000c   Data   RW         1874    .data               stm32f4xx_hal.o
    0x20000018   COMPRESSED   0x00000004   Data   RW         4621    .data               system_stm32f4xx.o
    0x2000001c   COMPRESSED   0x00000070   Data   RW         4665    .data               button.o
    0x2000008c   COMPRESSED   0x00000034   Data   RW         4737    .data               led.o
    0x200000c0   COMPRESSED   0x00000e14   Data   RW         4818    .data               tft.o
    0x20000ed4   COMPRESSED   0x00000001   Data   RW         5009    .data               pir.o
    0x20000ed5   COMPRESSED   0x00000003   PAD
    0x20000ed8   COMPRESSED   0x00000024   Data   RW         5051    .data               esp8266.o
    0x20000efc   COMPRESSED   0x00000014   Data   RW         5137    .data               epochtonormal.o
    0x20000f10   COMPRESSED   0x00000014   Data   RW         5291    .data               gy39.o
    0x20000f24   COMPRESSED   0x00000001   Data   RW         5344    .data               file.o
    0x20000f25   COMPRESSED   0x00000003   PAD
    0x20000f28   COMPRESSED   0x000002d3   Data   RW         5394    .data               ws2812.o
    0x200011fb   COMPRESSED   0x00000001   PAD
    0x200011fc   COMPRESSED   0x00000008   Data   RW         5626    .data               ff.o
    0x20001204   COMPRESSED   0x00000070   Data   RW         5975    .data               weather_widget.o
    0x20001274   COMPRESSED   0x00000002   Data   RW         6080    .data               ui.o
    0x20001276   COMPRESSED   0x00000006   Data   RW         6119    .data               rgb.o
    0x2000127c        -       0x000000a8   Zero   RW          573    .bss                i2c.o
    0x20001324        -       0x00000084   Zero   RW          620    .bss                sdio.o
    0x200013a8        -       0x00000118   Zero   RW          662    .bss                spi.o
    0x200014c0        -       0x00000040   Zero   RW          732    .bss                tim.o
    0x20001500        -       0x00000040   Zero   RW          779    .bss                usart.o
    0x20001540        -       0x000086b0   Zero   RW         4816    .bss                tft.o
    0x20009bf0        -       0x0000001e   Zero   RW         5050    .bss                esp8266.o
    0x20009c0e   COMPRESSED   0x00000002   PAD
    0x20009c10        -       0x00001034   Zero   RW         5343    .bss                file.o
    0x2000ac44        -       0x00000330   Zero   RW         5393    .bss                ws2812.o
    0x2000af74        -       0x00000020   Zero   RW         5624    .bss                ff.o
    0x2000af94        -       0x0000000c   Zero   RW         5900    .bss                ff_gen_drv.o
    0x2000afa0        -       0x0000015e   Zero   RW         5973    .bss                weather_widget.o
    0x2000b0fe   COMPRESSED   0x00000002   PAD
    0x2000b100        -       0x00000400   Zero   RW            1    STACK               startup_stm32f407xx.o


==============================================================================

Image component sizes


      Code (inc. data)   RO Data    RW Data    ZI Data      Debug   Object Name

       152         24          0          0          0       4070   bsp_driver_sd.o
       308         26          0        112          0       5888   button.o
       148         22          0          0          0       4285   diskio.o
        60          4          0          0          0        954   dma.o
       628         56         12         20          0       6990   epochtonormal.o
       572         86          0         36         30       8146   esp8266.o
        32         10          0          5          0       1820   fatfs.o
      4572         80        156          8         32      41348   ff.o
        70          6          0          0         12       1879   ff_gen_drv.o
       116         20          0          1       4148       2197   file.o
       432         38          0          0          0       1315   gpio.o
       400         16          0         20          0       1688   gy39.o
       288         46          0          0        168       2746   i2c.o
       152         26          0         52          0       3681   led.o
       286         12          0          4          0     740904   main.o
       588        130          0          0          0       2420   main_tft_screen.o
        48         16          0          1          0       1768   pir.o
       622         12          0          6          0       2781   rgb.o
       224         14         20          1          0       5096   sd_diskio.o
       180         28          0          0        132       1985   sdio.o
       300         30          0          0        280       2179   spi.o
        36          8        392          0       1024        888   startup_stm32f407xx.o
       180         28          0         12          0       5185   stm32f4xx_hal.o
       198         14          0          0          0      34547   stm32f4xx_hal_cortex.o
       788         16          8          0          0       5275   stm32f4xx_hal_dma.o
       800         86          0          0          0       5827   stm32f4xx_hal_gpio.o
      2788         56          0          0          0      16089   stm32f4xx_hal_i2c.o
        48          6          0          0          0       1022   stm32f4xx_hal_msp.o
      1260         76          0          0          0       5692   stm32f4xx_hal_rcc.o
      2416          4          0          0          0      14372   stm32f4xx_hal_sd.o
       988         14          0          0          0       8078   stm32f4xx_hal_spi.o
      1320         90          0          0          0      14240   stm32f4xx_hal_tim.o
        66          0          0          0          0       1520   stm32f4xx_hal_tim_ex.o
      1778         14          0          0          0      11833   stm32f4xx_hal_uart.o
       212         40          0          0          0       9626   stm32f4xx_it.o
      1630         42          0          0          0      25395   stm32f4xx_ll_sdmmc.o
        84         18         24          4          0       1423   system_stm32f4xx.o
      2300        156         75       3604      34480      23206   tft.o
       280         34          0          0         64       2768   tim.o
        88         14          0          2          0       2020   ui.o
       176         20          0          0         64       2046   usart.o
       286         40        397        112        350       7232   weather_widget.o
      1250         88          0        723        816      13601   ws2812.o
        50          6          0          0          0       1281   xpt2046.o

    ----------------------------------------------------------------------
     29266       1572       1120       4732      41604    1057306   Object Totals
         0          0         32          0          0          0   (incl. Generated)
        66          0          4          9          4          0   (incl. Padding)

    ----------------------------------------------------------------------

      Code (inc. data)   RO Data    RW Data    ZI Data      Debug   Library Member Name

        94          0          0          0          0          0   __dclz77c.o
         0          0          0          0          0          0   entry.o
         0          0          0          0          0          0   entry10a.o
         0          0          0          0          0          0   entry11a.o
         8          4          0          0          0          0   entry2.o
         4          0          0          0          0          0   entry5.o
         0          0          0          0          0          0   entry7b.o
         0          0          0          0          0          0   entry8b.o
         8          4          0          0          0          0   entry9a.o
        30          0          0          0          0          0   handlers.o
        36          8          0          0          0         68   init.o
        30          0          0          0          0         68   llshl.o
        32          0          0          0          0         68   llushr.o
        36          0          0          0          0        108   memseta.o
        98          0          0          0          0         92   uldiv.o

    ----------------------------------------------------------------------
       378         16          0          0          0        404   Library Totals
         2          0          0          0          0          0   (incl. Padding)

    ----------------------------------------------------------------------

      Code (inc. data)   RO Data    RW Data    ZI Data      Debug   Library Name

       376         16          0          0          0        404   mc_w.l

    ----------------------------------------------------------------------
       378         16          0          0          0        404   Library Totals

    ----------------------------------------------------------------------

==============================================================================


      Code (inc. data)   RO Data    RW Data    ZI Data      Debug   

     29644       1588       1120       4732      41604    1029090   Grand Totals
     29644       1588       1120       1580      41604    1029090   ELF Image Totals (compressed)
     29644       1588       1120       1580          0          0   ROM Totals

==============================================================================

    Total RO  Size (Code + RO Data)                30764 (  30.04kB)
    Total RW  Size (RW Data + ZI Data)             46336 (  45.25kB)
    Total ROM Size (Code + RO Data + RW Data)      32344 (  31.59kB)

==============================================================================

