Component: ARM Compiler 5.06 update 5 (build 528) Tool: armlink [4d35e2]

==============================================================================

Section Cross References

    startup_stm32f407xx.o(RESET) refers to startup_stm32f407xx.o(STACK) for __initial_sp
    startup_stm32f407xx.o(RESET) refers to startup_stm32f407xx.o(.text) for Reset_Handler
    startup_stm32f407xx.o(RESET) refers to stm32f4xx_it.o(i.NMI_Handler) for NMI_Handler
    startup_stm32f407xx.o(RESET) refers to stm32f4xx_it.o(i.HardFault_Handler) for HardFault_Handler
    startup_stm32f407xx.o(RESET) refers to stm32f4xx_it.o(i.MemManage_Handler) for MemManage_Handler
    startup_stm32f407xx.o(RESET) refers to stm32f4xx_it.o(i.BusFault_Handler) for BusFault_Handler
    startup_stm32f407xx.o(RESET) refers to stm32f4xx_it.o(i.UsageFault_Handler) for UsageFault_Handler
    startup_stm32f407xx.o(RESET) refers to stm32f4xx_it.o(i.SVC_Handler) for SVC_Handler
    startup_stm32f407xx.o(RESET) refers to stm32f4xx_it.o(i.DebugMon_Handler) for DebugMon_Handler
    startup_stm32f407xx.o(RESET) refers to stm32f4xx_it.o(i.PendSV_Handler) for PendSV_Handler
    startup_stm32f407xx.o(RESET) refers to stm32f4xx_it.o(i.SysTick_Handler) for SysTick_Handler
    startup_stm32f407xx.o(RESET) refers to stm32f4xx_it.o(i.EXTI2_IRQHandler) for EXTI2_IRQHandler
    startup_stm32f407xx.o(RESET) refers to stm32f4xx_it.o(i.EXTI4_IRQHandler) for EXTI4_IRQHandler
    startup_stm32f407xx.o(RESET) refers to stm32f4xx_it.o(i.SPI1_IRQHandler) for SPI1_IRQHandler
    startup_stm32f407xx.o(RESET) refers to stm32f4xx_it.o(i.USART1_IRQHandler) for USART1_IRQHandler
    startup_stm32f407xx.o(RESET) refers to stm32f4xx_it.o(i.EXTI15_10_IRQHandler) for EXTI15_10_IRQHandler
    startup_stm32f407xx.o(RESET) refers to stm32f4xx_it.o(i.DMA2_Stream0_IRQHandler) for DMA2_Stream0_IRQHandler
    startup_stm32f407xx.o(RESET) refers to stm32f4xx_it.o(i.DMA2_Stream3_IRQHandler) for DMA2_Stream3_IRQHandler
    startup_stm32f407xx.o(.text) refers to system_stm32f4xx.o(i.SystemInit) for SystemInit
    startup_stm32f407xx.o(.text) refers to entry.o(.ARM.Collect$$$$00000000) for __main
    main.o(i.SystemClock_Config) refers to memseta.o(.text) for __aeabi_memclr4
    main.o(i.SystemClock_Config) refers to stm32f4xx_hal_rcc.o(i.HAL_RCC_OscConfig) for HAL_RCC_OscConfig
    main.o(i.SystemClock_Config) refers to stm32f4xx_hal_rcc.o(i.HAL_RCC_ClockConfig) for HAL_RCC_ClockConfig
    main.o(i.main) refers to stm32f4xx_hal.o(i.HAL_Init) for HAL_Init
    main.o(i.main) refers to main.o(i.SystemClock_Config) for SystemClock_Config
    main.o(i.main) refers to gpio.o(i.MX_GPIO_Init) for MX_GPIO_Init
    main.o(i.main) refers to sdio.o(i.MX_SDIO_SD_Init) for MX_SDIO_SD_Init
    main.o(i.main) refers to spi.o(i.MX_SPI1_Init) for MX_SPI1_Init
    main.o(i.main) refers to spi.o(i.MX_SPI2_Init) for MX_SPI2_Init
    main.o(i.main) refers to usart.o(i.MX_USART1_UART_Init) for MX_USART1_UART_Init
    main.o(i.main) refers to adc.o(i.MX_ADC1_Init) for MX_ADC1_Init
    main.o(i.main) refers to adc.o(i.MX_ADC3_Init) for MX_ADC3_Init
    main.o(i.main) refers to i2c.o(i.MX_I2C1_Init) for MX_I2C1_Init
    main.o(i.main) refers to i2c.o(i.MX_I2C2_Init) for MX_I2C2_Init
    main.o(i.main) refers to spi.o(i.MX_SPI3_Init) for MX_SPI3_Init
    main.o(i.main) refers to tim.o(i.MX_TIM2_Init) for MX_TIM2_Init
    main.o(i.main) refers to tim.o(i.MX_TIM3_Init) for MX_TIM3_Init
    main.o(i.main) refers to usart.o(i.MX_USART6_UART_Init) for MX_USART6_UART_Init
    main.o(i.main) refers to dma.o(i.MX_DMA_Init) for MX_DMA_Init
    main.o(i.main) refers to led.o(i.led_blink) for led_blink
    main.o(i.main) refers to pir.o(i.PIR_init) for PIR_init
    main.o(i.main) refers to tft.o(i.tft_init) for tft_init
    main.o(i.main) refers to button.o(i.set_button_onClickListener) for set_button_onClickListener
    main.o(i.main) refers to stm32f4xx_hal.o(i.HAL_GetTick) for HAL_GetTick
    main.o(i.main) refers to tft.o(i.tft_printi) for tft_printi
    main.o(i.main) refers to esp8266.o(i.getTime) for getTime
    main.o(i.main) refers to tft.o(i.tft_prints) for tft_prints
    main.o(i.main) refers to tft.o(i.tft_update) for tft_update
    main.o(i.main) refers to led.o(i.led_update) for led_update
    main.o(i.main) refers to button.o(i.button_update) for button_update
    main.o(i.main) refers to esp8266.o(i.requestTime) for requestTime
    main.o(i.main) refers to main.o(.data) for .data
    main.o(i.main) refers to esp8266.o(.bss) for rx_buff
    gpio.o(i.MX_GPIO_Init) refers to memseta.o(.text) for __aeabi_memclr4
    gpio.o(i.MX_GPIO_Init) refers to stm32f4xx_hal_gpio.o(i.HAL_GPIO_WritePin) for HAL_GPIO_WritePin
    gpio.o(i.MX_GPIO_Init) refers to stm32f4xx_hal_gpio.o(i.HAL_GPIO_Init) for HAL_GPIO_Init
    gpio.o(i.MX_GPIO_Init) refers to stm32f4xx_hal_cortex.o(i.HAL_NVIC_SetPriority) for HAL_NVIC_SetPriority
[...]
    ..\Library\Src\button.c                  0x00000000   Number         0  button.o ABSOLUTE
    ..\Library\Src\esp8266.c                 0x00000000   Number         0  esp8266.o ABSOLUTE
    ..\Library\Src\gy39.c                    0x00000000   Number         0  gy39.o ABSOLUTE
    ..\Library\Src\led.c                     0x00000000   Number         0  led.o ABSOLUTE
    ..\Library\Src\pir.c                     0x00000000   Number         0  pir.o ABSOLUTE
    ..\Library\Src\tft.c                     0x00000000   Number         0  tft.o ABSOLUTE
    ..\Library\Src\xpt2046.c                 0x00000000   Number         0  xpt2046.o ABSOLUTE
    ..\Src\adc.c                             0x00000000   Number         0  adc.o ABSOLUTE
    ..\Src\dma.c                             0x00000000   Number         0  dma.o ABSOLUTE
    ..\Src\gpio.c                            0x00000000   Number         0  gpio.o ABSOLUTE
    ..\Src\i2c.c                             0x00000000   Number         0  i2c.o ABSOLUTE
    ..\Src\main.c                            0x00000000   Number         0  main.o ABSOLUTE
    ..\Src\sdio.c                            0x00000000   Number         0  sdio.o ABSOLUTE
    ..\Src\spi.c                             0x00000000   Number         0  spi.o ABSOLUTE
    ..\Src\stm32f4xx_hal_msp.c               0x00000000   Number         0  stm32f4xx_hal_msp.o ABSOLUTE
    ..\Src\stm32f4xx_it.c                    0x00000000   Number         0  stm32f4xx_it.o ABSOLUTE
    ..\Src\system_stm32f4xx.c                0x00000000   Number         0  system_stm32f4xx.o ABSOLUTE
    ..\Src\tim.c                             0x00000000   Number         0  tim.o ABSOLUTE
    ..\Src\usart.c                           0x00000000   Number         0  usart.o ABSOLUTE
    ..\\Library\\Src\\WS2812.c               0x00000000   Number         0  ws2812.o ABSOLUTE
    ..\\Library\\Src\\button.c               0x00000000   Number         0  button.o ABSOLUTE
    ..\\Library\\Src\\esp8266.c              0x00000000   Number         0  esp8266.o ABSOLUTE
    ..\\Library\\Src\\gy39.c                 0x00000000   Number         0  gy39.o ABSOLUTE
    ..\\Library\\Src\\led.c                  0x00000000   Number         0  led.o ABSOLUTE
    ..\\Library\\Src\\pir.c                  0x00000000   Number         0  pir.o ABSOLUTE
    ..\\Library\\Src\\tft.c                  0x00000000   Number         0  tft.o ABSOLUTE
    ..\\Library\\Src\\xpt2046.c              0x00000000   Number         0  xpt2046.o ABSOLUTE
    ..\\Src\\dma.c                           0x00000000   Number         0  dma.o ABSOLUTE
    dc.s                                     0x00000000   Number         0  dc.o ABSOLUTE
    handlers.s                               0x00000000   Number         0  handlers.o ABSOLUTE
    init.s                                   0x00000000   Number         0  init.o ABSOLUTE
    startup_stm32f407xx.s                    0x00000000   Number         0  startup_stm32f407xx.o ABSOLUTE
    RESET                                    0x08000000   Section      392  startup_stm32f407xx.o(RESET)
    .ARM.Collect$$$$00000000                 0x08000188   Section        0  entry.o(.ARM.Collect$$$$00000000)
    .ARM.Collect$$$$00000001                 0x08000188   Section        4  entry2.o(.ARM.Collect$$$$00000001)
    .ARM.Collect$$$$00000004                 0x0800018c   Section        4  entry5.o(.ARM.Collect$$$$00000004)
    .ARM.Collect$$$$00000008                 0x08000190   Section        0  entry7b.o(.ARM.Collect$$$$00000008)
    .ARM.Collect$$$$0000000A                 0x08000190   Section        0  entry8b.o(.ARM.Collect$$$$0000000A)
    .ARM.Collect$$$$0000000B                 0x08000190   Section        8  entry9a.o(.ARM.Collect$$$$0000000B)
    .ARM.Collect$$$$0000000D                 0x08000198   Section        0  entry10a.o(.ARM.Collect$$$$0000000D)
    .ARM.Collect$$$$0000000F                 0x08000198   Section        0  entry11a.o(.ARM.Collect$$$$0000000F)
    .ARM.Collect$$$$00002712                 0x08000198   Section        4  entry2.o(.ARM.Collect$$$$00002712)
    __lit__00000000                          0x08000198   Data           4  entry2.o(.ARM.Collect$$$$00002712)
    .text                                    0x0800019c   Section       36  startup_stm32f407xx.o(.text)
    $v0                                      0x0800019c   Number         0  startup_stm32f407xx.o(.text)
    .text                                    0x080001c0   Section        0  uldiv.o(.text)
    .text                                    0x08000222   Section        0  memseta.o(.text)
    .text                                    0x08000246   Section        0  llshl.o(.text)
    .text                                    0x08000264   Section        0  llushr.o(.text)
    .text                                    0x08000284   Section       36  init.o(.text)
    .text                                    0x080002a8   Section        0  __dclz77c.o(.text)
    i.ADC_Init                               0x08000308   Section        0  stm32f4xx_hal_adc.o(i.ADC_Init)
    ADC_Init                                 0x08000309   Thumb Code   284  stm32f4xx_hal_adc.o(i.ADC_Init)
    i.BusFault_Handler                       0x08000430   Section        0  stm32f4xx_it.o(i.BusFault_Handler)
    i.DMA2_Stream0_IRQHandler                0x08000434   Section        0  stm32f4xx_it.o(i.DMA2_Stream0_IRQHandler)
    i.DMA2_Stream3_IRQHandler                0x08000440   Section        0  stm32f4xx_it.o(i.DMA2_Stream3_IRQHandler)
    i.DMA_CalcBaseAndBitshift                0x0800044c   Section        0  stm32f4xx_hal_dma.o(i.DMA_CalcBaseAndBitshift)
    DMA_CalcBaseAndBitshift                  0x0800044d   Thumb Code    34  stm32f4xx_hal_dma.o(i.DMA_CalcBaseAndBitshift)
    i.DMA_CheckFifoParam                     0x08000474   Section        0  stm32f4xx_hal_dma.o(i.DMA_CheckFifoParam)
    DMA_CheckFifoParam                       0x08000475   Thumb Code    84  stm32f4xx_hal_dma.o(i.DMA_CheckFifoParam)
    i.DebugMon_Handler                       0x080004c8   Section        0  stm32f4xx_it.o(i.DebugMon_Handler)
    i.EXTI15_10_IRQHandler                   0x080004cc   Section        0  stm32f4xx_it.o(i.EXTI15_10_IRQHandler)
    i.EXTI2_IRQHandler                       0x08000500   Section        0  stm32f4xx_it.o(i.EXTI2_IRQHandler)
    i.EXTI4_IRQHandler                       0x08000520   Section        0  stm32f4xx_it.o(i.EXTI4_IRQHandler)
    i.Error_Handler                          0x08000540   Section        0  main.o(i.Error_Handler)
    i.HAL_ADC_ConfigChannel                  0x08000544   Section        0  stm32f4xx_hal_adc.o(i.HAL_ADC_ConfigChannel)
    i.HAL_ADC_Init                           0x08000690   Section        0  stm32f4xx_hal_adc.o(i.HAL_ADC_Init)
    i.HAL_ADC_MspInit                        0x080006e4   Section        0  adc.o(i.HAL_ADC_MspInit)
    i.HAL_DMA_Abort_IT                       0x08000774   Section        0  stm32f4xx_hal_dma.o(i.HAL_DMA_Abort_IT)
    i.HAL_DMA_IRQHandler                     0x08000798   Section        0  stm32f4xx_hal_dma.o(i.HAL_DMA_IRQHandler)
    i.HAL_DMA_Init                           0x08000938   Section        0  stm32f4xx_hal_dma.o(i.HAL_DMA_Init)
    i.HAL_Delay                              0x08000a0c   Section        0  stm32f4xx_hal.o(i.HAL_Delay)
    i.HAL_GPIO_EXTI_Callback                 0x08000a30   Section        0  stm32f4xx_hal_gpio.o(i.HAL_GPIO_EXTI_Callback)
    i.HAL_GPIO_Init                          0x08000a34   Section        0  stm32f4xx_hal_gpio.o(i.HAL_GPIO_Init)
    i.HAL_GPIO_ReadPin                       0x08000be4   Section        0  stm32f4xx_hal_gpio.o(i.HAL_GPIO_ReadPin)
    i.HAL_GPIO_TogglePin                     0x08000bee   Section        0  stm32f4xx_hal_gpio.o(i.HAL_GPIO_TogglePin)
    i.HAL_GPIO_WritePin                      0x08000bfc   Section        0  stm32f4xx_hal_gpio.o(i.HAL_GPIO_WritePin)
    i.HAL_GetTick                            0x08000c08   Section        0  stm32f4xx_hal.o(i.HAL_GetTick)
    i.HAL_I2C_Init                           0x08000c14   Section        0  stm32f4xx_hal_i2c.o(i.HAL_I2C_Init)
    i.HAL_I2C_MspInit                        0x08000d88   Section        0  i2c.o(i.HAL_I2C_MspInit)
    i.HAL_IncTick                            0x08000e28   Section        0  stm32f4xx_hal.o(i.HAL_IncTick)
    i.HAL_Init                               0x08000e38   Section        0  stm32f4xx_hal.o(i.HAL_Init)
    i.HAL_InitTick                           0x08000e6c   Section        0  stm32f4xx_hal.o(i.HAL_InitTick)
    i.HAL_MspInit                            0x08000eac   Section        0  stm32f4xx_hal_msp.o(i.HAL_MspInit)
    i.HAL_NVIC_EnableIRQ                     0x08000edc   Section        0  stm32f4xx_hal_cortex.o(i.HAL_NVIC_EnableIRQ)
    i.HAL_NVIC_SetPriority                   0x08000ef8   Section        0  stm32f4xx_hal_cortex.o(i.HAL_NVIC_SetPriority)
    i.HAL_NVIC_SetPriorityGrouping           0x08000f38   Section        0  stm32f4xx_hal_cortex.o(i.HAL_NVIC_SetPriorityGrouping)
    i.HAL_RCC_ClockConfig                    0x08000f5c   Section        0  stm32f4xx_hal_rcc.o(i.HAL_RCC_ClockConfig)
    i.HAL_RCC_GetPCLK1Freq                   0x0800108c   Section        0  stm32f4xx_hal_rcc.o(i.HAL_RCC_GetPCLK1Freq)
    i.HAL_RCC_GetPCLK2Freq                   0x080010ac   Section        0  stm32f4xx_hal_rcc.o(i.HAL_RCC_GetPCLK2Freq)
    i.HAL_RCC_GetSysClockFreq                0x080010cc   Section        0  stm32f4xx_hal_rcc.o(i.HAL_RCC_GetSysClockFreq)
    i.HAL_RCC_OscConfig                      0x0800112c   Section        0  stm32f4xx_hal_rcc.o(i.HAL_RCC_OscConfig)
    i.HAL_SD_ConfigWideBusOperation          0x08001448   Section        0  stm32f4xx_hal_sd.o(i.HAL_SD_ConfigWideBusOperation)
    i.HAL_SD_GetCardCSD                      0x080014c0   Section        0  stm32f4xx_hal_sd.o(i.HAL_SD_GetCardCSD)
    i.HAL_SD_Init                            0x0800169a   Section        0  stm32f4xx_hal_sd.o(i.HAL_SD_Init)
    i.HAL_SD_InitCard                        0x080016d0   Section        0  stm32f4xx_hal_sd.o(i.HAL_SD_InitCard)
    i.HAL_SD_MspInit                         0x08001724   Section        0  sdio.o(i.HAL_SD_MspInit)
    i.HAL_SPI_ErrorCallback                  0x080017b8   Section        0  stm32f4xx_hal_spi.o(i.HAL_SPI_ErrorCallback)
    i.HAL_SPI_GetState                       0x080017ba   Section        0  stm32f4xx_hal_spi.o(i.HAL_SPI_GetState)
    i.HAL_SPI_IRQHandler                     0x080017c0   Section        0  stm32f4xx_hal_spi.o(i.HAL_SPI_IRQHandler)
    i.HAL_SPI_Init                           0x080018bc   Section        0  stm32f4xx_hal_spi.o(i.HAL_SPI_Init)
    i.HAL_SPI_MspInit                        0x0800193c   Section        0  spi.o(i.HAL_SPI_MspInit)
    i.HAL_SPI_Transmit                       0x08001a98   Section        0  stm32f4xx_hal_spi.o(i.HAL_SPI_Transmit)
    i.HAL_SYSTICK_Config                     0x08001bf4   Section        0  stm32f4xx_hal_cortex.o(i.HAL_SYSTICK_Config)
    i.HAL_TIMEx_MasterConfigSynchronization  0x08001c1c   Section        0  stm32f4xx_hal_tim_ex.o(i.HAL_TIMEx_MasterConfigSynchronization)
    i.HAL_TIM_Base_Init                      0x08001c5e   Section        0  stm32f4xx_hal_tim.o(i.HAL_TIM_Base_Init)
    i.HAL_TIM_Base_MspInit                   0x08001c94   Section        0  tim.o(i.HAL_TIM_Base_MspInit)
    i.HAL_TIM_ConfigClockSource              0x08001cbc   Section        0  stm32f4xx_hal_tim.o(i.HAL_TIM_ConfigClockSource)
    i.HAL_TIM_MspPostInit                    0x08001d94   Section        0  tim.o(i.HAL_TIM_MspPostInit)
    i.HAL_TIM_PWM_ConfigChannel              0x08001e14   Section        0  stm32f4xx_hal_tim.o(i.HAL_TIM_PWM_ConfigChannel)
    i.HAL_TIM_PWM_Init                       0x08001ee4   Section        0  stm32f4xx_hal_tim.o(i.HAL_TIM_PWM_Init)
    i.HAL_TIM_PWM_MspInit                    0x08001f1c   Section        0  tim.o(i.HAL_TIM_PWM_MspInit)
    i.HAL_UART_ErrorCallback                 0x08001f40   Section        0  stm32f4xx_hal_uart.o(i.HAL_UART_ErrorCallback)
    i.HAL_UART_IRQHandler                    0x08001f44   Section        0  stm32f4xx_hal_uart.o(i.HAL_UART_IRQHandler)
    i.HAL_UART_Init                          0x08002054   Section        0  stm32f4xx_hal_uart.o(i.HAL_UART_Init)
    i.HAL_UART_MspInit                       0x080020b8   Section        0  usart.o(i.HAL_UART_MspInit)
    i.HAL_UART_Receive                       0x0800217c   Section        0  stm32f4xx_hal_uart.o(i.HAL_UART_Receive)
    i.HAL_UART_RxCpltCallback                0x08002234   Section        0  stm32f4xx_hal_uart.o(i.HAL_UART_RxCpltCallback)
    i.HAL_UART_Transmit                      0x08002236   Section        0  stm32f4xx_hal_uart.o(i.HAL_UART_Transmit)
    i.HAL_UART_TxCpltCallback                0x080022f0   Section        0  stm32f4xx_hal_uart.o(i.HAL_UART_TxCpltCallback)
    i.HardFault_Handler                      0x080022f2   Section        0  stm32f4xx_it.o(i.HardFault_Handler)
    i.MX_ADC1_Init                           0x080022fc   Section        0  adc.o(i.MX_ADC1_Init)
    i.MX_ADC3_Init                           0x08002360   Section        0  adc.o(i.MX_ADC3_Init)
    i.MX_DMA_Init                            0x080023c4   Section        0  dma.o(i.MX_DMA_Init)
    i.MX_GPIO_Init                           0x08002400   Section        0  gpio.o(i.MX_GPIO_Init)
    i.MX_I2C1_Init                           0x080025a0   Section        0  i2c.o(i.MX_I2C1_Init)
    i.MX_I2C2_Init                           0x080025e0   Section        0  i2c.o(i.MX_I2C2_Init)
    i.MX_SDIO_SD_Init                        0x08002620   Section        0  sdio.o(i.MX_SDIO_SD_Init)
    i.MX_SPI1_Init                           0x08002660   Section        0  spi.o(i.MX_SPI1_Init)
    i.MX_SPI2_Init                           0x080026a4   Section        0  spi.o(i.MX_SPI2_Init)
    i.MX_SPI3_Init                           0x080026e8   Section        0  spi.o(i.MX_SPI3_Init)
    i.MX_TIM2_Init                           0x0800272c   Section        0  tim.o(i.MX_TIM2_Init)
    i.MX_TIM3_Init                           0x08002794   Section        0  tim.o(i.MX_TIM3_Init)
    i.MX_USART1_UART_Init                    0x08002828   Section        0  usart.o(i.MX_USART1_UART_Init)
    i.MX_USART6_UART_Init                    0x08002860   Section        0  usart.o(i.MX_USART6_UART_Init)
    i.MemManage_Handler                      0x08002898   Section        0  stm32f4xx_it.o(i.MemManage_Handler)
    i.NMI_Handler                            0x0800289a   Section        0  stm32f4xx_it.o(i.NMI_Handler)
    i.PIR_init                               0x0800289c   Section        0  pir.o(i.PIR_init)
    i.PIR_interrupt_handle                   0x080028b4   Section        0  pir.o(i.PIR_interrupt_handle)
    i.PendSV_Handler                         0x080028cc   Section        0  stm32f4xx_it.o(i.PendSV_Handler)
    i.SDIO_ConfigData                        0x080028ce   Section        0  stm32f4xx_ll_sdmmc.o(i.SDIO_ConfigData)
    i.SDIO_GetPowerState                     0x080028f2   Section        0  stm32f4xx_ll_sdmmc.o(i.SDIO_GetPowerState)
    i.SDIO_GetResponse                       0x080028fa   Section        0  stm32f4xx_ll_sdmmc.o(i.SDIO_GetResponse)
    i.SDIO_Init                              0x08002906   Section        0  stm32f4xx_ll_sdmmc.o(i.SDIO_Init)
    i.SDIO_PowerState_ON                     0x0800292a   Section        0  stm32f4xx_ll_sdmmc.o(i.SDIO_PowerState_ON)
    i.SDIO_ReadFIFO                          0x08002932   Section        0  stm32f4xx_ll_sdmmc.o(i.SDIO_ReadFIFO)
    i.SDIO_SendCommand                       0x08002938   Section        0  stm32f4xx_ll_sdmmc.o(i.SDIO_SendCommand)
    i.SDMMC_CmdAppCommand                    0x08002958   Section        0  stm32f4xx_ll_sdmmc.o(i.SDMMC_CmdAppCommand)
    i.SDMMC_CmdAppOperCommand                0x0800298c   Section        0  stm32f4xx_ll_sdmmc.o(i.SDMMC_CmdAppOperCommand)
    i.SDMMC_CmdBlockLength                   0x080029c0   Section        0  stm32f4xx_ll_sdmmc.o(i.SDMMC_CmdBlockLength)
    i.SDMMC_CmdBusWidth                      0x080029f2   Section        0  stm32f4xx_ll_sdmmc.o(i.SDMMC_CmdBusWidth)
    i.SDMMC_CmdGoIdleState                   0x08002a24   Section        0  stm32f4xx_ll_sdmmc.o(i.SDMMC_CmdGoIdleState)
    i.SDMMC_CmdOperCond                      0x08002a74   Section        0  stm32f4xx_ll_sdmmc.o(i.SDMMC_CmdOperCond)
    i.SDMMC_CmdSelDesel                      0x08002adc   Section        0  stm32f4xx_ll_sdmmc.o(i.SDMMC_CmdSelDesel)
    i.SDMMC_CmdSendCID                       0x08002b0e   Section        0  stm32f4xx_ll_sdmmc.o(i.SDMMC_CmdSendCID)
    i.SDMMC_CmdSendCSD                       0x08002b3a   Section        0  stm32f4xx_ll_sdmmc.o(i.SDMMC_CmdSendCSD)
    i.SDMMC_CmdSendSCR                       0x08002b66   Section        0  stm32f4xx_ll_sdmmc.o(i.SDMMC_CmdSendSCR)
    i.SDMMC_CmdSetRelAdd                     0x08002b96   Section        0  stm32f4xx_ll_sdmmc.o(i.SDMMC_CmdSetRelAdd)
    i.SDMMC_GetCmdResp1                      0x08002bc8   Section        0  stm32f4xx_ll_sdmmc.o(i.SDMMC_GetCmdResp1)
    SDMMC_GetCmdResp1                        0x08002bc9   Thumb Code   276  stm32f4xx_ll_sdmmc.o(i.SDMMC_GetCmdResp1)
    i.SDMMC_GetCmdResp2                      0x08002ce4   Section        0  stm32f4xx_ll_sdmmc.o(i.SDMMC_GetCmdResp2)
    SDMMC_GetCmdResp2                        0x08002ce5   Thumb Code    74  stm32f4xx_ll_sdmmc.o(i.SDMMC_GetCmdResp2)
    i.SDMMC_GetCmdResp3                      0x08002d34   Section        0  stm32f4xx_ll_sdmmc.o(i.SDMMC_GetCmdResp3)
    SDMMC_GetCmdResp3                        0x08002d35   Thumb Code    60  stm32f4xx_ll_sdmmc.o(i.SDMMC_GetCmdResp3)
    i.SDMMC_GetCmdResp6                      0x08002d74   Section        0  stm32f4xx_ll_sdmmc.o(i.SDMMC_GetCmdResp6)
    SDMMC_GetCmdResp6                        0x08002d75   Thumb Code   128  stm32f4xx_ll_sdmmc.o(i.SDMMC_GetCmdResp6)
    i.SD_FindSCR                             0x08002df8   Section        0  stm32f4xx_hal_sd.o(i.SD_FindSCR)
    SD_FindSCR                               0x08002df9   Thumb Code   212  stm32f4xx_hal_sd.o(i.SD_FindSCR)
    i.SD_InitCard                            0x08002ecc   Section        0  stm32f4xx_hal_sd.o(i.SD_InitCard)
    SD_InitCard                              0x08002ecd   Thumb Code   230  stm32f4xx_hal_sd.o(i.SD_InitCard)
    i.SD_PowerON                             0x08002fb2   Section        0  stm32f4xx_hal_sd.o(i.SD_PowerON)
    SD_PowerON                               0x08002fb3   Thumb Code   162  stm32f4xx_hal_sd.o(i.SD_PowerON)
    i.SD_WideBus_Disable                     0x08003054   Section        0  stm32f4xx_hal_sd.o(i.SD_WideBus_Disable)
    SD_WideBus_Disable                       0x08003055   Thumb Code    78  stm32f4xx_hal_sd.o(i.SD_WideBus_Disable)
    i.SD_WideBus_Enable                      0x080030a2   Section        0  stm32f4xx_hal_sd.o(i.SD_WideBus_Enable)
    SD_WideBus_Enable                        0x080030a3   Thumb Code    78  stm32f4xx_hal_sd.o(i.SD_WideBus_Enable)
    i.SPI1_IRQHandler                        0x080030f0   Section        0  stm32f4xx_it.o(i.SPI1_IRQHandler)
    i.SPI_DMAAbortOnError                    0x080030fc   Section        0  stm32f4xx_hal_spi.o(i.SPI_DMAAbortOnError)
    SPI_DMAAbortOnError                      0x080030fd   Thumb Code    16  stm32f4xx_hal_spi.o(i.SPI_DMAAbortOnError)
    i.SPI_EndRxTxTransaction                 0x0800310c   Section        0  stm32f4xx_hal_spi.o(i.SPI_EndRxTxTransaction)
    SPI_EndRxTxTransaction                   0x0800310d   Thumb Code    80  stm32f4xx_hal_spi.o(i.SPI_EndRxTxTransaction)
    i.SPI_WaitFlagStateUntilTimeout          0x08003164   Section        0  stm32f4xx_hal_spi.o(i.SPI_WaitFlagStateUntilTimeout)
    SPI_WaitFlagStateUntilTimeout            0x08003165   Thumb Code   148  stm32f4xx_hal_spi.o(i.SPI_WaitFlagStateUntilTimeout)
    i.SVC_Handler                            0x080031f8   Section        0  stm32f4xx_it.o(i.SVC_Handler)
    i.SysTick_Handler                        0x080031fa   Section        0  stm32f4xx_it.o(i.SysTick_Handler)
    i.SystemClock_Config                     0x08003200   Section        0  main.o(i.SystemClock_Config)
    i.SystemInit                             0x08003284   Section        0  system_stm32f4xx.o(i.SystemInit)
    i.TIM_Base_SetConfig                     0x080032d8   Section        0  stm32f4xx_hal_tim.o(i.TIM_Base_SetConfig)
    i.TIM_ETR_SetConfig                      0x080033a0   Section        0  stm32f4xx_hal_tim.o(i.TIM_ETR_SetConfig)
    i.TIM_ITRx_SetConfig                     0x080033b4   Section        0  stm32f4xx_hal_tim.o(i.TIM_ITRx_SetConfig)
    TIM_ITRx_SetConfig                       0x080033b5   Thumb Code    16  stm32f4xx_hal_tim.o(i.TIM_ITRx_SetConfig)
    i.TIM_OC1_SetConfig                      0x080033c4   Section        0  stm32f4xx_hal_tim.o(i.TIM_OC1_SetConfig)
    TIM_OC1_SetConfig                        0x080033c5   Thumb Code    88  stm32f4xx_hal_tim.o(i.TIM_OC1_SetConfig)
    i.TIM_OC2_SetConfig                      0x08003424   Section        0  stm32f4xx_hal_tim.o(i.TIM_OC2_SetConfig)
    i.TIM_OC3_SetConfig                      0x08003490   Section        0  stm32f4xx_hal_tim.o(i.TIM_OC3_SetConfig)
    TIM_OC3_SetConfig                        0x08003491   Thumb Code    96  stm32f4xx_hal_tim.o(i.TIM_OC3_SetConfig)
    i.TIM_OC4_SetConfig                      0x080034f8   Section        0  stm32f4xx_hal_tim.o(i.TIM_OC4_SetConfig)
    TIM_OC4_SetConfig                        0x080034f9   Thumb Code    70  stm32f4xx_hal_tim.o(i.TIM_OC4_SetConfig)
    i.TIM_TI1_ConfigInputStage               0x08003548   Section        0  stm32f4xx_hal_tim.o(i.TIM_TI1_ConfigInputStage)
    TIM_TI1_ConfigInputStage                 0x08003549   Thumb Code    34  stm32f4xx_hal_tim.o(i.TIM_TI1_ConfigInputStage)
    i.TIM_TI2_ConfigInputStage               0x0800356a   Section        0  stm32f4xx_hal_tim.o(i.TIM_TI2_ConfigInputStage)
    TIM_TI2_ConfigInputStage                 0x0800356b   Thumb Code    36  stm32f4xx_hal_tim.o(i.TIM_TI2_ConfigInputStage)
    i.UART_DMAAbortOnError                   0x0800358e   Section        0  stm32f4xx_hal_uart.o(i.UART_DMAAbortOnError)
    UART_DMAAbortOnError                     0x0800358f   Thumb Code    16  stm32f4xx_hal_uart.o(i.UART_DMAAbortOnError)
    i.UART_EndRxTransfer                     0x0800359e   Section        0  stm32f4xx_hal_uart.o(i.UART_EndRxTransfer)
    UART_EndRxTransfer                       0x0800359f   Thumb Code    28  stm32f4xx_hal_uart.o(i.UART_EndRxTransfer)
    i.UART_Receive_IT                        0x080035ba   Section        0  stm32f4xx_hal_uart.o(i.UART_Receive_IT)
    UART_Receive_IT                          0x080035bb   Thumb Code   150  stm32f4xx_hal_uart.o(i.UART_Receive_IT)
    i.UART_SetConfig                         0x08003650   Section        0  stm32f4xx_hal_uart.o(i.UART_SetConfig)
    UART_SetConfig                           0x08003651   Thumb Code   676  stm32f4xx_hal_uart.o(i.UART_SetConfig)
    i.UART_Transmit_IT                       0x080038fc   Section        0  stm32f4xx_hal_uart.o(i.UART_Transmit_IT)
    UART_Transmit_IT                         0x080038fd   Thumb Code    98  stm32f4xx_hal_uart.o(i.UART_Transmit_IT)
    i.UART_WaitOnFlagUntilTimeout            0x0800395e   Section        0  stm32f4xx_hal_uart.o(i.UART_WaitOnFlagUntilTimeout)
    UART_WaitOnFlagUntilTimeout              0x0800395f   Thumb Code   100  stm32f4xx_hal_uart.o(i.UART_WaitOnFlagUntilTimeout)
    i.USART1_IRQHandler                      0x080039c4   Section        0  stm32f4xx_it.o(i.USART1_IRQHandler)
    i.UsageFault_Handler                     0x080039d0   Section        0  stm32f4xx_it.o(i.UsageFault_Handler)
    i.__NVIC_SetPriority                     0x080039d2   Section        0  stm32f4xx_hal_cortex.o(i.__NVIC_SetPriority)
    __NVIC_SetPriority                       0x080039d3   Thumb Code    32  stm32f4xx_hal_cortex.o(i.__NVIC_SetPriority)
    i.__scatterload_copy                     0x080039f2   Section       14  handlers.o(i.__scatterload_copy)
    i.__scatterload_null                     0x08003a00   Section        2  handlers.o(i.__scatterload_null)
    i.__scatterload_zeroinit                 0x08003a02   Section       14  handlers.o(i.__scatterload_zeroinit)
    i.button_update                          0x08003a10   Section        0  button.o(i.button_update)
    i.esp_recieve_handle                     0x08003aa0   Section        0  esp8266.o(i.esp_recieve_handle)
    i.getTime                                0x08003b20   Section        0  esp8266.o(i.getTime)
    i.is_button_pressed                      0x08003b2c   Section        0  button.o(i.is_button_pressed)
    i.itos                                   0x08003b50   Section        0  tft.o(i.itos)
    itos                                     0x08003b51   Thumb Code    74  tft.o(i.itos)
    i.led_blink                              0x08003b9c   Section        0  led.o(i.led_blink)
    i.led_off                                0x08003bac   Section        0  led.o(i.led_off)
    i.led_on                                 0x08003bc0   Section        0  led.o(i.led_on)
    i.led_toggle                             0x08003bd4   Section        0  led.o(i.led_toggle)
    i.led_update                             0x08003be8   Section        0  led.o(i.led_update)
    i.main                                   0x08003c34   Section        0  main.o(i.main)
    i.print                                  0x08003d4c   Section        0  tft.o(i.print)
    print                                    0x08003d4d   Thumb Code   240  tft.o(i.print)
    i.printi                                 0x08003e44   Section        0  tft.o(i.printi)
    printi                                   0x08003e45   Thumb Code   148  tft.o(i.printi)
    i.prints                                 0x08003ed8   Section        0  tft.o(i.prints)
    prints                                   0x08003ed9   Thumb Code   116  tft.o(i.prints)
    i.requestTime                            0x08003f4c   Section        0  esp8266.o(i.requestTime)
    i.set_button_onClickListener             0x08003f94   Section        0  button.o(i.set_button_onClickListener)
    i.tft_char_is_changed                    0x08003fa8   Section        0  tft.o(i.tft_char_is_changed)
    tft_char_is_changed                      0x08003fa9   Thumb Code   122  tft.o(i.tft_char_is_changed)
    i.tft_clear                              0x08004034   Section        0  tft.o(i.tft_clear)
    i.tft_clear_line                         0x08004054   Section        0  tft.o(i.tft_clear_line)
    i.tft_config                             0x080040c0   Section        0  tft.o(i.tft_config)
    tft_config                               0x080040c1   Thumb Code   110  tft.o(i.tft_config)
    i.tft_fill_color                         0x08004138   Section        0  tft.o(i.tft_fill_color)
    i.tft_init                               0x08004184   Section        0  tft.o(i.tft_init)
    i.tft_printc                             0x08004204   Section        0  tft.o(i.tft_printc)
    i.tft_printi                             0x08004310   Section        0  tft.o(i.tft_printi)
    i.tft_prints                             0x08004332   Section        0  tft.o(i.tft_prints)
    i.tft_reset                              0x08004368   Section        0  tft.o(i.tft_reset)
    i.tft_set_region                         0x080043a4   Section        0  tft.o(i.tft_set_region)
    tft_set_region                           0x080043a5   Thumb Code    34  tft.o(i.tft_set_region)
    i.tft_update                             0x080043c8   Section        0  tft.o(i.tft_update)
    i.tft_write_2hword                       0x0800453c   Section        0  tft.o(i.tft_write_2hword)
    tft_write_2hword                         0x0800453d   Thumb Code    40  tft.o(i.tft_write_2hword)
    i.tft_write_command                      0x08004564   Section        0  tft.o(i.tft_write_command)
    tft_write_command                        0x08004565   Thumb Code    34  tft.o(i.tft_write_command)
    i.tft_write_data                         0x08004594   Section        0  tft.o(i.tft_write_data)
    tft_write_data                           0x08004595   Thumb Code    32  tft.o(i.tft_write_data)
    i.tft_write_many                         0x080045c0   Section        0  tft.o(i.tft_write_many)
    tft_write_many                           0x080045c1   Thumb Code    22  tft.o(i.tft_write_many)
    i.touch_interrupt_handler                0x080045d8   Section        0  xpt2046.o(i.touch_interrupt_handler)
    i.ws2812_i2c_init                        0x08004608   Section        0  ws2812.o(i.ws2812_i2c_init)
    i.ws2812_panel_count_inc                 0x0800460c   Section        0  ws2812.o(i.ws2812_panel_count_inc)
    i.xpt_readRawValue                       0x0800461c   Section        0  xpt2046.o(i.xpt_readRawValue)
    .constdata                               0x0800461e   Section        8  stm32f4xx_hal_dma.o(.constdata)
    flagBitshiftOffset                       0x0800461e   Data           8  stm32f4xx_hal_dma.o(.constdata)
    .constdata                               0x08004626   Section       16  system_stm32f4xx.o(.constdata)
    .constdata                               0x08004636   Section        8  system_stm32f4xx.o(.constdata)
    .constdata                               0x0800463e   Section       75  tft.o(.constdata)
    tft_orientation_init_code                0x0800463e   Data           4  tft.o(.constdata)
    tft_init_code                            0x08004642   Data          71  tft.o(.constdata)
    .data                                    0x20000000   Section        4  main.o(.data)
    last_ticks                               0x20000000   Data           4  main.o(.data)
    .data                                    0x20000004   Section       12  stm32f4xx_hal.o(.data)
    .data                                    0x20000010   Section        4  system_stm32f4xx.o(.data)
    .data                                    0x20000014   Section       52  led.o(.data)
    last_led_ticks                           0x20000014   Data           4  led.o(.data)
    LEDS                                     0x20000018   Data          48  led.o(.data)
    .data                                    0x20000048   Section      112  button.o(.data)
    last_button_ticks                        0x20000048   Data           4  button.o(.data)
    BUTTONS                                  0x2000004c   Data         108  button.o(.data)
    .data                                    0x200000b8   Section       12  esp8266.o(.data)
    curTime                                  0x200000bc   Data           4  esp8266.o(.data)
    tx_buff                                  0x200000c0   Data           4  esp8266.o(.data)
    .data                                    0x200000c4   Section       28  ws2812.o(.data)
    brightness                               0x200000c4   Data           1  ws2812.o(.data)
    SCL_PORT                                 0x200000c8   Data           8  ws2812.o(.data)
    SDA_PORT                                 0x200000d0   Data           8  ws2812.o(.data)
    DIR_PORT                                 0x200000d8   Data           8  ws2812.o(.data)
    .data                                    0x200000e0   Section        1  pir.o(.data)
    .data                                    0x200000e2   Section     3600  tft.o(.data)
    .bss                                     0x20000ef4   Section      144  adc.o(.bss)
    .bss                                     0x20000f84   Section      168  i2c.o(.bss)
    .bss                                     0x2000102c   Section      132  sdio.o(.bss)
    .bss                                     0x200010b0   Section      456  spi.o(.bss)
    .bss                                     0x20001278   Section      128  tim.o(.bss)
    .bss                                     0x200012f8   Section      128  usart.o(.bss)
    .bss                                     0x20001378   Section       10  esp8266.o(.bss)
    .bss                                     0x20001382   Section    28480  tft.o(.bss)
    tft_dma_bufs                             0x200032c2   Data       20480  tft.o(.bss)
    STACK                                    0x200082c8   Section     1024  startup_stm32f407xx.o(STACK)

    Global Symbols

    Symbol Name                              Value     Ov Type        Size  Object(Section)

    BuildAttributes$$THM_ISAv4$E$P$D$K$B$S$7EM$VFPi3$EXTD16$VFPS$VFMA$PE$A:L22UL41UL21$X:L11$S22US41US21$IEEE1$IW$USESV6$~STKCKD$USESV7$~SHL$OSPACE$EBA8$MICROLIB$REQ8$PRES8$EABIv2 0x00000000   Number         0  anon$$obj.o ABSOLUTE
    __ARM_use_no_argv                        0x00000000   Number         0  main.o ABSOLUTE
    __cpp_initialize__aeabi_                  - Undefined Weak Reference
    __cxa_finalize                            - Undefined Weak Reference
    _clock_init                               - Undefined Weak Reference
    _microlib_exit                            - Undefined Weak Reference
    __Vectors_Size                           0x00000188   Number         0  startup_stm32f407xx.o ABSOLUTE
    __Vectors                                0x08000000   Data           4  startup_stm32f407xx.o(RESET)
    __Vectors_End                            0x08000188   Data           0  startup_stm32f407xx.o(RESET)
    __main                                   0x08000189   Thumb Code     0  entry.o(.ARM.Collect$$$$00000000)
    _main_stk                                0x08000189   Thumb Code     0  entry2.o(.ARM.Collect$$$$00000001)
    _main_scatterload                        0x0800018d   Thumb Code     0  entry5.o(.ARM.Collect$$$$00000004)
    __main_after_scatterload                 0x08000191   Thumb Code     0  entry5.o(.ARM.Collect$$$$00000004)
    _main_clock                              0x08000191   Thumb Code     0  entry7b.o(.ARM.Collect$$$$00000008)
    _main_cpp_init                           0x08000191   Thumb Code     0  entry8b.o(.ARM.Collect$$$$0000000A)
    _main_init                               0x08000191   Thumb Code     0  entry9a.o(.ARM.Collect$$$$0000000B)
    __rt_final_cpp                           0x08000199   Thumb Code     0  entry10a.o(.ARM.Collect$$$$0000000D)
    __rt_final_exit                          0x08000199   Thumb Code     0  entry11a.o(.ARM.Collect$$$$0000000F)
    Reset_Handler                            0x0800019d   Thumb Code     8  startup_stm32f407xx.o(.text)
    ADC_IRQHandler                           0x080001b7   Thumb Code     0  startup_stm32f407xx.o(.text)
    CAN1_RX0_IRQHandler                      0x080001b7   Thumb Code     0  startup_stm32f407xx.o(.text)
    CAN1_RX1_IRQHandler                      0x080001b7   Thumb Code     0  startup_stm32f407xx.o(.text)
    CAN1_SCE_IRQHandler                      0x080001b7   Thumb Code     0  startup_stm32f407xx.o(.text)
    CAN1_TX_IRQHandler                       0x080001b7   Thumb Code     0  startup_stm32f407xx.o(.text)
    CAN2_RX0_IRQHandler                      0x080001b7   Thumb Code     0  startup_stm32f407xx.o(.text)
    CAN2_RX1_IRQHandler                      0x080001b7   Thumb Code     0  startup_stm32f407xx.o(.text)
    CAN2_SCE_IRQHandler                      0x080001b7   Thumb Code     0  startup_stm32f407xx.o(.text)
    CAN2_TX_IRQHandler                       0x080001b7   Thumb Code     0  startup_stm32f407xx.o(.text)
    DCMI_IRQHandler                          0x080001b7   Thumb Code     0  startup_stm32f407xx.o(.text)
    DMA1_Stream0_IRQHandler                  0x080001b7   Thumb Code     0  startup_stm32f407xx.o(.text)
    DMA1_Stream1_IRQHandler                  0x080001b7   Thumb Code     0  startup_stm32f407xx.o(.text)
    DMA1_Stream2_IRQHandler                  0x080001b7   Thumb Code     0  startup_stm32f407xx.o(.text)
    DMA1_Stream3_IRQHandler                  0x080001b7   Thumb Code     0  startup_stm32f407xx.o(.text)
    DMA1_Stream4_IRQHandler                  0x080001b7   Thumb Code     0  startup_stm32f407xx.o(.text)
    DMA1_Stream5_IRQHandler                  0x080001b7   Thumb Code     0  startup_stm32f407xx.o(.text)
    DMA1_Stream6_IRQHandler                  0x080001b7   Thumb Code     0  startup_stm32f407xx.o(.text)
    DMA1_Stream7_IRQHandler                  0x080001b7   Thumb Code     0  startup_stm32f407xx.o(.text)
    DMA2_Stream1_IRQHandler                  0x080001b7   Thumb Code     0  startup_stm32f407xx.o(.text)
    DMA2_Stream2_IRQHandler                  0x080001b7   Thumb Code     0  startup_stm32f407xx.o(.text)
    DMA2_Stream4_IRQHandler                  0x080001b7   Thumb Code     0  startup_stm32f407xx.o(.text)
    DMA2_Stream5_IRQHandler                  0x080001b7   Thumb Code     0  startup_stm32f407xx.o(.text)
    DMA2_Stream6_IRQHandler                  0x080001b7   Thumb Code     0  startup_stm32f407xx.o(.text)
    DMA2_Stream7_IRQHandler                  0x080001b7   Thumb Code     0  startup_stm32f407xx.o(.text)
    ETH_IRQHandler                           0x080001b7   Thumb Code     0  startup_stm32f407xx.o(.text)
    ETH_WKUP_IRQHandler                      0x080001b7   Thumb Code     0  startup_stm32f407xx.o(.text)
    EXTI0_IRQHandler                         0x080001b7   Thumb Code     0  startup_stm32f407xx.o(.text)
    EXTI1_IRQHandler                         0x080001b7   Thumb Code     0  startup_stm32f407xx.o(.text)
    EXTI3_IRQHandler                         0x080001b7   Thumb Code     0  startup_stm32f407xx.o(.text)
    EXTI9_5_IRQHandler                       0x080001b7   Thumb Code     0  startup_stm32f407xx.o(.text)
    FLASH_IRQHandler                         0x080001b7   Thumb Code     0  startup_stm32f407xx.o(.text)
    FMC_IRQHandler                           0x080001b7   Thumb Code     0  startup_stm32f407xx.o(.text)
    FPU_IRQHandler                           0x080001b7   Thumb Code     0  startup_stm32f407xx.o(.text)
    HASH_RNG_IRQHandler                      0x080001b7   Thumb Code     0  startup_stm32f407xx.o(.text)
    I2C1_ER_IRQHandler                       0x080001b7   Thumb Code     0  startup_stm32f407xx.o(.text)
    I2C1_EV_IRQHandler                       0x080001b7   Thumb Code     0  startup_stm32f407xx.o(.text)
    I2C2_ER_IRQHandler                       0x080001b7   Thumb Code     0  startup_stm32f407xx.o(.text)
    I2C2_EV_IRQHandler                       0x080001b7   Thumb Code     0  startup_stm32f407xx.o(.text)
    I2C3_ER_IRQHandler                       0x080001b7   Thumb Code     0  startup_stm32f407xx.o(.text)
    I2C3_EV_IRQHandler                       0x080001b7   Thumb Code     0  startup_stm32f407xx.o(.text)
    OTG_FS_IRQHandler                        0x080001b7   Thumb Code     0  startup_stm32f407xx.o(.text)
    OTG_FS_WKUP_IRQHandler                   0x080001b7   Thumb Code     0  startup_stm32f407xx.o(.text)
    OTG_HS_EP1_IN_IRQHandler                 0x080001b7   Thumb Code     0  startup_stm32f407xx.o(.text)
    OTG_HS_EP1_OUT_IRQHandler                0x080001b7   Thumb Code     0  startup_stm32f407xx.o(.text)
    OTG_HS_IRQHandler                        0x080001b7   Thumb Code     0  startup_stm32f407xx.o(.text)
    OTG_HS_WKUP_IRQHandler                   0x080001b7   Thumb Code     0  startup_stm32f407xx.o(.text)
    PVD_IRQHandler                           0x080001b7   Thumb Code     0  startup_stm32f407xx.o(.text)
    RCC_IRQHandler                           0x080001b7   Thumb Code     0  startup_stm32f407xx.o(.text)
    RTC_Alarm_IRQHandler                     0x080001b7   Thumb Code     0  startup_stm32f407xx.o(.text)
    RTC_WKUP_IRQHandler                      0x080001b7   Thumb Code     0  startup_stm32f407xx.o(.text)
    SDIO_IRQHandler                          0x080001b7   Thumb Code     0  startup_stm32f407xx.o(.text)
    SPI2_IRQHandler                          0x080001b7   Thumb Code     0  startup_stm32f407xx.o(.text)
    SPI3_IRQHandler                          0x080001b7   Thumb Code     0  startup_stm32f407xx.o(.text)
    TAMP_STAMP_IRQHandler                    0x080001b7   Thumb Code     0  startup_stm32f407xx.o(.text)
    TIM1_BRK_TIM9_IRQHandler                 0x080001b7   Thumb Code     0  startup_stm32f407xx.o(.text)
    TIM1_CC_IRQHandler                       0x080001b7   Thumb Code     0  startup_stm32f407xx.o(.text)
    TIM1_TRG_COM_TIM11_IRQHandler            0x080001b7   Thumb Code     0  startup_stm32f407xx.o(.text)
    TIM1_UP_TIM10_IRQHandler                 0x080001b7   Thumb Code     0  startup_stm32f407xx.o(.text)
    TIM2_IRQHandler                          0x080001b7   Thumb Code     0  startup_stm32f407xx.o(.text)
    TIM3_IRQHandler                          0x080001b7   Thumb Code     0  startup_stm32f407xx.o(.text)
    TIM4_IRQHandler                          0x080001b7   Thumb Code     0  startup_stm32f407xx.o(.text)
    TIM5_IRQHandler                          0x080001b7   Thumb Code     0  startup_stm32f407xx.o(.text)
    TIM6_DAC_IRQHandler                      0x080001b7   Thumb Code     0  startup_stm32f407xx.o(.text)
    TIM7_IRQHandler                          0x080001b7   Thumb Code     0  startup_stm32f407xx.o(.text)
    TIM8_BRK_TIM12_IRQHandler                0x080001b7   Thumb Code     0  startup_stm32f407xx.o(.text)
    TIM8_CC_IRQHandler                       0x080001b7   Thumb Code     0  startup_stm32f407xx.o(.text)
    TIM8_TRG_COM_TIM14_IRQHandler            0x080001b7   Thumb Code     0  startup_stm32f407xx.o(.text)
    TIM8_UP_TIM13_IRQHandler                 0x080001b7   Thumb Code     0  startup_stm32f407xx.o(.text)
    UART4_IRQHandler                         0x080001b7   Thumb Code     0  startup_stm32f407xx.o(.text)
    UART5_IRQHandler                         0x080001b7   Thumb Code     0  startup_stm32f407xx.o(.text)
    USART2_IRQHandler                        0x080001b7   Thumb Code     0  startup_stm32f407xx.o(.text)
    USART3_IRQHandler                        0x080001b7   Thumb Code     0  startup_stm32f407xx.o(.text)
    USART6_IRQHandler                        0x080001b7   Thumb Code     0  startup_stm32f407xx.o(.text)
    WWDG_IRQHandler                          0x080001b7   Thumb Code     0  startup_stm32f407xx.o(.text)
    __aeabi_uldivmod                         0x080001c1   Thumb Code    98  uldiv.o(.text)
    __aeabi_memset                           0x08000223   Thumb Code    14  memseta.o(.text)
    __aeabi_memset4                          0x08000223   Thumb Code     0  memseta.o(.text)
    __aeabi_memset8                          0x08000223   Thumb Code     0  memseta.o(.text)
    __aeabi_memclr                           0x08000231   Thumb Code     4  memseta.o(.text)
    __aeabi_memclr4                          0x08000231   Thumb Code     0  memseta.o(.text)
    __aeabi_memclr8                          0x08000231   Thumb Code     0  memseta.o(.text)
    _memset$wrapper                          0x08000235   Thumb Code    18  memseta.o(.text)
    __aeabi_llsl                             0x08000247   Thumb Code    30  llshl.o(.text)
    _ll_shift_l                              0x08000247   Thumb Code     0  llshl.o(.text)
    __aeabi_llsr                             0x08000265   Thumb Code    32  llushr.o(.text)
    _ll_ushift_r                             0x08000265   Thumb Code     0  llushr.o(.text)
    __scatterload                            0x08000285   Thumb Code    28  init.o(.text)
    __scatterload_rt2                        0x08000285   Thumb Code     0  init.o(.text)
    __decompress                             0x080002a9   Thumb Code     0  __dclz77c.o(.text)
    __decompress2                            0x080002a9   Thumb Code    94  __dclz77c.o(.text)
    BusFault_Handler                         0x08000431   Thumb Code     2  stm32f4xx_it.o(i.BusFault_Handler)
    DMA2_Stream0_IRQHandler                  0x08000435   Thumb Code     6  stm32f4xx_it.o(i.DMA2_Stream0_IRQHandler)
    DMA2_Stream3_IRQHandler                  0x08000441   Thumb Code     6  stm32f4xx_it.o(i.DMA2_Stream3_IRQHandler)
    DebugMon_Handler                         0x080004c9   Thumb Code     2  stm32f4xx_it.o(i.DebugMon_Handler)
    EXTI15_10_IRQHandler                     0x080004cd   Thumb Code    48  stm32f4xx_it.o(i.EXTI15_10_IRQHandler)
    EXTI2_IRQHandler                         0x08000501   Thumb Code    28  stm32f4xx_it.o(i.EXTI2_IRQHandler)
    EXTI4_IRQHandler                         0x08000521   Thumb Code    28  stm32f4xx_it.o(i.EXTI4_IRQHandler)
    Error_Handler                            0x08000541   Thumb Code     2  main.o(i.Error_Handler)
    HAL_ADC_ConfigChannel                    0x08000545   Thumb Code   316  stm32f4xx_hal_adc.o(i.HAL_ADC_ConfigChannel)
    HAL_ADC_Init                             0x08000691   Thumb Code    84  stm32f4xx_hal_adc.o(i.HAL_ADC_Init)
    HAL_ADC_MspInit                          0x080006e5   Thumb Code   126  adc.o(i.HAL_ADC_MspInit)
    HAL_DMA_Abort_IT                         0x08000775   Thumb Code    36  stm32f4xx_hal_dma.o(i.HAL_DMA_Abort_IT)
    HAL_DMA_IRQHandler                       0x08000799   Thumb Code   412  stm32f4xx_hal_dma.o(i.HAL_DMA_IRQHandler)
    HAL_DMA_Init                             0x08000939   Thumb Code   206  stm32f4xx_hal_dma.o(i.HAL_DMA_Init)
    HAL_Delay                                0x08000a0d   Thumb Code    32  stm32f4xx_hal.o(i.HAL_Delay)
    HAL_GPIO_EXTI_Callback                   0x08000a31   Thumb Code     2  stm32f4xx_hal_gpio.o(i.HAL_GPIO_EXTI_Callback)
    HAL_GPIO_Init                            0x08000a35   Thumb Code   388  stm32f4xx_hal_gpio.o(i.HAL_GPIO_Init)
    HAL_GPIO_ReadPin                         0x08000be5   Thumb Code    10  stm32f4xx_hal_gpio.o(i.HAL_GPIO_ReadPin)
    HAL_GPIO_TogglePin                       0x08000bef   Thumb Code    14  stm32f4xx_hal_gpio.o(i.HAL_GPIO_TogglePin)
    HAL_GPIO_WritePin                        0x08000bfd   Thumb Code    10  stm32f4xx_hal_gpio.o(i.HAL_GPIO_WritePin)
    HAL_GetTick                              0x08000c09   Thumb Code     6  stm32f4xx_hal.o(i.HAL_GetTick)
    HAL_I2C_Init                             0x08000c15   Thumb Code   356  stm32f4xx_hal_i2c.o(i.HAL_I2C_Init)
    HAL_I2C_MspInit                          0x08000d89   Thumb Code   142  i2c.o(i.HAL_I2C_MspInit)
    HAL_IncTick                              0x08000e29   Thumb Code    12  stm32f4xx_hal.o(i.HAL_IncTick)
    HAL_Init                                 0x08000e39   Thumb Code    48  stm32f4xx_hal.o(i.HAL_Init)
    HAL_InitTick                             0x08000e6d   Thumb Code    54  stm32f4xx_hal.o(i.HAL_InitTick)
    HAL_MspInit                              0x08000ead   Thumb Code    42  stm32f4xx_hal_msp.o(i.HAL_MspInit)
    HAL_NVIC_EnableIRQ                       0x08000edd   Thumb Code    26  stm32f4xx_hal_cortex.o(i.HAL_NVIC_EnableIRQ)
    HAL_NVIC_SetPriority                     0x08000ef9   Thumb Code    60  stm32f4xx_hal_cortex.o(i.HAL_NVIC_SetPriority)
    HAL_NVIC_SetPriorityGrouping             0x08000f39   Thumb Code    26  stm32f4xx_hal_cortex.o(i.HAL_NVIC_SetPriorityGrouping)
    HAL_RCC_ClockConfig                      0x08000f5d   Thumb Code   286  stm32f4xx_hal_rcc.o(i.HAL_RCC_ClockConfig)
    HAL_RCC_GetPCLK1Freq                     0x0800108d   Thumb Code    20  stm32f4xx_hal_rcc.o(i.HAL_RCC_GetPCLK1Freq)
    HAL_RCC_GetPCLK2Freq                     0x080010ad   Thumb Code    20  stm32f4xx_hal_rcc.o(i.HAL_RCC_GetPCLK2Freq)
    HAL_RCC_GetSysClockFreq                  0x080010cd   Thumb Code    88  stm32f4xx_hal_rcc.o(i.HAL_RCC_GetSysClockFreq)
    HAL_RCC_OscConfig                        0x0800112d   Thumb Code   770  stm32f4xx_hal_rcc.o(i.HAL_RCC_OscConfig)
    HAL_SD_ConfigWideBusOperation            0x08001449   Thumb Code   120  stm32f4xx_hal_sd.o(i.HAL_SD_ConfigWideBusOperation)
    HAL_SD_GetCardCSD                        0x080014c1   Thumb Code   474  stm32f4xx_hal_sd.o(i.HAL_SD_GetCardCSD)
    HAL_SD_Init                              0x0800169b   Thumb Code    54  stm32f4xx_hal_sd.o(i.HAL_SD_Init)
    HAL_SD_InitCard                          0x080016d1   Thumb Code    80  stm32f4xx_hal_sd.o(i.HAL_SD_InitCard)
    HAL_SD_MspInit                           0x08001725   Thumb Code   130  sdio.o(i.HAL_SD_MspInit)
    HAL_SPI_ErrorCallback                    0x080017b9   Thumb Code     2  stm32f4xx_hal_spi.o(i.HAL_SPI_ErrorCallback)
    HAL_SPI_GetState                         0x080017bb   Thumb Code     6  stm32f4xx_hal_spi.o(i.HAL_SPI_GetState)
    HAL_SPI_IRQHandler                       0x080017c1   Thumb Code   246  stm32f4xx_hal_spi.o(i.HAL_SPI_IRQHandler)
    HAL_SPI_Init                             0x080018bd   Thumb Code   128  stm32f4xx_hal_spi.o(i.HAL_SPI_Init)
    HAL_SPI_MspInit                          0x0800193d   Thumb Code   316  spi.o(i.HAL_SPI_MspInit)
    HAL_SPI_Transmit                         0x08001a99   Thumb Code   348  stm32f4xx_hal_spi.o(i.HAL_SPI_Transmit)
    HAL_SYSTICK_Config                       0x08001bf5   Thumb Code    40  stm32f4xx_hal_cortex.o(i.HAL_SYSTICK_Config)
    HAL_TIMEx_MasterConfigSynchronization    0x08001c1d   Thumb Code    66  stm32f4xx_hal_tim_ex.o(i.HAL_TIMEx_MasterConfigSynchronization)
    HAL_TIM_Base_Init                        0x08001c5f   Thumb Code    54  stm32f4xx_hal_tim.o(i.HAL_TIM_Base_Init)
    HAL_TIM_Base_MspInit                     0x08001c95   Thumb Code    30  tim.o(i.HAL_TIM_Base_MspInit)
    HAL_TIM_ConfigClockSource                0x08001cbd   Thumb Code   214  stm32f4xx_hal_tim.o(i.HAL_TIM_ConfigClockSource)
    HAL_TIM_MspPostInit                      0x08001d95   Thumb Code   112  tim.o(i.HAL_TIM_MspPostInit)
    HAL_TIM_PWM_ConfigChannel                0x08001e15   Thumb Code   208  stm32f4xx_hal_tim.o(i.HAL_TIM_PWM_ConfigChannel)
    HAL_TIM_PWM_Init                         0x08001ee5   Thumb Code    54  stm32f4xx_hal_tim.o(i.HAL_TIM_PWM_Init)
    HAL_TIM_PWM_MspInit                      0x08001f1d   Thumb Code    30  tim.o(i.HAL_TIM_PWM_MspInit)
    HAL_UART_ErrorCallback                   0x08001f41   Thumb Code     2  stm32f4xx_hal_uart.o(i.HAL_UART_ErrorCallback)
    HAL_UART_IRQHandler                      0x08001f45   Thumb Code   266  stm32f4xx_hal_uart.o(i.HAL_UART_IRQHandler)
    HAL_UART_Init                            0x08002055   Thumb Code    98  stm32f4xx_hal_uart.o(i.HAL_UART_Init)
    HAL_UART_MspInit                         0x080020b9   Thumb Code   176  usart.o(i.HAL_UART_MspInit)
    HAL_UART_Receive                         0x0800217d   Thumb Code   184  stm32f4xx_hal_uart.o(i.HAL_UART_Receive)
    HAL_UART_RxCpltCallback                  0x08002235   Thumb Code     2  stm32f4xx_hal_uart.o(i.HAL_UART_RxCpltCallback)
    HAL_UART_Transmit                        0x08002237   Thumb Code   186  stm32f4xx_hal_uart.o(i.HAL_UART_Transmit)
    HAL_UART_TxCpltCallback                  0x080022f1   Thumb Code     2  stm32f4xx_hal_uart.o(i.HAL_UART_TxCpltCallback)
    HardFault_Handler                        0x080022f3   Thumb Code     8  stm32f4xx_it.o(i.HardFault_Handler)
    MX_ADC1_Init                             0x080022fd   Thumb Code    86  adc.o(i.MX_ADC1_Init)
    MX_ADC3_Init                             0x08002361   Thumb Code    86  adc.o(i.MX_ADC3_Init)
    MX_DMA_Init                              0x080023c5   Thumb Code    56  dma.o(i.MX_DMA_Init)
    MX_GPIO_Init                             0x08002401   Thumb Code   388  gpio.o(i.MX_GPIO_Init)
    MX_I2C1_Init                             0x080025a1   Thumb Code    50  i2c.o(i.MX_I2C1_Init)
    MX_I2C2_Init                             0x080025e1   Thumb Code    50  i2c.o(i.MX_I2C2_Init)
    MX_SDIO_SD_Init                          0x08002621   Thumb Code    56  sdio.o(i.MX_SDIO_SD_Init)
    MX_SPI1_Init                             0x08002661   Thumb Code    60  spi.o(i.MX_SPI1_Init)
    MX_SPI2_Init                             0x080026a5   Thumb Code    60  spi.o(i.MX_SPI2_Init)
    MX_SPI3_Init                             0x080026e9   Thumb Code    60  spi.o(i.MX_SPI3_Init)
    MX_TIM2_Init                             0x0800272d   Thumb Code   100  tim.o(i.MX_TIM2_Init)
    MX_TIM3_Init                             0x08002795   Thumb Code   138  tim.o(i.MX_TIM3_Init)
    MX_USART1_UART_Init                      0x08002829   Thumb Code    48  usart.o(i.MX_USART1_UART_Init)
    MX_USART6_UART_Init                      0x08002861   Thumb Code    48  usart.o(i.MX_USART6_UART_Init)
    MemManage_Handler                        0x08002899   Thumb Code     2  stm32f4xx_it.o(i.MemManage_Handler)
    NMI_Handler                              0x0800289b   Thumb Code     2  stm32f4xx_it.o(i.NMI_Handler)
    PIR_init                                 0x0800289d   Thumb Code    16  pir.o(i.PIR_init)
    PIR_interrupt_handle                     0x080028b5   Thumb Code    16  pir.o(i.PIR_interrupt_handle)
    PendSV_Handler                           0x080028cd   Thumb Code     2  stm32f4xx_it.o(i.PendSV_Handler)
    SDIO_ConfigData                          0x080028cf   Thumb Code    36  stm32f4xx_ll_sdmmc.o(i.SDIO_ConfigData)
    SDIO_GetPowerState                       0x080028f3   Thumb Code     8  stm32f4xx_ll_sdmmc.o(i.SDIO_GetPowerState)
    SDIO_GetResponse                         0x080028fb   Thumb Code    12  stm32f4xx_ll_sdmmc.o(i.SDIO_GetResponse)
    SDIO_Init                                0x08002907   Thumb Code    36  stm32f4xx_ll_sdmmc.o(i.SDIO_Init)
    SDIO_PowerState_ON                       0x0800292b   Thumb Code     8  stm32f4xx_ll_sdmmc.o(i.SDIO_PowerState_ON)
    SDIO_ReadFIFO                            0x08002933   Thumb Code     6  stm32f4xx_ll_sdmmc.o(i.SDIO_ReadFIFO)
    SDIO_SendCommand                         0x08002939   Thumb Code    32  stm32f4xx_ll_sdmmc.o(i.SDIO_SendCommand)
    SDMMC_CmdAppCommand                      0x08002959   Thumb Code    50  stm32f4xx_ll_sdmmc.o(i.SDMMC_CmdAppCommand)
    SDMMC_CmdAppOperCommand                  0x0800298d   Thumb Code    48  stm32f4xx_ll_sdmmc.o(i.SDMMC_CmdAppOperCommand)
    SDMMC_CmdBlockLength                     0x080029c1   Thumb Code    50  stm32f4xx_ll_sdmmc.o(i.SDMMC_CmdBlockLength)
    SDMMC_CmdBusWidth                        0x080029f3   Thumb Code    50  stm32f4xx_ll_sdmmc.o(i.SDMMC_CmdBusWidth)
    SDMMC_CmdGoIdleState                     0x08002a25   Thumb Code    76  stm32f4xx_ll_sdmmc.o(i.SDMMC_CmdGoIdleState)
    SDMMC_CmdOperCond                        0x08002a75   Thumb Code    98  stm32f4xx_ll_sdmmc.o(i.SDMMC_CmdOperCond)
    SDMMC_CmdSelDesel                        0x08002add   Thumb Code    50  stm32f4xx_ll_sdmmc.o(i.SDMMC_CmdSelDesel)
    SDMMC_CmdSendCID                         0x08002b0f   Thumb Code    44  stm32f4xx_ll_sdmmc.o(i.SDMMC_CmdSendCID)
    SDMMC_CmdSendCSD                         0x08002b3b   Thumb Code    44  stm32f4xx_ll_sdmmc.o(i.SDMMC_CmdSendCSD)
    SDMMC_CmdSendSCR                         0x08002b67   Thumb Code    48  stm32f4xx_ll_sdmmc.o(i.SDMMC_CmdSendSCR)
    SDMMC_CmdSetRelAdd                       0x08002b97   Thumb Code    48  stm32f4xx_ll_sdmmc.o(i.SDMMC_CmdSetRelAdd)
    SPI1_IRQHandler                          0x080030f1   Thumb Code     6  stm32f4xx_it.o(i.SPI1_IRQHandler)
    SVC_Handler                              0x080031f9   Thumb Code     2  stm32f4xx_it.o(i.SVC_Handler)
    SysTick_Handler                          0x080031fb   Thumb Code     4  stm32f4xx_it.o(i.SysTick_Handler)
    SystemClock_Config                       0x08003201   Thumb Code   124  main.o(i.SystemClock_Config)
    SystemInit                               0x08003285   Thumb Code    66  system_stm32f4xx.o(i.SystemInit)
    TIM_Base_SetConfig                       0x080032d9   Thumb Code   156  stm32f4xx_hal_tim.o(i.TIM_Base_SetConfig)
    TIM_ETR_SetConfig                        0x080033a1   Thumb Code    20  stm32f4xx_hal_tim.o(i.TIM_ETR_SetConfig)
    TIM_OC2_SetConfig                        0x08003425   Thumb Code    98  stm32f4xx_hal_tim.o(i.TIM_OC2_SetConfig)
    USART1_IRQHandler                        0x080039c5   Thumb Code     6  stm32f4xx_it.o(i.USART1_IRQHandler)
    UsageFault_Handler                       0x080039d1   Thumb Code     2  stm32f4xx_it.o(i.UsageFault_Handler)
    __scatterload_copy                       0x080039f3   Thumb Code    14  handlers.o(i.__scatterload_copy)
    __scatterload_null                       0x08003a01   Thumb Code     2  handlers.o(i.__scatterload_null)
    __scatterload_zeroinit                   0x08003a03   Thumb Code    14  handlers.o(i.__scatterload_zeroinit)
    button_update                            0x08003a11   Thumb Code   140  button.o(i.button_update)
    esp_recieve_handle                       0x08003aa1   Thumb Code   114  esp8266.o(i.esp_recieve_handle)
    getTime                                  0x08003b21   Thumb Code     6  esp8266.o(i.getTime)
    is_button_pressed                        0x08003b2d   Thumb Code    32  button.o(i.is_button_pressed)
    led_blink                                0x08003b9d   Thumb Code    10  led.o(i.led_blink)
    led_off                                  0x08003bad   Thumb Code    16  led.o(i.led_off)
    led_on                                   0x08003bc1   Thumb Code    16  led.o(i.led_on)
    led_toggle                               0x08003bd5   Thumb Code    14  led.o(i.led_toggle)
    led_update                               0x08003be9   Thumb Code    70  led.o(i.led_update)
    main                                     0x08003c35   Thumb Code   226  main.o(i.main)
    requestTime                              0x08003f4d   Thumb Code    58  esp8266.o(i.requestTime)
    set_button_onClickListener               0x08003f95   Thumb Code    14  button.o(i.set_button_onClickListener)
    tft_clear                                0x08004035   Thumb Code    26  tft.o(i.tft_clear)
    tft_clear_line                           0x08004055   Thumb Code    92  tft.o(i.tft_clear_line)
    tft_fill_color                           0x08004139   Thumb Code    72  tft.o(i.tft_fill_color)
    tft_init                                 0x08004185   Thumb Code   122  tft.o(i.tft_init)
    tft_printc                               0x08004205   Thumb Code   250  tft.o(i.tft_printc)
    tft_printi                               0x08004311   Thumb Code    34  tft.o(i.tft_printi)
    tft_prints                               0x08004333   Thumb Code    52  tft.o(i.tft_prints)
    tft_reset                                0x08004369   Thumb Code    56  tft.o(i.tft_reset)
    tft_update                               0x080043c9   Thumb Code   348  tft.o(i.tft_update)
    touch_interrupt_handler                  0x080045d9   Thumb Code    42  xpt2046.o(i.touch_interrupt_handler)
    ws2812_i2c_init                          0x08004609   Thumb Code     2  ws2812.o(i.ws2812_i2c_init)
    ws2812_panel_count_inc                   0x0800460d   Thumb Code    10  ws2812.o(i.ws2812_panel_count_inc)
    xpt_readRawValue                         0x0800461d   Thumb Code     2  xpt2046.o(i.xpt_readRawValue)
    AHBPrescTable                            0x08004626   Data          16  system_stm32f4xx.o(.constdata)
    APBPrescTable                            0x08004636   Data           8  system_stm32f4xx.o(.constdata)
    Region$$Table$$Base                      0x0800468c   Number         0  anon$$obj.o(Region$$Table)
    Region$$Table$$Limit                     0x080046ac   Number         0  anon$$obj.o(Region$$Table)
    uwTickFreq                               0x20000004   Data           1  stm32f4xx_hal.o(.data)
    uwTickPrio                               0x20000008   Data           4  stm32f4xx_hal.o(.data)
    uwTick                                   0x2000000c   Data           4  stm32f4xx_hal.o(.data)
    SystemCoreClock                          0x20000010   Data           4  system_stm32f4xx.o(.data)
    data_length                              0x200000b8   Data           1  esp8266.o(.data)
    panel_count                              0x200000c6   Data           2  ws2812.o(.data)
    pir                                      0x200000e0   Data           1  pir.o(.data)
    tft_orientation                          0x200000e2   Data           1  tft.o(.data)
    char_max_x                               0x200000e3   Data           1  tft.o(.data)
    char_max_y                               0x200000e4   Data           1  tft.o(.data)
    cur_screen                               0x200000e5   Data           1  tft.o(.data)
    next_screen                              0x200000e6   Data           1  tft.o(.data)
    curr_bg_color                            0x200000e8   Data           2  tft.o(.data)
    curr_highlight_color                     0x200000ea   Data           2  tft.o(.data)
    curr_text_color                          0x200000ec   Data           2  tft.o(.data)
    curr_text_color_sp                       0x200000ee   Data           2  tft.o(.data)
    row_width                                0x200000f0   Data           2  tft.o(.data)
    ascii_8x16                               0x200000f2   Data        3584  tft.o(.data)
    hadc1                                    0x20000ef4   Data          72  adc.o(.bss)
    hadc3                                    0x20000f3c   Data          72  adc.o(.bss)
    hi2c1                                    0x20000f84   Data          84  i2c.o(.bss)
    hi2c2                                    0x20000fd8   Data          84  i2c.o(.bss)
    hsd                                      0x2000102c   Data         132  sdio.o(.bss)
    hspi1                                    0x200010b0   Data          88  spi.o(.bss)
    hspi2                                    0x20001108   Data          88  spi.o(.bss)
    hspi3                                    0x20001160   Data          88  spi.o(.bss)
    hdma_spi1_tx                             0x200011b8   Data          96  spi.o(.bss)
    hdma_spi1_rx                             0x20001218   Data          96  spi.o(.bss)
    htim2                                    0x20001278   Data          64  tim.o(.bss)
    htim3                                    0x200012b8   Data          64  tim.o(.bss)
    huart1                                   0x200012f8   Data          64  usart.o(.bss)
    huart6                                   0x20001338   Data          64  usart.o(.bss)
    rx_buff                                  0x20001378   Data          10  esp8266.o(.bss)
    text_buf                                 0x20001382   Data        1600  tft.o(.bss)
    text_color_buf                           0x200019c2   Data        3200  tft.o(.bss)
    bg_color_buf                             0x20002642   Data        3200  tft.o(.bss)
    __initial_sp                             0x200086c8   Data           0  startup_stm32f407xx.o(STACK)



==============================================================================

Memory Map of the image

  Image Entry point : 0x08000189

  Load Region LR_IROM1 (Base: 0x08000000, Size: 0x000055a0, Max: 0x00080000, ABSOLUTE, COMPRESSED[0x00004b50])

    Execution Region ER_IROM1 (Exec base: 0x08000000, Load base: 0x08000000, Size: 0x000046ac, Max: 0x00080000, ABSOLUTE)

    Exec Addr    Load Addr    Size         Type   Attr      Idx    E Section Name        Object

    0x08000000   0x08000000   0x00000188   Data   RO            3    RESET               startup_stm32f407xx.o
    0x08000188   0x08000188   0x00000000   Code   RO         5337  * .ARM.Collect$$$$00000000  mc_w.l(entry.o)
    0x08000188   0x08000188   0x00000004   Code   RO         5346    .ARM.Collect$$$$00000001  mc_w.l(entry2.o)
    0x0800018c   0x0800018c   0x00000004   Code   RO         5349    .ARM.Collect$$$$00000004  mc_w.l(entry5.o)
    0x08000190   0x08000190   0x00000000   Code   RO         5351    .ARM.Collect$$$$00000008  mc_w.l(entry7b.o)
    0x08000190   0x08000190   0x00000000   Code   RO         5353    .ARM.Collect$$$$0000000A  mc_w.l(entry8b.o)
    0x08000190   0x08000190   0x00000008   Code   RO         5354    .ARM.Collect$$$$0000000B  mc_w.l(entry9a.o)
    0x08000198   0x08000198   0x00000000   Code   RO         5356    .ARM.Collect$$$$0000000D  mc_w.l(entry10a.o)
    0x08000198   0x08000198   0x00000000   Code   RO         5358    .ARM.Collect$$$$0000000F  mc_w.l(entry11a.o)
    0x08000198   0x08000198   0x00000004   Code   RO         5347    .ARM.Collect$$$$00002712  mc_w.l(entry2.o)
    0x0800019c   0x0800019c   0x00000024   Code   RO            4    .text               startup_stm32f407xx.o
    0x080001c0   0x080001c0   0x00000062   Code   RO         5340    .text               mc_w.l(uldiv.o)
    0x08000222   0x08000222   0x00000024   Code   RO         5344    .text               mc_w.l(memseta.o)
    0x08000246   0x08000246   0x0000001e   Code   RO         5360    .text               mc_w.l(llshl.o)
    0x08000264   0x08000264   0x00000020   Code   RO         5362    .text               mc_w.l(llushr.o)
    0x08000284   0x08000284   0x00000024   Code   RO         5364    .text               mc_w.l(init.o)
    0x080002a8   0x080002a8   0x0000005e   Code   RO         5374    .text               mc_w.l(__dclz77c.o)
    0x08000306   0x08000306   0x00000002   PAD
    0x08000308   0x08000308   0x00000128   Code   RO          762    i.ADC_Init          stm32f4xx_hal_adc.o
    0x08000430   0x08000430   0x00000002   Code   RO          593    i.BusFault_Handler  stm32f4xx_it.o
    0x08000432   0x08000432   0x00000002   PAD
    0x08000434   0x08000434   0x0000000c   Code   RO          594    i.DMA2_Stream0_IRQHandler  stm32f4xx_it.o
    0x08000440   0x08000440   0x0000000c   Code   RO          595    i.DMA2_Stream3_IRQHandler  stm32f4xx_it.o
    0x0800044c   0x0800044c   0x00000028   Code   RO         4008    i.DMA_CalcBaseAndBitshift  stm32f4xx_hal_dma.o
    0x08000474   0x08000474   0x00000054   Code   RO         4009    i.DMA_CheckFifoParam  stm32f4xx_hal_dma.o
    0x080004c8   0x080004c8   0x00000002   Code   RO          596    i.DebugMon_Handler  stm32f4xx_it.o
    0x080004ca   0x080004ca   0x00000002   PAD
    0x080004cc   0x080004cc   0x00000034   Code   RO          597    i.EXTI15_10_IRQHandler  stm32f4xx_it.o
    0x08000500   0x08000500   0x00000020   Code   RO          598    i.EXTI2_IRQHandler  stm32f4xx_it.o
    0x08000520   0x08000520   0x00000020   Code   RO          599    i.EXTI4_IRQHandler  stm32f4xx_it.o
    0x08000540   0x08000540   0x00000002   Code   RO           13    i.Error_Handler     main.o
    0x08000542   0x08000542   0x00000002   PAD
    0x08000544   0x08000544   0x0000014c   Code   RO          764    i.HAL_ADC_ConfigChannel  stm32f4xx_hal_adc.o
    0x08000690   0x08000690   0x00000054   Code   RO          773    i.HAL_ADC_Init      stm32f4xx_hal_adc.o
    0x080006e4   0x080006e4   0x00000090   Code   RO          288    i.HAL_ADC_MspInit   adc.o
    0x08000774   0x08000774   0x00000024   Code   RO         4012    i.HAL_DMA_Abort_IT  stm32f4xx_hal_dma.o
    0x08000798   0x08000798   0x000001a0   Code   RO         4016    i.HAL_DMA_IRQHandler  stm32f4xx_hal_dma.o
    0x08000938   0x08000938   0x000000d4   Code   RO         4017    i.HAL_DMA_Init      stm32f4xx_hal_dma.o
    0x08000a0c   0x08000a0c   0x00000024   Code   RO         4430    i.HAL_Delay         stm32f4xx_hal.o
    0x08000a30   0x08000a30   0x00000002   Code   RO         3902    i.HAL_GPIO_EXTI_Callback  stm32f4xx_hal_gpio.o
    0x08000a32   0x08000a32   0x00000002   PAD
    0x08000a34   0x08000a34   0x000001b0   Code   RO         3904    i.HAL_GPIO_Init     stm32f4xx_hal_gpio.o
    0x08000be4   0x08000be4   0x0000000a   Code   RO         3906    i.HAL_GPIO_ReadPin  stm32f4xx_hal_gpio.o
    0x08000bee   0x08000bee   0x0000000e   Code   RO         3907    i.HAL_GPIO_TogglePin  stm32f4xx_hal_gpio.o
    0x08000bfc   0x08000bfc   0x0000000a   Code   RO         3908    i.HAL_GPIO_WritePin  stm32f4xx_hal_gpio.o
    0x08000c06   0x08000c06   0x00000002   PAD
    0x08000c08   0x08000c08   0x0000000c   Code   RO         4436    i.HAL_GetTick       stm32f4xx_hal.o
    0x08000c14   0x08000c14   0x00000174   Code   RO         1045    i.HAL_I2C_Init      stm32f4xx_hal_i2c.o
    0x08000d88   0x08000d88   0x000000a0   Code   RO          336    i.HAL_I2C_MspInit   i2c.o
    0x08000e28   0x08000e28   0x00000010   Code   RO         4442    i.HAL_IncTick       stm32f4xx_hal.o
    0x08000e38   0x08000e38   0x00000034   Code   RO         4443    i.HAL_Init          stm32f4xx_hal.o
    0x08000e6c   0x08000e6c   0x00000040   Code   RO         4444    i.HAL_InitTick      stm32f4xx_hal.o
    0x08000eac   0x08000eac   0x00000030   Code   RO          711    i.HAL_MspInit       stm32f4xx_hal_msp.o
    0x08000edc   0x08000edc   0x0000001a   Code   RO         4293    i.HAL_NVIC_EnableIRQ  stm32f4xx_hal_cortex.o
    0x08000ef6   0x08000ef6   0x00000002   PAD
    0x08000ef8   0x08000ef8   0x00000040   Code   RO         4299    i.HAL_NVIC_SetPriority  stm32f4xx_hal_cortex.o
    0x08000f38   0x08000f38   0x00000024   Code   RO         4300    i.HAL_NVIC_SetPriorityGrouping  stm32f4xx_hal_cortex.o
    0x08000f5c   0x08000f5c   0x00000130   Code   RO         3550    i.HAL_RCC_ClockConfig  stm32f4xx_hal_rcc.o
    0x0800108c   0x0800108c   0x00000020   Code   RO         3557    i.HAL_RCC_GetPCLK1Freq  stm32f4xx_hal_rcc.o
    0x080010ac   0x080010ac   0x00000020   Code   RO         3558    i.HAL_RCC_GetPCLK2Freq  stm32f4xx_hal_rcc.o
    0x080010cc   0x080010cc   0x00000060   Code   RO         3559    i.HAL_RCC_GetSysClockFreq  stm32f4xx_hal_rcc.o
    0x0800112c   0x0800112c   0x0000031c   Code   RO         3562    i.HAL_RCC_OscConfig  stm32f4xx_hal_rcc.o
    0x08001448   0x08001448   0x00000078   Code   RO         1741    i.HAL_SD_ConfigWideBusOperation  stm32f4xx_hal_sd.o
    0x080014c0   0x080014c0   0x000001da   Code   RO         1746    i.HAL_SD_GetCardCSD  stm32f4xx_hal_sd.o
    0x0800169a   0x0800169a   0x00000036   Code   RO         1753    i.HAL_SD_Init       stm32f4xx_hal_sd.o
    0x080016d0   0x080016d0   0x00000054   Code   RO         1754    i.HAL_SD_InitCard   stm32f4xx_hal_sd.o
    0x08001724   0x08001724   0x00000094   Code   RO          384    i.HAL_SD_MspInit    sdio.o
    0x080017b8   0x080017b8   0x00000002   Code   RO         1980    i.HAL_SPI_ErrorCallback  stm32f4xx_hal_spi.o
    0x080017ba   0x080017ba   0x00000006   Code   RO         1982    i.HAL_SPI_GetState  stm32f4xx_hal_spi.o
    0x080017c0   0x080017c0   0x000000fc   Code   RO         1983    i.HAL_SPI_IRQHandler  stm32f4xx_hal_spi.o
    0x080018bc   0x080018bc   0x00000080   Code   RO         1984    i.HAL_SPI_Init      stm32f4xx_hal_spi.o
    0x0800193c   0x0800193c   0x0000015c   Code   RO          426    i.HAL_SPI_MspInit   spi.o
    0x08001a98   0x08001a98   0x0000015c   Code   RO         1992    i.HAL_SPI_Transmit  stm32f4xx_hal_spi.o
    0x08001bf4   0x08001bf4   0x00000028   Code   RO         4304    i.HAL_SYSTICK_Config  stm32f4xx_hal_cortex.o
    0x08001c1c   0x08001c1c   0x00000042   Code   RO         2990    i.HAL_TIMEx_MasterConfigSynchronization  stm32f4xx_hal_tim_ex.o
    0x08001c5e   0x08001c5e   0x00000036   Code   RO         2297    i.HAL_TIM_Base_Init  stm32f4xx_hal_tim.o
    0x08001c94   0x08001c94   0x00000028   Code   RO          480    i.HAL_TIM_Base_MspInit  tim.o
    0x08001cbc   0x08001cbc   0x000000d6   Code   RO         2306    i.HAL_TIM_ConfigClockSource  stm32f4xx_hal_tim.o
    0x08001d92   0x08001d92   0x00000002   PAD
    0x08001d94   0x08001d94   0x00000080   Code   RO          481    i.HAL_TIM_MspPostInit  tim.o
    0x08001e14   0x08001e14   0x000000d0   Code   RO         2364    i.HAL_TIM_PWM_ConfigChannel  stm32f4xx_hal_tim.o
    0x08001ee4   0x08001ee4   0x00000036   Code   RO         2367    i.HAL_TIM_PWM_Init  stm32f4xx_hal_tim.o
    0x08001f1a   0x08001f1a   0x00000002   PAD
    0x08001f1c   0x08001f1c   0x00000024   Code   RO          483    i.HAL_TIM_PWM_MspInit  tim.o
    0x08001f40   0x08001f40   0x00000002   Code   RO         3244    i.HAL_UART_ErrorCallback  stm32f4xx_hal_uart.o
    0x08001f42   0x08001f42   0x00000002   PAD
    0x08001f44   0x08001f44   0x00000110   Code   RO         3247    i.HAL_UART_IRQHandler  stm32f4xx_hal_uart.o
    0x08002054   0x08002054   0x00000062   Code   RO         3248    i.HAL_UART_Init     stm32f4xx_hal_uart.o
    0x080020b6   0x080020b6   0x00000002   PAD
    0x080020b8   0x080020b8   0x000000c4   Code   RO          546    i.HAL_UART_MspInit  usart.o
    0x0800217c   0x0800217c   0x000000b8   Code   RO         3251    i.HAL_UART_Receive  stm32f4xx_hal_uart.o
    0x08002234   0x08002234   0x00000002   Code   RO         3254    i.HAL_UART_RxCpltCallback  stm32f4xx_hal_uart.o
    0x08002236   0x08002236   0x000000ba   Code   RO         3256    i.HAL_UART_Transmit  stm32f4xx_hal_uart.o
    0x080022f0   0x080022f0   0x00000002   Code   RO         3259    i.HAL_UART_TxCpltCallback  stm32f4xx_hal_uart.o
    0x080022f2   0x080022f2   0x00000008   Code   RO          600    i.HardFault_Handler  stm32f4xx_it.o
    0x080022fa   0x080022fa   0x00000002   PAD
    0x080022fc   0x080022fc   0x00000064   Code   RO          289    i.MX_ADC1_Init      adc.o
    0x08002360   0x08002360   0x00000064   Code   RO          290    i.MX_ADC3_Init      adc.o
    0x080023c4   0x080023c4   0x0000003c   Code   RO          735    i.MX_DMA_Init       dma.o
    0x08002400   0x08002400   0x000001a0   Code   RO          239    i.MX_GPIO_Init      gpio.o
    0x080025a0   0x080025a0   0x00000040   Code   RO          337    i.MX_I2C1_Init      i2c.o
    0x080025e0   0x080025e0   0x00000040   Code   RO          338    i.MX_I2C2_Init      i2c.o
    0x08002620   0x08002620   0x00000040   Code   RO          385    i.MX_SDIO_SD_Init   sdio.o
    0x08002660   0x08002660   0x00000044   Code   RO          427    i.MX_SPI1_Init      spi.o
    0x080026a4   0x080026a4   0x00000044   Code   RO          428    i.MX_SPI2_Init      spi.o
    0x080026e8   0x080026e8   0x00000044   Code   RO          429    i.MX_SPI3_Init      spi.o
    0x0800272c   0x0800272c   0x00000068   Code   RO          484    i.MX_TIM2_Init      tim.o
    0x08002794   0x08002794   0x00000094   Code   RO          485    i.MX_TIM3_Init      tim.o
    0x08002828   0x08002828   0x00000038   Code   RO          547    i.MX_USART1_UART_Init  usart.o
    0x08002860   0x08002860   0x00000038   Code   RO          548    i.MX_USART6_UART_Init  usart.o
    0x08002898   0x08002898   0x00000002   Code   RO          601    i.MemManage_Handler  stm32f4xx_it.o
    0x0800289a   0x0800289a   0x00000002   Code   RO          602    i.NMI_Handler       stm32f4xx_it.o
    0x0800289c   0x0800289c   0x00000018   Code   RO         5034    i.PIR_init          pir.o
    0x080028b4   0x080028b4   0x00000018   Code   RO         5035    i.PIR_interrupt_handle  pir.o
    0x080028cc   0x080028cc   0x00000002   Code   RO          603    i.PendSV_Handler    stm32f4xx_it.o
    0x080028ce   0x080028ce   0x00000024   Code   RO         1474    i.SDIO_ConfigData   stm32f4xx_ll_sdmmc.o
    0x080028f2   0x080028f2   0x00000008   Code   RO         1478    i.SDIO_GetPowerState  stm32f4xx_ll_sdmmc.o
    0x080028fa   0x080028fa   0x0000000c   Code   RO         1479    i.SDIO_GetResponse  stm32f4xx_ll_sdmmc.o
    0x08002906   0x08002906   0x00000024   Code   RO         1480    i.SDIO_Init         stm32f4xx_ll_sdmmc.o
    0x0800292a   0x0800292a   0x00000008   Code   RO         1482    i.SDIO_PowerState_ON  stm32f4xx_ll_sdmmc.o
    0x08002932   0x08002932   0x00000006   Code   RO         1483    i.SDIO_ReadFIFO     stm32f4xx_ll_sdmmc.o
    0x08002938   0x08002938   0x00000020   Code   RO         1484    i.SDIO_SendCommand  stm32f4xx_ll_sdmmc.o
    0x08002958   0x08002958   0x00000032   Code   RO         1487    i.SDMMC_CmdAppCommand  stm32f4xx_ll_sdmmc.o
    0x0800298a   0x0800298a   0x00000002   PAD
    0x0800298c   0x0800298c   0x00000034   Code   RO         1488    i.SDMMC_CmdAppOperCommand  stm32f4xx_ll_sdmmc.o
    0x080029c0   0x080029c0   0x00000032   Code   RO         1489    i.SDMMC_CmdBlockLength  stm32f4xx_ll_sdmmc.o
    0x080029f2   0x080029f2   0x00000032   Code   RO         1490    i.SDMMC_CmdBusWidth  stm32f4xx_ll_sdmmc.o
    0x08002a24   0x08002a24   0x00000050   Code   RO         1494    i.SDMMC_CmdGoIdleState  stm32f4xx_ll_sdmmc.o
    0x08002a74   0x08002a74   0x00000068   Code   RO         1496    i.SDMMC_CmdOperCond  stm32f4xx_ll_sdmmc.o
    0x08002adc   0x08002adc   0x00000032   Code   RO         1501    i.SDMMC_CmdSelDesel  stm32f4xx_ll_sdmmc.o
    0x08002b0e   0x08002b0e   0x0000002c   Code   RO         1502    i.SDMMC_CmdSendCID  stm32f4xx_ll_sdmmc.o
    0x08002b3a   0x08002b3a   0x0000002c   Code   RO         1503    i.SDMMC_CmdSendCSD  stm32f4xx_ll_sdmmc.o
    0x08002b66   0x08002b66   0x00000030   Code   RO         1504    i.SDMMC_CmdSendSCR  stm32f4xx_ll_sdmmc.o
    0x08002b96   0x08002b96   0x00000030   Code   RO         1506    i.SDMMC_CmdSetRelAdd  stm32f4xx_ll_sdmmc.o
    0x08002bc6   0x08002bc6   0x00000002   PAD
    0x08002bc8   0x08002bc8   0x0000011c   Code   RO         1512    i.SDMMC_GetCmdResp1  stm32f4xx_ll_sdmmc.o
    0x08002ce4   0x08002ce4   0x00000050   Code   RO         1513    i.SDMMC_GetCmdResp2  stm32f4xx_ll_sdmmc.o
    0x08002d34   0x08002d34   0x00000040   Code   RO         1514    i.SDMMC_GetCmdResp3  stm32f4xx_ll_sdmmc.o
    0x08002d74   0x08002d74   0x00000084   Code   RO         1515    i.SDMMC_GetCmdResp6  stm32f4xx_ll_sdmmc.o
    0x08002df8   0x08002df8   0x000000d4   Code   RO         1770    i.SD_FindSCR        stm32f4xx_hal_sd.o
    0x08002ecc   0x08002ecc   0x000000e6   Code   RO         1771    i.SD_InitCard       stm32f4xx_hal_sd.o
    0x08002fb2   0x08002fb2   0x000000a2   Code   RO         1772    i.SD_PowerON        stm32f4xx_hal_sd.o
    0x08003054   0x08003054   0x0000004e   Code   RO         1774    i.SD_WideBus_Disable  stm32f4xx_hal_sd.o
    0x080030a2   0x080030a2   0x0000004e   Code   RO         1775    i.SD_WideBus_Enable  stm32f4xx_hal_sd.o
    0x080030f0   0x080030f0   0x0000000c   Code   RO          604    i.SPI1_IRQHandler   stm32f4xx_it.o
    0x080030fc   0x080030fc   0x00000010   Code   RO         2011    i.SPI_DMAAbortOnError  stm32f4xx_hal_spi.o
    0x0800310c   0x0800310c   0x00000058   Code   RO         2022    i.SPI_EndRxTxTransaction  stm32f4xx_hal_spi.o
    0x08003164   0x08003164   0x00000094   Code   RO         2027    i.SPI_WaitFlagStateUntilTimeout  stm32f4xx_hal_spi.o
    0x080031f8   0x080031f8   0x00000002   Code   RO          605    i.SVC_Handler       stm32f4xx_it.o
    0x080031fa   0x080031fa   0x00000004   Code   RO          606    i.SysTick_Handler   stm32f4xx_it.o
    0x080031fe   0x080031fe   0x00000002   PAD
    0x08003200   0x08003200   0x00000084   Code   RO           14    i.SystemClock_Config  main.o
    0x08003284   0x08003284   0x00000054   Code   RO         4679    i.SystemInit        system_stm32f4xx.o
    0x080032d8   0x080032d8   0x000000c8   Code   RO         2385    i.TIM_Base_SetConfig  stm32f4xx_hal_tim.o
    0x080033a0   0x080033a0   0x00000014   Code   RO         2396    i.TIM_ETR_SetConfig  stm32f4xx_hal_tim.o
    0x080033b4   0x080033b4   0x00000010   Code   RO         2397    i.TIM_ITRx_SetConfig  stm32f4xx_hal_tim.o
    0x080033c4   0x080033c4   0x00000060   Code   RO         2398    i.TIM_OC1_SetConfig  stm32f4xx_hal_tim.o
    0x08003424   0x08003424   0x0000006c   Code   RO         2399    i.TIM_OC2_SetConfig  stm32f4xx_hal_tim.o
    0x08003490   0x08003490   0x00000068   Code   RO         2400    i.TIM_OC3_SetConfig  stm32f4xx_hal_tim.o
    0x080034f8   0x080034f8   0x00000050   Code   RO         2401    i.TIM_OC4_SetConfig  stm32f4xx_hal_tim.o
    0x08003548   0x08003548   0x00000022   Code   RO         2403    i.TIM_TI1_ConfigInputStage  stm32f4xx_hal_tim.o
    0x0800356a   0x0800356a   0x00000024   Code   RO         2405    i.TIM_TI2_ConfigInputStage  stm32f4xx_hal_tim.o
    0x0800358e   0x0800358e   0x00000010   Code   RO         3261    i.UART_DMAAbortOnError  stm32f4xx_hal_uart.o
    0x0800359e   0x0800359e   0x0000001c   Code   RO         3271    i.UART_EndRxTransfer  stm32f4xx_hal_uart.o
    0x080035ba   0x080035ba   0x00000096   Code   RO         3273    i.UART_Receive_IT   stm32f4xx_hal_uart.o
    0x08003650   0x08003650   0x000002ac   Code   RO         3274    i.UART_SetConfig    stm32f4xx_hal_uart.o
    0x080038fc   0x080038fc   0x00000062   Code   RO         3275    i.UART_Transmit_IT  stm32f4xx_hal_uart.o
    0x0800395e   0x0800395e   0x00000064   Code   RO         3276    i.UART_WaitOnFlagUntilTimeout  stm32f4xx_hal_uart.o
    0x080039c2   0x080039c2   0x00000002   PAD
    0x080039c4   0x080039c4   0x0000000c   Code   RO          607    i.USART1_IRQHandler  stm32f4xx_it.o
    0x080039d0   0x080039d0   0x00000002   Code   RO          608    i.UsageFault_Handler  stm32f4xx_it.o
    0x080039d2   0x080039d2   0x00000020   Code   RO         4306    i.__NVIC_SetPriority  stm32f4xx_hal_cortex.o
    0x080039f2   0x080039f2   0x0000000e   Code   RO         5368    i.__scatterload_copy  mc_w.l(handlers.o)
    0x08003a00   0x08003a00   0x00000002   Code   RO         5369    i.__scatterload_null  mc_w.l(handlers.o)
    0x08003a02   0x08003a02   0x0000000e   Code   RO         5370    i.__scatterload_zeroinit  mc_w.l(handlers.o)
    0x08003a10   0x08003a10   0x00000090   Code   RO         4766    i.button_update     button.o
    0x08003aa0   0x08003aa0   0x00000080   Code   RO         4834    i.esp_recieve_handle  esp8266.o
    0x08003b20   0x08003b20   0x0000000c   Code   RO         4835    i.getTime           esp8266.o
    0x08003b2c   0x08003b2c   0x00000024   Code   RO         4770    i.is_button_pressed  button.o
    0x08003b50   0x08003b50   0x0000004a   Code   RO         5070    i.itos              tft.o
    0x08003b9a   0x08003b9a   0x00000002   PAD
    0x08003b9c   0x08003b9c   0x00000010   Code   RO         4716    i.led_blink         led.o
    0x08003bac   0x08003bac   0x00000014   Code   RO         4717    i.led_off           led.o
    0x08003bc0   0x08003bc0   0x00000014   Code   RO         4718    i.led_on            led.o
    0x08003bd4   0x08003bd4   0x00000014   Code   RO         4719    i.led_toggle        led.o
    0x08003be8   0x08003be8   0x0000004c   Code   RO         4720    i.led_update        led.o
    0x08003c34   0x08003c34   0x00000118   Code   RO           15    i.main              main.o
    0x08003d4c   0x08003d4c   0x000000f8   Code   RO         5071    i.print             tft.o
    0x08003e44   0x08003e44   0x00000094   Code   RO         5072    i.printi            tft.o
    0x08003ed8   0x08003ed8   0x00000074   Code   RO         5073    i.prints            tft.o
    0x08003f4c   0x08003f4c   0x00000048   Code   RO         4836    i.requestTime       esp8266.o
    0x08003f94   0x08003f94   0x00000014   Code   RO         4771    i.set_button_onClickListener  button.o
    0x08003fa8   0x08003fa8   0x0000008c   Code   RO         5074    i.tft_char_is_changed  tft.o
    0x08004034   0x08004034   0x00000020   Code   RO         5075    i.tft_clear         tft.o
    0x08004054   0x08004054   0x0000006c   Code   RO         5076    i.tft_clear_line    tft.o
    0x080040c0   0x080040c0   0x00000078   Code   RO         5077    i.tft_config        tft.o
    0x08004138   0x08004138   0x0000004c   Code   RO         5078    i.tft_fill_color    tft.o
    0x08004184   0x08004184   0x00000080   Code   RO         5080    i.tft_init          tft.o
    0x08004204   0x08004204   0x0000010c   Code   RO         5258    i.tft_printc        tft.o
    0x08004310   0x08004310   0x00000022   Code   RO         5082    i.tft_printi        tft.o
    0x08004332   0x08004332   0x00000034   Code   RO         5084    i.tft_prints        tft.o
    0x08004366   0x08004366   0x00000002   PAD
    0x08004368   0x08004368   0x0000003c   Code   RO         5089    i.tft_reset         tft.o
    0x080043a4   0x080043a4   0x00000022   Code   RO         5092    i.tft_set_region    tft.o
    0x080043c6   0x080043c6   0x00000002   PAD
    0x080043c8   0x080043c8   0x00000174   Code   RO         5095    i.tft_update        tft.o
    0x0800453c   0x0800453c   0x00000028   Code   RO         5096    i.tft_write_2hword  tft.o
    0x08004564   0x08004564   0x00000030   Code   RO         5097    i.tft_write_command  tft.o
    0x08004594   0x08004594   0x0000002c   Code   RO         5098    i.tft_write_data    tft.o
    0x080045c0   0x080045c0   0x00000016   Code   RO         5099    i.tft_write_many    tft.o
    0x080045d6   0x080045d6   0x00000002   PAD
    0x080045d8   0x080045d8   0x00000030   Code   RO         4983    i.touch_interrupt_handler  xpt2046.o
    0x08004608   0x08004608   0x00000002   Code   RO         4891    i.ws2812_i2c_init   ws2812.o
    0x0800460a   0x0800460a   0x00000002   PAD
    0x0800460c   0x0800460c   0x00000010   Code   RO         4893    i.ws2812_panel_count_inc  ws2812.o
    0x0800461c   0x0800461c   0x00000002   Code   RO         4986    i.xpt_readRawValue  xpt2046.o
    0x0800461e   0x0800461e   0x00000008   Data   RO         4023    .constdata          stm32f4xx_hal_dma.o
    0x08004626   0x08004626   0x00000010   Data   RO         4680    .constdata          system_stm32f4xx.o
    0x08004636   0x08004636   0x00000008   Data   RO         4681    .constdata          system_stm32f4xx.o
    0x0800463e   0x0800463e   0x0000004b   Data   RO         5102    .constdata          tft.o
    0x08004689   0x08004689   0x00000003   PAD
    0x0800468c   0x0800468c   0x00000020   Data   RO         5366    Region$$Table       anon$$obj.o


    Execution Region RW_IRAM1 (Exec base: 0x20000000, Load base: 0x080046ac, Size: 0x000086c8, Max: 0x00020000, ABSOLUTE, COMPRESSED[0x000004a4])

    Exec Addr    Load Addr    Size         Type   Attr      Idx    E Section Name        Object

    0x20000000   COMPRESSED   0x00000004   Data   RW           16    .data               main.o
    0x20000004   COMPRESSED   0x0000000c   Data   RW         4450    .data               stm32f4xx_hal.o
    0x20000010   COMPRESSED   0x00000004   Data   RW         4682    .data               system_stm32f4xx.o
    0x20000014   COMPRESSED   0x00000034   Data   RW         4721    .data               led.o
    0x20000048   COMPRESSED   0x00000070   Data   RW         4774    .data               button.o
    0x200000b8   COMPRESSED   0x0000000c   Data   RW         4838    .data               esp8266.o
    0x200000c4   COMPRESSED   0x0000001c   Data   RW         4899    .data               ws2812.o
    0x200000e0   COMPRESSED   0x00000001   Data   RW         5036    .data               pir.o
    0x200000e1   COMPRESSED   0x00000001   PAD
    0x200000e2   COMPRESSED   0x00000e10   Data   RW         5103    .data               tft.o
    0x20000ef2   COMPRESSED   0x00000002   PAD
    0x20000ef4        -       0x00000090   Zero   RW          291    .bss                adc.o
    0x20000f84        -       0x000000a8   Zero   RW          339    .bss                i2c.o
    0x2000102c        -       0x00000084   Zero   RW          386    .bss                sdio.o
    0x200010b0        -       0x000001c8   Zero   RW          430    .bss                spi.o
    0x20001278        -       0x00000080   Zero   RW          486    .bss                tim.o
    0x200012f8        -       0x00000080   Zero   RW          549    .bss                usart.o
    0x20001378        -       0x0000000a   Zero   RW         4837    .bss                esp8266.o
    0x20001382        -       0x00006f40   Zero   RW         5101    .bss                tft.o
    0x200082c2   COMPRESSED   0x00000006   PAD
    0x200082c8        -       0x00000400   Zero   RW            1    STACK               startup_stm32f407xx.o


==============================================================================

Image component sizes


      Code (inc. data)   RO Data    RW Data    ZI Data      Debug   Object Name

       344         46          0          0        144       2578   adc.o
       200         14          0        112          0       2581   button.o
        60          4          0          0          0        854   dma.o
       212         34          0         12         10       3032   esp8266.o
       416         28          0          0          0       1223   gpio.o
       288         46          0          0        168       2522   i2c.o
       152         26          0         52          0       3381   led.o
       414         62          0          4          0     747448   main.o
        48         16          0          1          0       1592   pir.o
       212         26          0          0        132       1885   sdio.o
       552         56          0          0        456       3437   spi.o
        36          8        392          0       1024        880   startup_stm32f407xx.o
       180         28          0         12          0       4889   stm32f4xx_hal.o
       712         28          0          0          0       3063   stm32f4xx_hal_adc.o
       198         14          0          0          0      34223   stm32f4xx_hal_cortex.o
       788         16          8          0          0       5007   stm32f4xx_hal_dma.o
       468         44          0          0          0       4533   stm32f4xx_hal_gpio.o
       372         16          0          0          0       3027   stm32f4xx_hal_i2c.o
        48          6          0          0          0        922   stm32f4xx_hal_msp.o
      1260         76          0          0          0       5424   stm32f4xx_hal_rcc.o
      1492          4          0          0          0       8796   stm32f4xx_hal_sd.o
       988         14          0          0          0       7666   stm32f4xx_hal_spi.o
      1224         80          0          0          0      11470   stm32f4xx_hal_tim.o
        66          0          0          0          0       1416   stm32f4xx_hal_tim_ex.o
      1822         14          0          0          0      11282   stm32f4xx_hal_uart.o
       190         36          0          0          0       8333   stm32f4xx_it.o
      1318         36          0          0          0      18616   stm32f4xx_ll_sdmmc.o
        84         18         24          4          0       1291   system_stm32f4xx.o
      2164        140         75       3600      28480      20949   tft.o
       456         46          0          0        128       3907   tim.o
       308         36          0          0        128       2599   usart.o
        18          6          0         28          0       2069   ws2812.o
        50          6          0          0          0       1193   xpt2046.o

    ----------------------------------------------------------------------
     17180       1030        534       3828      30676     932088   Object Totals
         0          0         32          0          0          0   (incl. Generated)
        40          0          3          3          6          0   (incl. Padding)

    ----------------------------------------------------------------------

      Code (inc. data)   RO Data    RW Data    ZI Data      Debug   Library Member Name

        94          0          0          0          0          0   __dclz77c.o
         0          0          0          0          0          0   entry.o
         0          0          0          0          0          0   entry10a.o
         0          0          0          0          0          0   entry11a.o
         8          4          0          0          0          0   entry2.o
         4          0          0          0          0          0   entry5.o
         0          0          0          0          0          0   entry7b.o
         0          0          0          0          0          0   entry8b.o
         8          4          0          0          0          0   entry9a.o
        30          0          0          0          0          0   handlers.o
        36          8          0          0          0         68   init.o
        30          0          0          0          0         68   llshl.o
        32          0          0          0          0         68   llushr.o
        36          0          0          0          0        108   memseta.o
        98          0          0          0          0         92   uldiv.o

    ----------------------------------------------------------------------
       378         16          0          0          0        404   Library Totals
         2          0          0          0          0          0   (incl. Padding)

    ----------------------------------------------------------------------

      Code (inc. data)   RO Data    RW Data    ZI Data      Debug   Library Name

       376         16          0          0          0        404   mc_w.l

    ----------------------------------------------------------------------
       378         16          0          0          0        404   Library Totals

    ----------------------------------------------------------------------

==============================================================================


      Code (inc. data)   RO Data    RW Data    ZI Data      Debug   

     17558       1046        534       3828      30676     915972   Grand Totals
     17558       1046        534       1188      30676     915972   ELF Image Totals (compressed)
     17558       1046        534       1188          0          0   ROM Totals

==============================================================================

    Total RO  Size (Code + RO Data)                18092 (  17.67kB)
    Total RW  Size (RW Data + ZI Data)             34504 (  33.70kB)
    Total ROM Size (Code + RO Data + RW Data)      19280 (  18.83kB)

==============================================================================

